Java HotSpot(TM) 64-Bit Server VM (25.151-b12) for linux-amd64 JRE (1.8.0_151-b12), built on Sep  5 2017 19:20:58 by "java_re" with gcc 4.3.0 20080428 (Red Hat 4.3.0-8)
Memory: 4k page, physical 3859684k(318232k free), swap 4003836k(2767996k free)
CommandLine flags: -XX:CMSInitiatingOccupancyFraction=50 -XX:CMSMaxAbortablePrecleanTime=6000 -XX:+CMSParallelRemarkEnabled -XX:+CMSScavengeBeforeRemark -XX:ConcGCThreads=4 -XX:InitialHeapSize=536870912 -XX:MaxHeapSize=536870912 -XX:MaxTenuringThreshold=8 -XX:NewRatio=3 -XX:OldPLABSize=16 -XX:ParallelGCThreads=4 -XX:+ParallelRefProcEnabled -XX:PretenureSizeThreshold=67108864 -XX:+PrintGC -XX:+PrintGCApplicationStoppedTime -XX:+PrintGCDateStamps -XX:+PrintGCDetails -XX:+PrintGCTimeStamps -XX:+PrintHeapAtGC -XX:+PrintTenuringDistribution -XX:SurvivorRatio=4 -XX:TargetSurvivorRatio=90 -XX:ThreadStackSize=256 -XX:+UseCMSInitiatingOccupancyOnly -XX:+UseCompressedClassPointers -XX:+UseCompressedOops -XX:+UseConcMarkSweepGC -XX:+UseParNewGC 
2017-10-30T11:28:26.170+0530: 0.449: Total time for which application threads were stopped: 0.0001292 seconds, Stopping threads took: 0.0000278 seconds
2017-10-30T11:28:26.288+0530: 0.567: Total time for which application threads were stopped: 0.0001859 seconds, Stopping threads took: 0.0000209 seconds
2017-10-30T11:28:26.361+0530: 0.640: Total time for which application threads were stopped: 0.0001428 seconds, Stopping threads took: 0.0000177 seconds
2017-10-30T11:28:26.393+0530: 0.672: Total time for which application threads were stopped: 0.0001676 seconds, Stopping threads took: 0.0000224 seconds
2017-10-30T11:28:26.405+0530: 0.684: Total time for which application threads were stopped: 0.0001551 seconds, Stopping threads took: 0.0000221 seconds
2017-10-30T11:28:26.415+0530: 0.694: Total time for which application threads were stopped: 0.0001896 seconds, Stopping threads took: 0.0000205 seconds
{Heap before GC invocations=0 (full 0):
 par new generation   total 109248K, used 87424K [0x00000000e0000000, 0x00000000e8000000, 0x00000000e8000000)
  eden space 87424K, 100% used [0x00000000e0000000, 0x00000000e5560000, 0x00000000e5560000)
  from space 21824K,   0% used [0x00000000e5560000, 0x00000000e5560000, 0x00000000e6ab0000)
  to   space 21824K,   0% used [0x00000000e6ab0000, 0x00000000e6ab0000, 0x00000000e8000000)
 concurrent mark-sweep generation total 393216K, used 0K [0x00000000e8000000, 0x0000000100000000, 0x0000000100000000)
 Metaspace       used 10118K, capacity 10268K, committed 10496K, reserved 1058816K
  class space    used 1161K, capacity 1208K, committed 1280K, reserved 1048576K
2017-10-30T11:28:26.931+0530: 1.210: [GC (Allocation Failure) 2017-10-30T11:28:26.931+0530: 1.210: [ParNew
Desired survivor size 20112992 bytes, new threshold 8 (max 8)
- age   1:    5822640 bytes,    5822640 total
: 87424K->5757K(109248K), 0.0103155 secs] 87424K->5757K(502464K), 0.0105359 secs] [Times: user=0.02 sys=0.00, real=0.01 secs] 
Heap after GC invocations=1 (full 0):
 par new generation   total 109248K, used 5757K [0x00000000e0000000, 0x00000000e8000000, 0x00000000e8000000)
  eden space 87424K,   0% used [0x00000000e0000000, 0x00000000e0000000, 0x00000000e5560000)
  from space 21824K,  26% used [0x00000000e6ab0000, 0x00000000e704f6e0, 0x00000000e8000000)
  to   space 21824K,   0% used [0x00000000e5560000, 0x00000000e5560000, 0x00000000e6ab0000)
 concurrent mark-sweep generation total 393216K, used 0K [0x00000000e8000000, 0x0000000100000000, 0x0000000100000000)
 Metaspace       used 10118K, capacity 10268K, committed 10496K, reserved 1058816K
  class space    used 1161K, capacity 1208K, committed 1280K, reserved 1048576K
}
2017-10-30T11:28:26.941+0530: 1.220: Total time for which application threads were stopped: 0.0107333 seconds, Stopping threads took: 0.0000270 seconds
2017-10-30T11:28:27.003+0530: 1.282: Total time for which application threads were stopped: 0.0001922 seconds, Stopping threads took: 0.0000208 seconds
2017-10-30T11:28:27.452+0530: 1.731: Total time for which application threads were stopped: 0.0002133 seconds, Stopping threads took: 0.0000188 seconds
2017-10-30T11:28:27.453+0530: 1.732: Total time for which application threads were stopped: 0.0001602 seconds, Stopping threads took: 0.0000125 seconds
2017-10-30T11:28:27.456+0530: 1.735: Total time for which application threads were stopped: 0.0001767 seconds, Stopping threads took: 0.0000158 seconds
2017-10-30T11:28:27.541+0530: 1.820: Total time for which application threads were stopped: 0.0001871 seconds, Stopping threads took: 0.0000162 seconds
2017-10-30T11:28:28.542+0530: 2.821: Total time for which application threads were stopped: 0.0001883 seconds, Stopping threads took: 0.0000433 seconds
2017-10-30T11:28:29.807+0530: 4.087: Total time for which application threads were stopped: 0.0005041 seconds, Stopping threads took: 0.0000381 seconds
2017-10-30T11:28:36.533+0530: 10.812: Total time for which application threads were stopped: 0.0000596 seconds, Stopping threads took: 0.0000163 seconds
2017-10-30T11:28:36.535+0530: 10.814: Total time for which application threads were stopped: 0.0000741 seconds, Stopping threads took: 0.0000219 seconds
2017-10-30T11:28:36.549+0530: 10.828: Total time for which application threads were stopped: 0.0002323 seconds, Stopping threads took: 0.0000152 seconds
2017-10-30T11:28:36.563+0530: 10.842: Total time for which application threads were stopped: 0.0001629 seconds, Stopping threads took: 0.0000889 seconds
2017-10-30T11:28:36.574+0530: 10.853: Total time for which application threads were stopped: 0.0002181 seconds, Stopping threads took: 0.0000194 seconds
2017-10-30T11:28:36.599+0530: 10.878: Total time for which application threads were stopped: 0.0000937 seconds, Stopping threads took: 0.0000221 seconds
2017-10-30T11:28:36.600+0530: 10.879: Total time for which application threads were stopped: 0.0002089 seconds, Stopping threads took: 0.0000172 seconds
2017-10-30T11:28:36.601+0530: 10.880: Total time for which application threads were stopped: 0.0001448 seconds, Stopping threads took: 0.0000864 seconds
2017-10-30T11:28:36.601+0530: 10.880: Total time for which application threads were stopped: 0.0000281 seconds, Stopping threads took: 0.0000054 seconds
2017-10-30T11:28:36.601+0530: 10.880: Total time for which application threads were stopped: 0.0000304 seconds, Stopping threads took: 0.0000076 seconds
2017-10-30T11:28:36.601+0530: 10.880: Total time for which application threads were stopped: 0.0000405 seconds, Stopping threads took: 0.0000093 seconds
2017-10-30T11:28:36.601+0530: 10.880: Total time for which application threads were stopped: 0.0000283 seconds, Stopping threads took: 0.0000082 seconds
2017-10-30T11:28:36.625+0530: 10.904: Total time for which application threads were stopped: 0.0001752 seconds, Stopping threads took: 0.0000978 seconds
2017-10-30T11:28:36.625+0530: 10.904: Total time for which application threads were stopped: 0.0000428 seconds, Stopping threads took: 0.0000089 seconds
2017-10-30T11:28:36.625+0530: 10.904: Total time for which application threads were stopped: 0.0001262 seconds, Stopping threads took: 0.0000707 seconds
2017-10-30T11:28:36.625+0530: 10.904: Total time for which application threads were stopped: 0.0000365 seconds, Stopping threads took: 0.0000159 seconds
2017-10-30T11:28:36.625+0530: 10.904: Total time for which application threads were stopped: 0.0000334 seconds, Stopping threads took: 0.0000143 seconds
2017-10-30T11:28:36.653+0530: 10.932: Total time for which application threads were stopped: 0.0000882 seconds, Stopping threads took: 0.0000267 seconds
2017-10-30T11:28:36.653+0530: 10.932: Total time for which application threads were stopped: 0.0000624 seconds, Stopping threads took: 0.0000138 seconds
2017-10-30T11:28:56.666+0530: 30.945: Total time for which application threads were stopped: 0.0001283 seconds, Stopping threads took: 0.0000436 seconds
2017-10-30T11:28:57.666+0530: 31.946: Total time for which application threads were stopped: 0.0001403 seconds, Stopping threads took: 0.0000630 seconds
2017-10-30T11:29:06.667+0530: 40.946: Total time for which application threads were stopped: 0.0000965 seconds, Stopping threads took: 0.0000414 seconds
2017-10-30T11:29:36.626+0530: 70.905: Total time for which application threads were stopped: 0.0002650 seconds, Stopping threads took: 0.0000684 seconds
2017-10-30T11:42:46.962+0530: 861.241: Total time for which application threads were stopped: 0.0114803 seconds, Stopping threads took: 0.0111974 seconds
2017-10-30T11:42:46.962+0530: 861.241: Total time for which application threads were stopped: 0.0000800 seconds, Stopping threads took: 0.0000193 seconds
{Heap before GC invocations=1 (full 0):
 par new generation   total 109248K, used 93181K [0x00000000e0000000, 0x00000000e8000000, 0x00000000e8000000)
  eden space 87424K, 100% used [0x00000000e0000000, 0x00000000e5560000, 0x00000000e5560000)
  from space 21824K,  26% used [0x00000000e6ab0000, 0x00000000e704f6e0, 0x00000000e8000000)
  to   space 21824K,   0% used [0x00000000e5560000, 0x00000000e5560000, 0x00000000e6ab0000)
 concurrent mark-sweep generation total 393216K, used 0K [0x00000000e8000000, 0x0000000100000000, 0x0000000100000000)
 Metaspace       used 20571K, capacity 20902K, committed 21120K, reserved 1067008K
  class space    used 2472K, capacity 2595K, committed 2688K, reserved 1048576K
2017-10-30T11:42:46.979+0530: 861.258: [GC (Allocation Failure) 2017-10-30T11:42:46.993+0530: 861.272: [ParNew
Desired survivor size 20112992 bytes, new threshold 8 (max 8)
- age   1:    8681752 bytes,    8681752 total
- age   2:    2532408 bytes,   11214160 total
: 93181K->13440K(109248K), 0.0594919 secs] 93181K->13440K(502464K), 0.0731861 secs] [Times: user=0.08 sys=0.01, real=0.07 secs] 
Heap after GC invocations=2 (full 0):
 par new generation   total 109248K, used 13440K [0x00000000e0000000, 0x00000000e8000000, 0x00000000e8000000)
  eden space 87424K,   0% used [0x00000000e0000000, 0x00000000e0000000, 0x00000000e5560000)
  from space 21824K,  61% used [0x00000000e5560000, 0x00000000e6280230, 0x00000000e6ab0000)
  to   space 21824K,   0% used [0x00000000e6ab0000, 0x00000000e6ab0000, 0x00000000e8000000)
 concurrent mark-sweep generation total 393216K, used 0K [0x00000000e8000000, 0x0000000100000000, 0x0000000100000000)
 Metaspace       used 20571K, capacity 20902K, committed 21120K, reserved 1067008K
  class space    used 2472K, capacity 2595K, committed 2688K, reserved 1048576K
}
2017-10-30T11:42:47.053+0530: 861.332: Total time for which application threads were stopped: 0.0786084 seconds, Stopping threads took: 0.0000252 seconds
2017-10-30T11:42:47.055+0530: 861.334: Total time for which application threads were stopped: 0.0001984 seconds, Stopping threads took: 0.0000729 seconds
2017-10-30T11:42:47.057+0530: 861.336: Total time for which application threads were stopped: 0.0001490 seconds, Stopping threads took: 0.0000517 seconds
2017-10-30T11:42:47.057+0530: 861.336: Total time for which application threads were stopped: 0.0000713 seconds, Stopping threads took: 0.0000273 seconds
2017-10-30T11:42:47.057+0530: 861.336: Total time for which application threads were stopped: 0.0000482 seconds, Stopping threads took: 0.0000157 seconds
2017-10-30T11:42:47.526+0530: 861.805: Total time for which application threads were stopped: 0.0002153 seconds, Stopping threads took: 0.0000325 seconds
2017-10-30T11:42:47.529+0530: 861.808: Total time for which application threads were stopped: 0.0001133 seconds, Stopping threads took: 0.0000302 seconds
2017-10-30T11:42:47.530+0530: 861.809: Total time for which application threads were stopped: 0.0005545 seconds, Stopping threads took: 0.0000996 seconds
2017-10-30T11:42:47.535+0530: 861.814: Total time for which application threads were stopped: 0.0001259 seconds, Stopping threads took: 0.0000365 seconds
2017-10-30T11:42:47.630+0530: 861.909: Total time for which application threads were stopped: 0.0001355 seconds, Stopping threads took: 0.0000259 seconds
2017-10-30T11:42:47.833+0530: 862.112: Total time for which application threads were stopped: 0.0001444 seconds, Stopping threads took: 0.0000397 seconds
2017-10-30T11:42:47.841+0530: 862.120: Total time for which application threads were stopped: 0.0004753 seconds, Stopping threads took: 0.0000328 seconds
2017-10-30T11:42:48.088+0530: 862.367: Total time for which application threads were stopped: 0.0015218 seconds, Stopping threads took: 0.0013411 seconds
2017-10-30T11:42:48.314+0530: 862.594: Total time for which application threads were stopped: 0.0001741 seconds, Stopping threads took: 0.0000613 seconds
2017-10-30T11:42:48.316+0530: 862.595: Total time for which application threads were stopped: 0.0017484 seconds, Stopping threads took: 0.0016084 seconds
2017-10-30T11:42:48.715+0530: 862.994: Total time for which application threads were stopped: 0.0001912 seconds, Stopping threads took: 0.0000765 seconds
2017-10-30T11:42:48.826+0530: 863.105: Total time for which application threads were stopped: 0.0036773 seconds, Stopping threads took: 0.0029715 seconds
2017-10-30T11:42:48.875+0530: 863.154: Total time for which application threads were stopped: 0.0062745 seconds, Stopping threads took: 0.0060931 seconds
2017-10-30T11:42:48.880+0530: 863.159: Total time for which application threads were stopped: 0.0003358 seconds, Stopping threads took: 0.0002136 seconds
2017-10-30T11:42:48.882+0530: 863.161: Total time for which application threads were stopped: 0.0001577 seconds, Stopping threads took: 0.0000603 seconds
2017-10-30T11:42:48.886+0530: 863.165: Total time for which application threads were stopped: 0.0001572 seconds, Stopping threads took: 0.0000527 seconds
2017-10-30T11:42:48.886+0530: 863.165: Total time for which application threads were stopped: 0.0001482 seconds, Stopping threads took: 0.0000459 seconds
2017-10-30T11:42:48.887+0530: 863.166: Total time for which application threads were stopped: 0.0001529 seconds, Stopping threads took: 0.0000382 seconds
2017-10-30T11:42:48.887+0530: 863.166: Total time for which application threads were stopped: 0.0000889 seconds, Stopping threads took: 0.0000244 seconds
2017-10-30T11:42:48.887+0530: 863.166: Total time for which application threads were stopped: 0.0001247 seconds, Stopping threads took: 0.0000372 seconds
2017-10-30T11:42:48.888+0530: 863.167: Total time for which application threads were stopped: 0.0001054 seconds, Stopping threads took: 0.0000250 seconds
2017-10-30T11:42:48.888+0530: 863.167: Total time for which application threads were stopped: 0.0000880 seconds, Stopping threads took: 0.0000242 seconds
2017-10-30T11:42:48.889+0530: 863.168: Total time for which application threads were stopped: 0.0011135 seconds, Stopping threads took: 0.0009878 seconds
2017-10-30T11:42:48.890+0530: 863.169: Total time for which application threads were stopped: 0.0005527 seconds, Stopping threads took: 0.0004600 seconds
2017-10-30T11:42:48.891+0530: 863.170: Total time for which application threads were stopped: 0.0005707 seconds, Stopping threads took: 0.0004708 seconds
2017-10-30T11:42:48.891+0530: 863.170: Total time for which application threads were stopped: 0.0000891 seconds, Stopping threads took: 0.0000286 seconds
2017-10-30T11:42:48.891+0530: 863.170: Total time for which application threads were stopped: 0.0000625 seconds, Stopping threads took: 0.0000142 seconds
2017-10-30T11:42:48.892+0530: 863.171: Total time for which application threads were stopped: 0.0000883 seconds, Stopping threads took: 0.0000280 seconds
2017-10-30T11:42:48.893+0530: 863.172: Total time for which application threads were stopped: 0.0009130 seconds, Stopping threads took: 0.0008098 seconds
2017-10-30T11:42:48.893+0530: 863.172: Total time for which application threads were stopped: 0.0000600 seconds, Stopping threads took: 0.0000147 seconds
2017-10-30T11:42:48.893+0530: 863.173: Total time for which application threads were stopped: 0.0000400 seconds, Stopping threads took: 0.0000066 seconds
2017-10-30T11:42:48.894+0530: 863.173: Total time for which application threads were stopped: 0.0000651 seconds, Stopping threads took: 0.0000059 seconds
2017-10-30T11:42:48.894+0530: 863.173: Total time for which application threads were stopped: 0.0000968 seconds, Stopping threads took: 0.0000278 seconds
2017-10-30T11:42:48.909+0530: 863.188: Total time for which application threads were stopped: 0.0002647 seconds, Stopping threads took: 0.0000519 seconds
2017-10-30T11:42:48.911+0530: 863.190: Total time for which application threads were stopped: 0.0001237 seconds, Stopping threads took: 0.0000388 seconds
2017-10-30T11:42:48.945+0530: 863.224: Total time for which application threads were stopped: 0.0004312 seconds, Stopping threads took: 0.0000416 seconds
2017-10-30T11:42:49.024+0530: 863.303: Total time for which application threads were stopped: 0.0004051 seconds, Stopping threads took: 0.0000342 seconds
2017-10-30T11:42:49.066+0530: 863.345: [GC (CMS Initial Mark) [1 CMS-initial-mark: 0K(393216K)] 97859K(502464K), 0.0160795 secs] [Times: user=0.05 sys=0.00, real=0.01 secs] 
2017-10-30T11:42:49.082+0530: 863.361: Total time for which application threads were stopped: 0.0201227 seconds, Stopping threads took: 0.0039109 seconds
2017-10-30T11:42:49.082+0530: 863.361: [CMS-concurrent-mark-start]
2017-10-30T11:42:49.087+0530: 863.366: [CMS-concurrent-mark: 0.005/0.005 secs] [Times: user=0.02 sys=0.00, real=0.01 secs] 
2017-10-30T11:42:49.087+0530: 863.366: [CMS-concurrent-preclean-start]
2017-10-30T11:42:49.088+0530: 863.368: [CMS-concurrent-preclean: 0.001/0.001 secs] [Times: user=0.00 sys=0.00, real=0.00 secs] 
2017-10-30T11:42:49.089+0530: 863.368: [CMS-concurrent-abortable-preclean-start]
2017-10-30T11:42:49.096+0530: 863.375: Total time for which application threads were stopped: 0.0001331 seconds, Stopping threads took: 0.0000256 seconds
2017-10-30T11:42:49.116+0530: 863.395: Total time for which application threads were stopped: 0.0001102 seconds, Stopping threads took: 0.0000275 seconds
{Heap before GC invocations=2 (full 1):
 par new generation   total 109248K, used 100864K [0x00000000e0000000, 0x00000000e8000000, 0x00000000e8000000)
  eden space 87424K, 100% used [0x00000000e0000000, 0x00000000e5560000, 0x00000000e5560000)
  from space 21824K,  61% used [0x00000000e5560000, 0x00000000e6280230, 0x00000000e6ab0000)
  to   space 21824K,   0% used [0x00000000e6ab0000, 0x00000000e6ab0000, 0x00000000e8000000)
 concurrent mark-sweep generation total 393216K, used 0K [0x00000000e8000000, 0x0000000100000000, 0x0000000100000000)
 Metaspace       used 21852K, capacity 22246K, committed 22548K, reserved 1069056K
  class space    used 2571K, capacity 2723K, committed 2764K, reserved 1048576K
2017-10-30T11:42:49.167+0530: 863.446: [GC (Allocation Failure) 2017-10-30T11:42:49.167+0530: 863.446: [ParNew
Desired survivor size 20112992 bytes, new threshold 8 (max 8)
- age   1:    3728024 bytes,    3728024 total
- age   2:    2752544 bytes,    6480568 total
- age   3:    2226672 bytes,    8707240 total
: 100864K->13760K(109248K), 0.0209507 secs] 100864K->13760K(502464K), 0.0210365 secs] [Times: user=0.05 sys=0.01, real=0.02 secs] 
Heap after GC invocations=3 (full 1):
 par new generation   total 109248K, used 13760K [0x00000000e0000000, 0x00000000e8000000, 0x00000000e8000000)
  eden space 87424K,   0% used [0x00000000e0000000, 0x00000000e0000000, 0x00000000e5560000)
  from space 21824K,  63% used [0x00000000e6ab0000, 0x00000000e7820160, 0x00000000e8000000)
  to   space 21824K,   0% used [0x00000000e5560000, 0x00000000e5560000, 0x00000000e6ab0000)
 concurrent mark-sweep generation total 393216K, used 0K [0x00000000e8000000, 0x0000000100000000, 0x0000000100000000)
 Metaspace       used 21852K, capacity 22246K, committed 22548K, reserved 1069056K
  class space    used 2571K, capacity 2723K, committed 2764K, reserved 1048576K
}
2017-10-30T11:42:49.188+0530: 863.467: Total time for which application threads were stopped: 0.0215529 seconds, Stopping threads took: 0.0002897 seconds
2017-10-30T11:42:49.189+0530: 863.468: Total time for which application threads were stopped: 0.0001525 seconds, Stopping threads took: 0.0000292 seconds
2017-10-30T11:42:49.192+0530: 863.472: Total time for which application threads were stopped: 0.0001627 seconds, Stopping threads took: 0.0000421 seconds
2017-10-30T11:42:49.301+0530: 863.581: Total time for which application threads were stopped: 0.0002003 seconds, Stopping threads took: 0.0000682 seconds
2017-10-30T11:42:49.310+0530: 863.590: Total time for which application threads were stopped: 0.0001297 seconds, Stopping threads took: 0.0000520 seconds
2017-10-30T11:42:49.318+0530: 863.597: Total time for which application threads were stopped: 0.0042727 seconds, Stopping threads took: 0.0041597 seconds
2017-10-30T11:42:49.318+0530: 863.597: Total time for which application threads were stopped: 0.0000972 seconds, Stopping threads took: 0.0000400 seconds
2017-10-30T11:42:49.327+0530: 863.607: Total time for which application threads were stopped: 0.0001217 seconds, Stopping threads took: 0.0000266 seconds
2017-10-30T11:42:49.329+0530: 863.608: Total time for which application threads were stopped: 0.0001268 seconds, Stopping threads took: 0.0000368 seconds
2017-10-30T11:42:49.366+0530: 863.645: Total time for which application threads were stopped: 0.0001362 seconds, Stopping threads took: 0.0000343 seconds
2017-10-30T11:42:49.372+0530: 863.651: Total time for which application threads were stopped: 0.0002119 seconds, Stopping threads took: 0.0000799 seconds
2017-10-30T11:42:49.406+0530: 863.685: Total time for which application threads were stopped: 0.0063359 seconds, Stopping threads took: 0.0062138 seconds
2017-10-30T11:42:49.410+0530: 863.689: Total time for which application threads were stopped: 0.0039651 seconds, Stopping threads took: 0.0038470 seconds
2017-10-30T11:42:49.411+0530: 863.690: Total time for which application threads were stopped: 0.0001580 seconds, Stopping threads took: 0.0000701 seconds
2017-10-30T11:42:49.411+0530: 863.690: [CMS-concurrent-abortable-preclean: 0.180/0.323 secs] [Times: user=0.82 sys=0.03, real=0.32 secs] 
2017-10-30T11:42:49.412+0530: 863.691: [GC (CMS Final Remark) [YG occupancy: 68053 K (109248 K)]{Heap before GC invocations=3 (full 1):
 par new generation   total 109248K, used 68053K [0x00000000e0000000, 0x00000000e8000000, 0x00000000e8000000)
  eden space 87424K,  62% used [0x00000000e0000000, 0x00000000e35053e0, 0x00000000e5560000)
  from space 21824K,  63% used [0x00000000e6ab0000, 0x00000000e7820160, 0x00000000e8000000)
  to   space 21824K,   0% used [0x00000000e5560000, 0x00000000e5560000, 0x00000000e6ab0000)
 concurrent mark-sweep generation total 393216K, used 0K [0x00000000e8000000, 0x0000000100000000, 0x0000000100000000)
 Metaspace       used 22391K, capacity 22776K, committed 22956K, reserved 1069056K
  class space    used 2648K, capacity 2792K, committed 2840K, reserved 1048576K
2017-10-30T11:42:49.412+0530: 863.691: [GC (CMS Final Remark) 2017-10-30T11:42:49.412+0530: 863.691: [ParNew
Desired survivor size 20112992 bytes, new threshold 8 (max 8)
- age   1:    1852136 bytes,    1852136 total
- age   2:    2489520 bytes,    4341656 total
- age   3:    2749936 bytes,    7091592 total
- age   4:    2226672 bytes,    9318264 total
: 68053K->11047K(109248K), 0.0261440 secs] 68053K->11047K(502464K), 0.0261963 secs] [Times: user=0.08 sys=0.00, real=0.03 secs] 
Heap after GC invocations=4 (full 1):
 par new generation   total 109248K, used 11047K [0x00000000e0000000, 0x00000000e8000000, 0x00000000e8000000)
  eden space 87424K,   0% used [0x00000000e0000000, 0x00000000e0000000, 0x00000000e5560000)
  from space 21824K,  50% used [0x00000000e5560000, 0x00000000e6029fe0, 0x00000000e6ab0000)
  to   space 21824K,   0% used [0x00000000e6ab0000, 0x00000000e6ab0000, 0x00000000e8000000)
 concurrent mark-sweep generation total 393216K, used 0K [0x00000000e8000000, 0x0000000100000000, 0x0000000100000000)
 Metaspace       used 22391K, capacity 22776K, committed 22956K, reserved 1069056K
  class space    used 2648K, capacity 2792K, committed 2840K, reserved 1048576K
}
2017-10-30T11:42:49.438+0530: 863.718: [Rescan (parallel) , 0.0056148 secs]2017-10-30T11:42:49.444+0530: 863.723: [weak refs processing, 0.0133430 secs]2017-10-30T11:42:49.457+0530: 863.737: [class unloading, 0.0035540 secs]2017-10-30T11:42:49.461+0530: 863.740: [scrub symbol table, 0.0036176 secs]2017-10-30T11:42:49.465+0530: 863.744: [scrub string table, 0.0003165 secs][1 CMS-remark: 0K(393216K)] 11047K(502464K), 0.0534946 secs] [Times: user=0.13 sys=0.00, real=0.06 secs] 
2017-10-30T11:42:49.466+0530: 863.745: Total time for which application threads were stopped: 0.0536602 seconds, Stopping threads took: 0.0000309 seconds
2017-10-30T11:42:49.466+0530: 863.745: [CMS-concurrent-sweep-start]
2017-10-30T11:42:49.491+0530: 863.770: Total time for which application threads were stopped: 0.0001174 seconds, Stopping threads took: 0.0000228 seconds
2017-10-30T11:42:49.491+0530: 863.770: [CMS-concurrent-sweep: 0.025/0.025 secs] [Times: user=0.03 sys=0.00, real=0.02 secs] 
2017-10-30T11:42:49.491+0530: 863.770: Total time for which application threads were stopped: 0.0000673 seconds, Stopping threads took: 0.0000122 seconds
2017-10-30T11:42:49.491+0530: 863.770: [CMS-concurrent-reset-start]
2017-10-30T11:42:49.493+0530: 863.772: [CMS-concurrent-reset: 0.002/0.002 secs] [Times: user=0.00 sys=0.00, real=0.00 secs] 
2017-10-30T11:42:49.504+0530: 863.783: Total time for which application threads were stopped: 0.0001877 seconds, Stopping threads took: 0.0000901 seconds
2017-10-30T11:42:49.519+0530: 863.798: Total time for which application threads were stopped: 0.0001941 seconds, Stopping threads took: 0.0000711 seconds
2017-10-30T11:42:49.540+0530: 863.819: Total time for which application threads were stopped: 0.0001410 seconds, Stopping threads took: 0.0000355 seconds
2017-10-30T11:42:49.550+0530: 863.829: Total time for which application threads were stopped: 0.0002049 seconds, Stopping threads took: 0.0000600 seconds
2017-10-30T11:42:49.608+0530: 863.887: Total time for which application threads were stopped: 0.0001751 seconds, Stopping threads took: 0.0000722 seconds
2017-10-30T11:42:49.635+0530: 863.914: Total time for which application threads were stopped: 0.0001545 seconds, Stopping threads took: 0.0000507 seconds
2017-10-30T11:42:49.641+0530: 863.920: Total time for which application threads were stopped: 0.0000794 seconds, Stopping threads took: 0.0000190 seconds
2017-10-30T11:42:49.641+0530: 863.920: Total time for which application threads were stopped: 0.0000561 seconds, Stopping threads took: 0.0000219 seconds
2017-10-30T11:42:49.695+0530: 863.974: Total time for which application threads were stopped: 0.0001903 seconds, Stopping threads took: 0.0000606 seconds
2017-10-30T11:42:49.734+0530: 864.013: Total time for which application threads were stopped: 0.0002869 seconds, Stopping threads took: 0.0000424 seconds
2017-10-30T11:42:49.752+0530: 864.031: Total time for which application threads were stopped: 0.0001417 seconds, Stopping threads took: 0.0000286 seconds
2017-10-30T11:42:49.772+0530: 864.052: Total time for which application threads were stopped: 0.0001366 seconds, Stopping threads took: 0.0000493 seconds
2017-10-30T11:42:49.775+0530: 864.054: Total time for which application threads were stopped: 0.0004331 seconds, Stopping threads took: 0.0000315 seconds
2017-10-30T11:42:49.863+0530: 864.143: Total time for which application threads were stopped: 0.0001601 seconds, Stopping threads took: 0.0000220 seconds
2017-10-30T11:42:49.866+0530: 864.145: Total time for which application threads were stopped: 0.0001364 seconds, Stopping threads took: 0.0000461 seconds
{Heap before GC invocations=4 (full 1):
 par new generation   total 109248K, used 98471K [0x00000000e0000000, 0x00000000e8000000, 0x00000000e8000000)
  eden space 87424K, 100% used [0x00000000e0000000, 0x00000000e5560000, 0x00000000e5560000)
  from space 21824K,  50% used [0x00000000e5560000, 0x00000000e6029fe0, 0x00000000e6ab0000)
  to   space 21824K,   0% used [0x00000000e6ab0000, 0x00000000e6ab0000, 0x00000000e8000000)
 concurrent mark-sweep generation total 393216K, used 0K [0x00000000e8000000, 0x0000000100000000, 0x0000000100000000)
 Metaspace       used 23746K, capacity 24122K, committed 24472K, reserved 1071104K
  class space    used 2808K, capacity 2933K, committed 2968K, reserved 1048576K
2017-10-30T11:42:49.959+0530: 864.238: [GC (Allocation Failure) 2017-10-30T11:42:49.959+0530: 864.238: [ParNew
Desired survivor size 20112992 bytes, new threshold 8 (max 8)
- age   1:    2189136 bytes,    2189136 total
- age   2:     115176 bytes,    2304312 total
- age   3:    1893024 bytes,    4197336 total
- age   4:    2745336 bytes,    6942672 total
- age   5:    2225936 bytes,    9168608 total
: 98471K->11894K(109248K), 0.0174439 secs] 98471K->11894K(502464K), 0.0175218 secs] [Times: user=0.06 sys=0.00, real=0.01 secs] 
Heap after GC invocations=5 (full 1):
 par new generation   total 109248K, used 11894K [0x00000000e0000000, 0x00000000e8000000, 0x00000000e8000000)
  eden space 87424K,   0% used [0x00000000e0000000, 0x00000000e0000000, 0x00000000e5560000)
  from space 21824K,  54% used [0x00000000e6ab0000, 0x00000000e764da50, 0x00000000e8000000)
  to   space 21824K,   0% used [0x00000000e5560000, 0x00000000e5560000, 0x00000000e6ab0000)
 concurrent mark-sweep generation total 393216K, used 0K [0x00000000e8000000, 0x0000000100000000, 0x0000000100000000)
 Metaspace       used 23746K, capacity 24122K, committed 24472K, reserved 1071104K
  class space    used 2808K, capacity 2933K, committed 2968K, reserved 1048576K
}
2017-10-30T11:42:49.977+0530: 864.256: Total time for which application threads were stopped: 0.0177761 seconds, Stopping threads took: 0.0000581 seconds
2017-10-30T11:42:49.998+0530: 864.277: Total time for which application threads were stopped: 0.0004054 seconds, Stopping threads took: 0.0000450 seconds
2017-10-30T11:42:50.024+0530: 864.303: Total time for which application threads were stopped: 0.0001303 seconds, Stopping threads took: 0.0000613 seconds
2017-10-30T11:42:50.032+0530: 864.311: Total time for which application threads were stopped: 0.0001527 seconds, Stopping threads took: 0.0000371 seconds
2017-10-30T11:42:50.045+0530: 864.324: Total time for which application threads were stopped: 0.0003829 seconds, Stopping threads took: 0.0000187 seconds
2017-10-30T11:42:50.047+0530: 864.326: Total time for which application threads were stopped: 0.0001373 seconds, Stopping threads took: 0.0000664 seconds
2017-10-30T11:42:50.047+0530: 864.326: Total time for which application threads were stopped: 0.0001135 seconds, Stopping threads took: 0.0000338 seconds
2017-10-30T11:42:50.048+0530: 864.327: Total time for which application threads were stopped: 0.0001486 seconds, Stopping threads took: 0.0000663 seconds
2017-10-30T11:42:50.049+0530: 864.328: Total time for which application threads were stopped: 0.0001301 seconds, Stopping threads took: 0.0000261 seconds
2017-10-30T11:42:50.052+0530: 864.331: Total time for which application threads were stopped: 0.0001178 seconds, Stopping threads took: 0.0000268 seconds
2017-10-30T11:42:50.054+0530: 864.333: Total time for which application threads were stopped: 0.0001668 seconds, Stopping threads took: 0.0000742 seconds
2017-10-30T11:42:50.055+0530: 864.334: Total time for which application threads were stopped: 0.0008027 seconds, Stopping threads took: 0.0007183 seconds
2017-10-30T11:42:50.055+0530: 864.334: Total time for which application threads were stopped: 0.0000690 seconds, Stopping threads took: 0.0000156 seconds
2017-10-30T11:42:50.056+0530: 864.335: Total time for which application threads were stopped: 0.0001019 seconds, Stopping threads took: 0.0000340 seconds
2017-10-30T11:42:50.066+0530: 864.345: Total time for which application threads were stopped: 0.0041894 seconds, Stopping threads took: 0.0038379 seconds
2017-10-30T11:42:50.174+0530: 864.453: Total time for which application threads were stopped: 0.0024870 seconds, Stopping threads took: 0.0023747 seconds
2017-10-30T11:42:50.206+0530: 864.485: Total time for which application threads were stopped: 0.0002234 seconds, Stopping threads took: 0.0000524 seconds
2017-10-30T11:42:50.212+0530: 864.492: Total time for which application threads were stopped: 0.0001423 seconds, Stopping threads took: 0.0000432 seconds
2017-10-30T11:42:50.628+0530: 864.907: Total time for which application threads were stopped: 0.0001472 seconds, Stopping threads took: 0.0000372 seconds
2017-10-30T11:42:50.635+0530: 864.914: Total time for which application threads were stopped: 0.0001507 seconds, Stopping threads took: 0.0000665 seconds
2017-10-30T11:42:50.636+0530: 864.915: Total time for which application threads were stopped: 0.0001880 seconds, Stopping threads took: 0.0000775 seconds
2017-10-30T11:42:50.636+0530: 864.915: Total time for which application threads were stopped: 0.0001393 seconds, Stopping threads took: 0.0000542 seconds
2017-10-30T11:42:50.637+0530: 864.916: Total time for which application threads were stopped: 0.0013633 seconds, Stopping threads took: 0.0012243 seconds
2017-10-30T11:42:50.639+0530: 864.918: Total time for which application threads were stopped: 0.0002305 seconds, Stopping threads took: 0.0001186 seconds
2017-10-30T11:42:50.640+0530: 864.919: Total time for which application threads were stopped: 0.0001116 seconds, Stopping threads took: 0.0000280 seconds
2017-10-30T11:42:50.640+0530: 864.919: Total time for which application threads were stopped: 0.0000600 seconds, Stopping threads took: 0.0000109 seconds
2017-10-30T11:42:50.641+0530: 864.920: Total time for which application threads were stopped: 0.0001093 seconds, Stopping threads took: 0.0000288 seconds
2017-10-30T11:42:50.641+0530: 864.920: Total time for which application threads were stopped: 0.0000581 seconds, Stopping threads took: 0.0000099 seconds
2017-10-30T11:42:50.642+0530: 864.921: Total time for which application threads were stopped: 0.0000870 seconds, Stopping threads took: 0.0000164 seconds
2017-10-30T11:42:50.642+0530: 864.921: Total time for which application threads were stopped: 0.0001082 seconds, Stopping threads took: 0.0000495 seconds
2017-10-30T11:42:50.646+0530: 864.925: Total time for which application threads were stopped: 0.0001282 seconds, Stopping threads took: 0.0000378 seconds
2017-10-30T11:42:50.653+0530: 864.932: Total time for which application threads were stopped: 0.0002226 seconds, Stopping threads took: 0.0001088 seconds
2017-10-30T11:42:50.653+0530: 864.932: Total time for which application threads were stopped: 0.0000785 seconds, Stopping threads took: 0.0000178 seconds
2017-10-30T11:42:50.657+0530: 864.936: Total time for which application threads were stopped: 0.0002568 seconds, Stopping threads took: 0.0000748 seconds
2017-10-30T11:42:50.802+0530: 865.081: Total time for which application threads were stopped: 0.0002401 seconds, Stopping threads took: 0.0000332 seconds
2017-10-30T11:42:50.814+0530: 865.093: Total time for which application threads were stopped: 0.0003525 seconds, Stopping threads took: 0.0002270 seconds
2017-10-30T11:42:50.825+0530: 865.105: Total time for which application threads were stopped: 0.0001976 seconds, Stopping threads took: 0.0000477 seconds
2017-10-30T11:42:50.827+0530: 865.106: Total time for which application threads were stopped: 0.0001690 seconds, Stopping threads took: 0.0000540 seconds
2017-10-30T11:42:50.871+0530: 865.150: Total time for which application threads were stopped: 0.0006061 seconds, Stopping threads took: 0.0004759 seconds
2017-10-30T11:42:50.879+0530: 865.158: Total time for which application threads were stopped: 0.0001909 seconds, Stopping threads took: 0.0000457 seconds
2017-10-30T11:42:50.895+0530: 865.174: Total time for which application threads were stopped: 0.0050103 seconds, Stopping threads took: 0.0048512 seconds
2017-10-30T11:42:50.895+0530: 865.175: Total time for which application threads were stopped: 0.0006205 seconds, Stopping threads took: 0.0004863 seconds
2017-10-30T11:42:50.899+0530: 865.179: Total time for which application threads were stopped: 0.0001608 seconds, Stopping threads took: 0.0000320 seconds
2017-10-30T11:42:50.904+0530: 865.183: Total time for which application threads were stopped: 0.0001884 seconds, Stopping threads took: 0.0000549 seconds
2017-10-30T11:42:50.927+0530: 865.206: Total time for which application threads were stopped: 0.0002196 seconds, Stopping threads took: 0.0001082 seconds
2017-10-30T11:42:50.943+0530: 865.222: Total time for which application threads were stopped: 0.0001675 seconds, Stopping threads took: 0.0000448 seconds
2017-10-30T11:42:50.951+0530: 865.230: Total time for which application threads were stopped: 0.0005052 seconds, Stopping threads took: 0.0000415 seconds
2017-10-30T11:42:50.963+0530: 865.242: Total time for which application threads were stopped: 0.0001817 seconds, Stopping threads took: 0.0000753 seconds
2017-10-30T11:42:50.969+0530: 865.248: Total time for which application threads were stopped: 0.0003844 seconds, Stopping threads took: 0.0002419 seconds
2017-10-30T11:42:51.044+0530: 865.323: Total time for which application threads were stopped: 0.0083758 seconds, Stopping threads took: 0.0073370 seconds
2017-10-30T11:42:51.054+0530: 865.333: Total time for which application threads were stopped: 0.0001624 seconds, Stopping threads took: 0.0000596 seconds
2017-10-30T11:42:51.063+0530: 865.342: Total time for which application threads were stopped: 0.0002160 seconds, Stopping threads took: 0.0000470 seconds
2017-10-30T11:42:51.064+0530: 865.343: Total time for which application threads were stopped: 0.0001417 seconds, Stopping threads took: 0.0000314 seconds
2017-10-30T11:42:51.067+0530: 865.346: Total time for which application threads were stopped: 0.0001830 seconds, Stopping threads took: 0.0000512 seconds
2017-10-30T11:42:51.083+0530: 865.362: Total time for which application threads were stopped: 0.0001596 seconds, Stopping threads took: 0.0000475 seconds
2017-10-30T11:42:51.147+0530: 865.426: Total time for which application threads were stopped: 0.0061380 seconds, Stopping threads took: 0.0058928 seconds
2017-10-30T11:42:51.153+0530: 865.432: Total time for which application threads were stopped: 0.0019930 seconds, Stopping threads took: 0.0018789 seconds
2017-10-30T11:42:51.154+0530: 865.433: Total time for which application threads were stopped: 0.0004999 seconds, Stopping threads took: 0.0000432 seconds
2017-10-30T11:42:51.186+0530: 865.465: Total time for which application threads were stopped: 0.0001853 seconds, Stopping threads took: 0.0000417 seconds
2017-10-30T11:42:51.228+0530: 865.507: Total time for which application threads were stopped: 0.0001382 seconds, Stopping threads took: 0.0000381 seconds
2017-10-30T11:42:51.230+0530: 865.509: Total time for which application threads were stopped: 0.0001313 seconds, Stopping threads took: 0.0000336 seconds
2017-10-30T11:42:51.230+0530: 865.509: Total time for which application threads were stopped: 0.0001208 seconds, Stopping threads took: 0.0000295 seconds
2017-10-30T11:42:51.239+0530: 865.518: Total time for which application threads were stopped: 0.0001343 seconds, Stopping threads took: 0.0000547 seconds
2017-10-30T11:42:51.251+0530: 865.530: Total time for which application threads were stopped: 0.0004112 seconds, Stopping threads took: 0.0000379 seconds
2017-10-30T11:42:51.251+0530: 865.530: Total time for which application threads were stopped: 0.0000784 seconds, Stopping threads took: 0.0000246 seconds
2017-10-30T11:42:51.302+0530: 865.581: Total time for which application threads were stopped: 0.0029355 seconds, Stopping threads took: 0.0027589 seconds
2017-10-30T11:42:51.437+0530: 865.716: Total time for which application threads were stopped: 0.0001659 seconds, Stopping threads took: 0.0000647 seconds
2017-10-30T11:42:51.437+0530: 865.716: Total time for which application threads were stopped: 0.0001271 seconds, Stopping threads took: 0.0000423 seconds
2017-10-30T11:42:51.437+0530: 865.717: Total time for which application threads were stopped: 0.0000879 seconds, Stopping threads took: 0.0000262 seconds
2017-10-30T11:42:51.438+0530: 865.717: Total time for which application threads were stopped: 0.0001045 seconds, Stopping threads took: 0.0000350 seconds
2017-10-30T11:42:51.481+0530: 865.760: Total time for which application threads were stopped: 0.0001199 seconds, Stopping threads took: 0.0000335 seconds
2017-10-30T11:42:51.482+0530: 865.761: Total time for which application threads were stopped: 0.0000859 seconds, Stopping threads took: 0.0000216 seconds
2017-10-30T11:42:51.482+0530: 865.761: Total time for which application threads were stopped: 0.0000724 seconds, Stopping threads took: 0.0000124 seconds
2017-10-30T11:42:51.482+0530: 865.761: Total time for which application threads were stopped: 0.0000499 seconds, Stopping threads took: 0.0000114 seconds
2017-10-30T11:42:51.485+0530: 865.765: Total time for which application threads were stopped: 0.0001300 seconds, Stopping threads took: 0.0000396 seconds
2017-10-30T11:42:51.540+0530: 865.819: Total time for which application threads were stopped: 0.0002494 seconds, Stopping threads took: 0.0000483 seconds
2017-10-30T11:42:51.544+0530: 865.823: Total time for which application threads were stopped: 0.0006176 seconds, Stopping threads took: 0.0001554 seconds
2017-10-30T11:42:51.545+0530: 865.824: Total time for which application threads were stopped: 0.0002506 seconds, Stopping threads took: 0.0001033 seconds
2017-10-30T11:42:51.553+0530: 865.832: Total time for which application threads were stopped: 0.0001217 seconds, Stopping threads took: 0.0000353 seconds
2017-10-30T11:42:51.553+0530: 865.832: Total time for which application threads were stopped: 0.0001641 seconds, Stopping threads took: 0.0000196 seconds
2017-10-30T11:42:51.553+0530: 865.832: Total time for which application threads were stopped: 0.0000760 seconds, Stopping threads took: 0.0000143 seconds
2017-10-30T11:42:51.554+0530: 865.833: Total time for which application threads were stopped: 0.0001156 seconds, Stopping threads took: 0.0000232 seconds
2017-10-30T11:42:51.558+0530: 865.837: Total time for which application threads were stopped: 0.0002148 seconds, Stopping threads took: 0.0001468 seconds
2017-10-30T11:42:51.568+0530: 865.847: Total time for which application threads were stopped: 0.0000763 seconds, Stopping threads took: 0.0000216 seconds
2017-10-30T11:42:51.588+0530: 865.867: Total time for which application threads were stopped: 0.0001965 seconds, Stopping threads took: 0.0000525 seconds
2017-10-30T11:42:52.879+0530: 867.158: Total time for which application threads were stopped: 0.0002946 seconds, Stopping threads took: 0.0000413 seconds
2017-10-30T11:42:55.946+0530: 870.225: Total time for which application threads were stopped: 0.0001472 seconds, Stopping threads took: 0.0000523 seconds
2017-10-30T11:42:55.965+0530: 870.244: Total time for which application threads were stopped: 0.0004359 seconds, Stopping threads took: 0.0000398 seconds
2017-10-30T11:42:56.809+0530: 871.088: Total time for which application threads were stopped: 0.0003501 seconds, Stopping threads took: 0.0001347 seconds
2017-10-30T11:42:56.811+0530: 871.090: Total time for which application threads were stopped: 0.0003024 seconds, Stopping threads took: 0.0001137 seconds
2017-10-30T11:42:56.819+0530: 871.098: Total time for which application threads were stopped: 0.0001648 seconds, Stopping threads took: 0.0000466 seconds
2017-10-30T11:42:56.820+0530: 871.099: Total time for which application threads were stopped: 0.0001888 seconds, Stopping threads took: 0.0000961 seconds
2017-10-30T11:42:56.820+0530: 871.099: Total time for which application threads were stopped: 0.0001000 seconds, Stopping threads took: 0.0000232 seconds
2017-10-30T11:42:56.820+0530: 871.099: Total time for which application threads were stopped: 0.0001260 seconds, Stopping threads took: 0.0000475 seconds
2017-10-30T11:42:56.820+0530: 871.099: Total time for which application threads were stopped: 0.0002576 seconds, Stopping threads took: 0.0001686 seconds
2017-10-30T11:42:56.824+0530: 871.103: Total time for which application threads were stopped: 0.0009285 seconds, Stopping threads took: 0.0008316 seconds
2017-10-30T11:42:57.128+0530: 871.407: Total time for which application threads were stopped: 0.0002380 seconds, Stopping threads took: 0.0000694 seconds
2017-10-30T11:42:57.151+0530: 871.430: Total time for which application threads were stopped: 0.0002288 seconds, Stopping threads took: 0.0000581 seconds
2017-10-30T11:42:57.194+0530: 871.473: Total time for which application threads were stopped: 0.0001454 seconds, Stopping threads took: 0.0000334 seconds
{Heap before GC invocations=5 (full 1):
 par new generation   total 109248K, used 99318K [0x00000000e0000000, 0x00000000e8000000, 0x00000000e8000000)
  eden space 87424K, 100% used [0x00000000e0000000, 0x00000000e5560000, 0x00000000e5560000)
  from space 21824K,  54% used [0x00000000e6ab0000, 0x00000000e764da50, 0x00000000e8000000)
  to   space 21824K,   0% used [0x00000000e5560000, 0x00000000e5560000, 0x00000000e6ab0000)
 concurrent mark-sweep generation total 393216K, used 0K [0x00000000e8000000, 0x0000000100000000, 0x0000000100000000)
 Metaspace       used 29953K, capacity 30360K, committed 30616K, reserved 1077248K
  class space    used 3543K, capacity 3708K, committed 3736K, reserved 1048576K
2017-10-30T11:42:57.467+0530: 871.746: [GC (Allocation Failure) 2017-10-30T11:42:57.467+0530: 871.746: [ParNew
Desired survivor size 20112992 bytes, new threshold 8 (max 8)
- age   1:   11623552 bytes,   11623552 total
- age   2:    1219232 bytes,   12842784 total
- age   3:      88528 bytes,   12931312 total
- age   4:    1823456 bytes,   14754768 total
- age   5:    2723496 bytes,   17478264 total
- age   6:    2193408 bytes,   19671672 total
: 99318K->21824K(109248K), 0.0570734 secs] 99318K->21824K(502464K), 0.0572163 secs] [Times: user=0.13 sys=0.01, real=0.05 secs] 
Heap after GC invocations=6 (full 1):
 par new generation   total 109248K, used 21824K [0x00000000e0000000, 0x00000000e8000000, 0x00000000e8000000)
  eden space 87424K,   0% used [0x00000000e0000000, 0x00000000e0000000, 0x00000000e5560000)
  from space 21824K, 100% used [0x00000000e5560000, 0x00000000e6ab0000, 0x00000000e6ab0000)
  to   space 21824K,   0% used [0x00000000e6ab0000, 0x00000000e6ab0000, 0x00000000e8000000)
 concurrent mark-sweep generation total 393216K, used 0K [0x00000000e8000000, 0x0000000100000000, 0x0000000100000000)
 Metaspace       used 29953K, capacity 30360K, committed 30616K, reserved 1077248K
  class space    used 3543K, capacity 3708K, committed 3736K, reserved 1048576K
}
2017-10-30T11:42:57.524+0530: 871.803: Total time for which application threads were stopped: 0.0577161 seconds, Stopping threads took: 0.0000931 seconds
2017-10-30T11:42:57.530+0530: 871.809: Total time for which application threads were stopped: 0.0001302 seconds, Stopping threads took: 0.0000563 seconds
2017-10-30T11:42:57.530+0530: 871.809: Total time for which application threads were stopped: 0.0000473 seconds, Stopping threads took: 0.0000112 seconds
2017-10-30T11:42:57.530+0530: 871.809: Total time for which application threads were stopped: 0.0000402 seconds, Stopping threads took: 0.0000115 seconds
2017-10-30T11:42:57.532+0530: 871.811: Total time for which application threads were stopped: 0.0001653 seconds, Stopping threads took: 0.0000627 seconds
2017-10-30T11:42:57.532+0530: 871.811: Total time for which application threads were stopped: 0.0000770 seconds, Stopping threads took: 0.0000279 seconds
2017-10-30T11:42:57.532+0530: 871.811: Total time for which application threads were stopped: 0.0000490 seconds, Stopping threads took: 0.0000199 seconds
2017-10-30T11:42:57.532+0530: 871.811: Total time for which application threads were stopped: 0.0000464 seconds, Stopping threads took: 0.0000096 seconds
2017-10-30T11:42:57.532+0530: 871.811: Total time for which application threads were stopped: 0.0000342 seconds, Stopping threads took: 0.0000099 seconds
2017-10-30T11:42:57.532+0530: 871.811: Total time for which application threads were stopped: 0.0000435 seconds, Stopping threads took: 0.0000194 seconds
2017-10-30T11:42:57.532+0530: 871.811: Total time for which application threads were stopped: 0.0000382 seconds, Stopping threads took: 0.0000142 seconds
2017-10-30T11:42:57.532+0530: 871.811: Total time for which application threads were stopped: 0.0000406 seconds, Stopping threads took: 0.0000169 seconds
2017-10-30T11:42:57.532+0530: 871.811: Total time for which application threads were stopped: 0.0000415 seconds, Stopping threads took: 0.0000179 seconds
2017-10-30T11:42:57.532+0530: 871.812: Total time for which application threads were stopped: 0.0000448 seconds, Stopping threads took: 0.0000197 seconds
2017-10-30T11:42:57.533+0530: 871.812: Total time for which application threads were stopped: 0.0000423 seconds, Stopping threads took: 0.0000185 seconds
2017-10-30T11:42:57.533+0530: 871.812: Total time for which application threads were stopped: 0.0000319 seconds, Stopping threads took: 0.0000090 seconds
2017-10-30T11:42:57.533+0530: 871.812: Total time for which application threads were stopped: 0.0000404 seconds, Stopping threads took: 0.0000171 seconds
2017-10-30T11:42:57.533+0530: 871.812: Total time for which application threads were stopped: 0.0000377 seconds, Stopping threads took: 0.0000077 seconds
2017-10-30T11:42:57.533+0530: 871.812: Total time for which application threads were stopped: 0.0000496 seconds, Stopping threads took: 0.0000170 seconds
2017-10-30T11:42:57.533+0530: 871.812: Total time for which application threads were stopped: 0.0000513 seconds, Stopping threads took: 0.0000167 seconds
2017-10-30T11:42:57.533+0530: 871.812: Total time for which application threads were stopped: 0.0000505 seconds, Stopping threads took: 0.0000157 seconds
2017-10-30T11:42:57.533+0530: 871.812: Total time for which application threads were stopped: 0.0001416 seconds, Stopping threads took: 0.0000168 seconds
2017-10-30T11:42:57.754+0530: 872.033: Total time for which application threads were stopped: 0.0002161 seconds, Stopping threads took: 0.0000542 seconds
2017-10-30T11:42:57.766+0530: 872.045: Total time for which application threads were stopped: 0.0001575 seconds, Stopping threads took: 0.0000402 seconds
{Heap before GC invocations=6 (full 1):
 par new generation   total 109248K, used 109248K [0x00000000e0000000, 0x00000000e8000000, 0x00000000e8000000)
  eden space 87424K, 100% used [0x00000000e0000000, 0x00000000e5560000, 0x00000000e5560000)
  from space 21824K, 100% used [0x00000000e5560000, 0x00000000e6ab0000, 0x00000000e6ab0000)
  to   space 21824K,   0% used [0x00000000e6ab0000, 0x00000000e6ab0000, 0x00000000e8000000)
 concurrent mark-sweep generation total 393216K, used 0K [0x00000000e8000000, 0x0000000100000000, 0x0000000100000000)
 Metaspace       used 30049K, capacity 30448K, committed 30616K, reserved 1077248K
  class space    used 3547K, capacity 3714K, committed 3736K, reserved 1048576K
2017-10-30T11:42:57.769+0530: 872.048: [GC (Allocation Failure) 2017-10-30T11:42:57.769+0530: 872.048: [ParNew
Desired survivor size 20112992 bytes, new threshold 8 (max 8)
- age   1:     919472 bytes,     919472 total
- age   2:    6277136 bytes,    7196608 total
- age   3:    1203128 bytes,    8399736 total
- age   4:      88400 bytes,    8488136 total
- age   5:    1822576 bytes,   10310712 total
- age   6:    2723384 bytes,   13034096 total
- age   7:    2193512 bytes,   15227608 total
: 109248K->21824K(109248K), 0.0741671 secs] 109248K->21827K(502464K), 0.0742354 secs] [Times: user=0.21 sys=0.02, real=0.07 secs] 
Heap after GC invocations=7 (full 1):
 par new generation   total 109248K, used 21824K [0x00000000e0000000, 0x00000000e8000000, 0x00000000e8000000)
  eden space 87424K,   0% used [0x00000000e0000000, 0x00000000e0000000, 0x00000000e5560000)
  from space 21824K, 100% used [0x00000000e6ab0000, 0x00000000e8000000, 0x00000000e8000000)
  to   space 21824K,   0% used [0x00000000e5560000, 0x00000000e5560000, 0x00000000e6ab0000)
 concurrent mark-sweep generation total 393216K, used 3K [0x00000000e8000000, 0x0000000100000000, 0x0000000100000000)
 Metaspace       used 30049K, capacity 30448K, committed 30616K, reserved 1077248K
  class space    used 3547K, capacity 3714K, committed 3736K, reserved 1048576K
}
2017-10-30T11:42:57.843+0530: 872.122: Total time for which application threads were stopped: 0.0744178 seconds, Stopping threads took: 0.0000332 seconds
2017-10-30T11:42:57.847+0530: 872.126: Total time for which application threads were stopped: 0.0001022 seconds, Stopping threads took: 0.0000278 seconds
2017-10-30T11:42:57.847+0530: 872.126: Total time for which application threads were stopped: 0.0000831 seconds, Stopping threads took: 0.0000358 seconds
2017-10-30T11:42:57.867+0530: 872.146: Total time for which application threads were stopped: 0.0002115 seconds, Stopping threads took: 0.0001119 seconds
2017-10-30T11:42:57.870+0530: 872.149: Total time for which application threads were stopped: 0.0001426 seconds, Stopping threads took: 0.0000507 seconds
2017-10-30T11:42:57.870+0530: 872.149: Total time for which application threads were stopped: 0.0000644 seconds, Stopping threads took: 0.0000186 seconds
2017-10-30T11:42:57.870+0530: 872.149: Total time for which application threads were stopped: 0.0000453 seconds, Stopping threads took: 0.0000142 seconds
2017-10-30T11:42:57.870+0530: 872.149: Total time for which application threads were stopped: 0.0000438 seconds, Stopping threads took: 0.0000131 seconds
2017-10-30T11:42:57.870+0530: 872.149: Total time for which application threads were stopped: 0.0000448 seconds, Stopping threads took: 0.0000139 seconds
2017-10-30T11:42:57.870+0530: 872.149: Total time for which application threads were stopped: 0.0000428 seconds, Stopping threads took: 0.0000132 seconds
2017-10-30T11:42:57.870+0530: 872.149: Total time for which application threads were stopped: 0.0000437 seconds, Stopping threads took: 0.0000136 seconds
2017-10-30T11:42:57.870+0530: 872.149: Total time for which application threads were stopped: 0.0000421 seconds, Stopping threads took: 0.0000129 seconds
2017-10-30T11:42:57.870+0530: 872.149: Total time for which application threads were stopped: 0.0000412 seconds, Stopping threads took: 0.0000131 seconds
2017-10-30T11:42:57.870+0530: 872.149: Total time for which application threads were stopped: 0.0000448 seconds, Stopping threads took: 0.0000134 seconds
2017-10-30T11:42:57.870+0530: 872.150: Total time for which application threads were stopped: 0.0000442 seconds, Stopping threads took: 0.0000139 seconds
2017-10-30T11:42:57.871+0530: 872.150: Total time for which application threads were stopped: 0.0000435 seconds, Stopping threads took: 0.0000141 seconds
2017-10-30T11:42:57.871+0530: 872.150: Total time for which application threads were stopped: 0.0000432 seconds, Stopping threads took: 0.0000140 seconds
2017-10-30T11:42:57.871+0530: 872.150: Total time for which application threads were stopped: 0.0000442 seconds, Stopping threads took: 0.0000142 seconds
2017-10-30T11:42:57.871+0530: 872.150: Total time for which application threads were stopped: 0.0000446 seconds, Stopping threads took: 0.0000142 seconds
2017-10-30T11:42:57.871+0530: 872.150: Total time for which application threads were stopped: 0.0000445 seconds, Stopping threads took: 0.0000141 seconds
2017-10-30T11:42:57.871+0530: 872.150: Total time for which application threads were stopped: 0.0000452 seconds, Stopping threads took: 0.0000139 seconds
2017-10-30T11:42:57.871+0530: 872.150: Total time for which application threads were stopped: 0.0000440 seconds, Stopping threads took: 0.0000141 seconds
2017-10-30T11:42:57.871+0530: 872.150: Total time for which application threads were stopped: 0.0000712 seconds, Stopping threads took: 0.0000138 seconds
2017-10-30T11:42:57.871+0530: 872.150: Total time for which application threads were stopped: 0.0001419 seconds, Stopping threads took: 0.0000144 seconds
2017-10-30T11:42:57.875+0530: 872.154: Total time for which application threads were stopped: 0.0001218 seconds, Stopping threads took: 0.0000383 seconds
2017-10-30T11:42:57.875+0530: 872.154: Total time for which application threads were stopped: 0.0000599 seconds, Stopping threads took: 0.0000157 seconds
2017-10-30T11:42:57.881+0530: 872.160: Total time for which application threads were stopped: 0.0001194 seconds, Stopping threads took: 0.0000315 seconds
2017-10-30T11:42:57.965+0530: 872.244: Total time for which application threads were stopped: 0.0002127 seconds, Stopping threads took: 0.0000364 seconds
2017-10-30T11:42:57.973+0530: 872.252: Total time for which application threads were stopped: 0.0002163 seconds, Stopping threads took: 0.0000560 seconds
2017-10-30T11:42:58.973+0530: 873.252: Total time for which application threads were stopped: 0.0002167 seconds, Stopping threads took: 0.0000597 seconds
2017-10-30T11:43:18.581+0530: 892.860: Total time for which application threads were stopped: 0.0001421 seconds, Stopping threads took: 0.0000610 seconds
2017-10-30T11:43:18.582+0530: 892.861: Total time for which application threads were stopped: 0.0000945 seconds, Stopping threads took: 0.0000254 seconds
2017-10-30T11:43:18.591+0530: 892.870: Total time for which application threads were stopped: 0.0000902 seconds, Stopping threads took: 0.0000222 seconds
2017-10-30T11:43:18.592+0530: 892.871: Total time for which application threads were stopped: 0.0000829 seconds, Stopping threads took: 0.0000251 seconds
2017-10-30T11:43:18.598+0530: 892.877: Total time for which application threads were stopped: 0.0001599 seconds, Stopping threads took: 0.0000712 seconds
2017-10-30T11:43:18.603+0530: 892.882: Total time for which application threads were stopped: 0.0001013 seconds, Stopping threads took: 0.0000304 seconds
2017-10-30T11:43:18.604+0530: 892.883: Total time for which application threads were stopped: 0.0001124 seconds, Stopping threads took: 0.0000495 seconds
2017-10-30T11:43:18.609+0530: 892.888: Total time for which application threads were stopped: 0.0001261 seconds, Stopping threads took: 0.0000613 seconds
2017-10-30T11:43:18.613+0530: 892.893: Total time for which application threads were stopped: 0.0001285 seconds, Stopping threads took: 0.0000263 seconds
2017-10-30T11:43:18.626+0530: 892.905: Total time for which application threads were stopped: 0.0000970 seconds, Stopping threads took: 0.0000266 seconds
{Heap before GC invocations=7 (full 1):
 par new generation   total 109248K, used 109248K [0x00000000e0000000, 0x00000000e8000000, 0x00000000e8000000)
  eden space 87424K, 100% used [0x00000000e0000000, 0x00000000e5560000, 0x00000000e5560000)
  from space 21824K, 100% used [0x00000000e6ab0000, 0x00000000e8000000, 0x00000000e8000000)
  to   space 21824K,   0% used [0x00000000e5560000, 0x00000000e5560000, 0x00000000e6ab0000)
 concurrent mark-sweep generation total 393216K, used 3K [0x00000000e8000000, 0x0000000100000000, 0x0000000100000000)
 Metaspace       used 30173K, capacity 30612K, committed 30872K, reserved 1077248K
  class space    used 3553K, capacity 3721K, committed 3736K, reserved 1048576K
2017-10-30T11:43:18.805+0530: 893.084: [GC (Allocation Failure) 2017-10-30T11:43:18.805+0530: 893.085: [ParNew
Desired survivor size 20112992 bytes, new threshold 8 (max 8)
- age   1:    3541168 bytes,    3541168 total
- age   2:     873648 bytes,    4414816 total
- age   3:    4638096 bytes,    9052912 total
- age   4:    1203024 bytes,   10255936 total
- age   5:      88384 bytes,   10344320 total
- age   6:    1819248 bytes,   12163568 total
- age   7:    2723272 bytes,   14886840 total
- age   8:    2193104 bytes,   17079944 total
: 109248K->21402K(109248K), 0.0325944 secs] 109251K->21406K(502464K), 0.0327300 secs] [Times: user=0.07 sys=0.00, real=0.04 secs] 
Heap after GC invocations=8 (full 1):
 par new generation   total 109248K, used 21402K [0x00000000e0000000, 0x00000000e8000000, 0x00000000e8000000)
  eden space 87424K,   0% used [0x00000000e0000000, 0x00000000e0000000, 0x00000000e5560000)
  from space 21824K,  98% used [0x00000000e5560000, 0x00000000e6a469f8, 0x00000000e6ab0000)
  to   space 21824K,   0% used [0x00000000e6ab0000, 0x00000000e6ab0000, 0x00000000e8000000)
 concurrent mark-sweep generation total 393216K, used 3K [0x00000000e8000000, 0x0000000100000000, 0x0000000100000000)
 Metaspace       used 30173K, capacity 30612K, committed 30872K, reserved 1077248K
  class space    used 3553K, capacity 3721K, committed 3736K, reserved 1048576K
}
2017-10-30T11:43:18.838+0530: 893.117: Total time for which application threads were stopped: 0.0330264 seconds, Stopping threads took: 0.0000484 seconds
2017-10-30T11:43:18.850+0530: 893.130: Total time for which application threads were stopped: 0.0008723 seconds, Stopping threads took: 0.0006739 seconds
2017-10-30T11:43:18.852+0530: 893.131: Total time for which application threads were stopped: 0.0002231 seconds, Stopping threads took: 0.0000590 seconds
2017-10-30T11:43:18.857+0530: 893.136: Total time for which application threads were stopped: 0.0003073 seconds, Stopping threads took: 0.0001176 seconds
2017-10-30T11:43:18.860+0530: 893.139: Total time for which application threads were stopped: 0.0002352 seconds, Stopping threads took: 0.0000621 seconds
2017-10-30T11:43:18.864+0530: 893.144: Total time for which application threads were stopped: 0.0042690 seconds, Stopping threads took: 0.0041146 seconds
2017-10-30T11:43:18.865+0530: 893.144: Total time for which application threads were stopped: 0.0002202 seconds, Stopping threads took: 0.0000775 seconds
2017-10-30T11:43:18.868+0530: 893.147: Total time for which application threads were stopped: 0.0008538 seconds, Stopping threads took: 0.0006739 seconds
2017-10-30T11:43:18.955+0530: 893.234: Total time for which application threads were stopped: 0.0001778 seconds, Stopping threads took: 0.0000409 seconds
2017-10-30T11:43:18.969+0530: 893.249: Total time for which application threads were stopped: 0.0003227 seconds, Stopping threads took: 0.0001001 seconds
2017-10-30T11:43:18.986+0530: 893.265: Total time for which application threads were stopped: 0.0024129 seconds, Stopping threads took: 0.0023256 seconds
2017-10-30T11:43:18.986+0530: 893.265: Total time for which application threads were stopped: 0.0000707 seconds, Stopping threads took: 0.0000282 seconds
2017-10-30T11:43:18.986+0530: 893.265: Total time for which application threads were stopped: 0.0001064 seconds, Stopping threads took: 0.0000682 seconds
2017-10-30T11:43:18.986+0530: 893.265: Total time for which application threads were stopped: 0.0000848 seconds, Stopping threads took: 0.0000205 seconds
2017-10-30T11:43:18.986+0530: 893.265: Total time for which application threads were stopped: 0.0000647 seconds, Stopping threads took: 0.0000378 seconds
2017-10-30T11:43:18.986+0530: 893.265: Total time for which application threads were stopped: 0.0000440 seconds, Stopping threads took: 0.0000155 seconds
2017-10-30T11:43:18.996+0530: 893.275: Total time for which application threads were stopped: 0.0023894 seconds, Stopping threads took: 0.0022820 seconds
2017-10-30T11:43:19.013+0530: 893.293: Total time for which application threads were stopped: 0.0001349 seconds, Stopping threads took: 0.0000449 seconds
2017-10-30T11:43:19.014+0530: 893.293: Total time for which application threads were stopped: 0.0000776 seconds, Stopping threads took: 0.0000186 seconds
2017-10-30T11:43:19.014+0530: 893.293: Total time for which application threads were stopped: 0.0000505 seconds, Stopping threads took: 0.0000158 seconds
2017-10-30T11:43:19.014+0530: 893.293: Total time for which application threads were stopped: 0.0000468 seconds, Stopping threads took: 0.0000146 seconds
2017-10-30T11:43:19.014+0530: 893.293: Total time for which application threads were stopped: 0.0000472 seconds, Stopping threads took: 0.0000146 seconds
2017-10-30T11:43:19.014+0530: 893.293: Total time for which application threads were stopped: 0.0000696 seconds, Stopping threads took: 0.0000149 seconds
2017-10-30T11:43:19.014+0530: 893.293: Total time for which application threads were stopped: 0.0000497 seconds, Stopping threads took: 0.0000150 seconds
2017-10-30T11:43:19.014+0530: 893.293: Total time for which application threads were stopped: 0.0000475 seconds, Stopping threads took: 0.0000144 seconds
2017-10-30T11:43:19.014+0530: 893.293: Total time for which application threads were stopped: 0.0000467 seconds, Stopping threads took: 0.0000141 seconds
2017-10-30T11:43:19.014+0530: 893.293: Total time for which application threads were stopped: 0.0000464 seconds, Stopping threads took: 0.0000145 seconds
2017-10-30T11:43:19.014+0530: 893.293: Total time for which application threads were stopped: 0.0000443 seconds, Stopping threads took: 0.0000140 seconds
2017-10-30T11:43:19.014+0530: 893.293: Total time for which application threads were stopped: 0.0000450 seconds, Stopping threads took: 0.0000142 seconds
2017-10-30T11:43:19.014+0530: 893.293: Total time for which application threads were stopped: 0.0000455 seconds, Stopping threads took: 0.0000136 seconds
2017-10-30T11:43:19.014+0530: 893.293: Total time for which application threads were stopped: 0.0000453 seconds, Stopping threads took: 0.0000140 seconds
2017-10-30T11:43:19.014+0530: 893.293: Total time for which application threads were stopped: 0.0000447 seconds, Stopping threads took: 0.0000138 seconds
2017-10-30T11:43:19.014+0530: 893.294: Total time for which application threads were stopped: 0.0000621 seconds, Stopping threads took: 0.0000134 seconds
2017-10-30T11:43:19.015+0530: 893.294: Total time for which application threads were stopped: 0.0000440 seconds, Stopping threads took: 0.0000137 seconds
2017-10-30T11:43:19.015+0530: 893.294: Total time for which application threads were stopped: 0.0000483 seconds, Stopping threads took: 0.0000133 seconds
2017-10-30T11:43:19.015+0530: 893.294: Total time for which application threads were stopped: 0.0000455 seconds, Stopping threads took: 0.0000144 seconds
2017-10-30T11:43:19.015+0530: 893.294: Total time for which application threads were stopped: 0.0001273 seconds, Stopping threads took: 0.0000137 seconds
2017-10-30T11:43:19.018+0530: 893.297: Total time for which application threads were stopped: 0.0001516 seconds, Stopping threads took: 0.0000463 seconds
2017-10-30T11:43:19.022+0530: 893.301: Total time for which application threads were stopped: 0.0001268 seconds, Stopping threads took: 0.0000409 seconds
2017-10-30T11:43:19.022+0530: 893.301: Total time for which application threads were stopped: 0.0000673 seconds, Stopping threads took: 0.0000202 seconds
2017-10-30T11:43:20.022+0530: 894.301: Total time for which application threads were stopped: 0.0001024 seconds, Stopping threads took: 0.0000248 seconds
2017-10-30T11:43:20.190+0530: 894.469: Total time for which application threads were stopped: 0.0000860 seconds, Stopping threads took: 0.0000208 seconds
2017-10-30T11:43:20.218+0530: 894.497: Total time for which application threads were stopped: 0.0002139 seconds, Stopping threads took: 0.0000314 seconds
2017-10-30T11:43:20.229+0530: 894.508: Total time for which application threads were stopped: 0.0001250 seconds, Stopping threads took: 0.0000453 seconds
2017-10-30T11:43:20.282+0530: 894.561: Total time for which application threads were stopped: 0.0002571 seconds, Stopping threads took: 0.0001565 seconds
2017-10-30T11:43:20.302+0530: 894.581: Total time for which application threads were stopped: 0.0007617 seconds, Stopping threads took: 0.0006602 seconds
{Heap before GC invocations=8 (full 1):
 par new generation   total 109248K, used 108826K [0x00000000e0000000, 0x00000000e8000000, 0x00000000e8000000)
  eden space 87424K, 100% used [0x00000000e0000000, 0x00000000e5560000, 0x00000000e5560000)
  from space 21824K,  98% used [0x00000000e5560000, 0x00000000e6a469f8, 0x00000000e6ab0000)
  to   space 21824K,   0% used [0x00000000e6ab0000, 0x00000000e6ab0000, 0x00000000e8000000)
 concurrent mark-sweep generation total 393216K, used 3K [0x00000000e8000000, 0x0000000100000000, 0x0000000100000000)
 Metaspace       used 30288K, capacity 30718K, committed 30872K, reserved 1077248K
  class space    used 3559K, capacity 3729K, committed 3736K, reserved 1048576K
2017-10-30T11:43:20.370+0530: 894.649: [GC (Allocation Failure) 2017-10-30T11:43:20.370+0530: 894.649: [ParNew
Desired survivor size 20112992 bytes, new threshold 8 (max 8)
- age   1:    4987680 bytes,    4987680 total
- age   2:     972088 bytes,    5959768 total
- age   3:     869280 bytes,    6829048 total
- age   4:    4636976 bytes,   11466024 total
- age   5:    1202920 bytes,   12668944 total
- age   6:      88384 bytes,   12757328 total
- age   7:    1819248 bytes,   14576576 total
- age   8:    2723248 bytes,   17299824 total
: 108826K->21824K(109248K), 0.0412037 secs] 108830K->24170K(502464K), 0.0412793 secs] [Times: user=0.10 sys=0.01, real=0.04 secs] 
Heap after GC invocations=9 (full 1):
 par new generation   total 109248K, used 21824K [0x00000000e0000000, 0x00000000e8000000, 0x00000000e8000000)
  eden space 87424K,   0% used [0x00000000e0000000, 0x00000000e0000000, 0x00000000e5560000)
  from space 21824K, 100% used [0x00000000e6ab0000, 0x00000000e8000000, 0x00000000e8000000)
  to   space 21824K,   0% used [0x00000000e5560000, 0x00000000e5560000, 0x00000000e6ab0000)
 concurrent mark-sweep generation total 393216K, used 2346K [0x00000000e8000000, 0x0000000100000000, 0x0000000100000000)
 Metaspace       used 30288K, capacity 30718K, committed 30872K, reserved 1077248K
  class space    used 3559K, capacity 3729K, committed 3736K, reserved 1048576K
}
2017-10-30T11:43:20.411+0530: 894.690: Total time for which application threads were stopped: 0.0415415 seconds, Stopping threads took: 0.0000527 seconds
2017-10-30T11:43:20.421+0530: 894.700: Total time for which application threads were stopped: 0.0034254 seconds, Stopping threads took: 0.0033036 seconds
2017-10-30T11:43:20.421+0530: 894.700: Total time for which application threads were stopped: 0.0001474 seconds, Stopping threads took: 0.0000467 seconds
2017-10-30T11:43:20.421+0530: 894.700: Total time for which application threads were stopped: 0.0000405 seconds, Stopping threads took: 0.0000077 seconds
2017-10-30T11:43:20.421+0530: 894.701: Total time for which application threads were stopped: 0.0000303 seconds, Stopping threads took: 0.0000062 seconds
2017-10-30T11:43:20.421+0530: 894.701: Total time for which application threads were stopped: 0.0000320 seconds, Stopping threads took: 0.0000062 seconds
2017-10-30T11:43:20.422+0530: 894.701: Total time for which application threads were stopped: 0.0000689 seconds, Stopping threads took: 0.0000415 seconds
2017-10-30T11:43:20.422+0530: 894.701: Total time for which application threads were stopped: 0.0000393 seconds, Stopping threads took: 0.0000147 seconds
2017-10-30T11:43:20.422+0530: 894.701: Total time for which application threads were stopped: 0.0000644 seconds, Stopping threads took: 0.0000368 seconds
2017-10-30T11:43:20.422+0530: 894.701: Total time for which application threads were stopped: 0.0000413 seconds, Stopping threads took: 0.0000079 seconds
2017-10-30T11:43:20.422+0530: 894.701: Total time for which application threads were stopped: 0.0000497 seconds, Stopping threads took: 0.0000071 seconds
{Heap before GC invocations=9 (full 1):
 par new generation   total 109248K, used 109248K [0x00000000e0000000, 0x00000000e8000000, 0x00000000e8000000)
  eden space 87424K, 100% used [0x00000000e0000000, 0x00000000e5560000, 0x00000000e5560000)
  from space 21824K, 100% used [0x00000000e6ab0000, 0x00000000e8000000, 0x00000000e8000000)
  to   space 21824K,   0% used [0x00000000e5560000, 0x00000000e5560000, 0x00000000e6ab0000)
 concurrent mark-sweep generation total 393216K, used 2346K [0x00000000e8000000, 0x0000000100000000, 0x0000000100000000)
 Metaspace       used 30306K, capacity 30736K, committed 30872K, reserved 1077248K
  class space    used 3562K, capacity 3734K, committed 3736K, reserved 1048576K
2017-10-30T11:43:20.474+0530: 894.753: [GC (Allocation Failure) 2017-10-30T11:43:20.474+0530: 894.753: [ParNew
Desired survivor size 20112992 bytes, new threshold 8 (max 8)
- age   1:     965064 bytes,     965064 total
- age   2:    4418592 bytes,    5383656 total
- age   3:     919304 bytes,    6302960 total
- age   4:      34832 bytes,    6337792 total
- age   5:    4104912 bytes,   10442704 total
- age   6:    1202816 bytes,   11645520 total
- age   7:      88320 bytes,   11733840 total
- age   8:    1819320 bytes,   13553160 total
: 109248K->15086K(109248K), 0.0203635 secs] 111594K->20187K(502464K), 0.0204588 secs] [Times: user=0.05 sys=0.01, real=0.02 secs] 
Heap after GC invocations=10 (full 1):
 par new generation   total 109248K, used 15086K [0x00000000e0000000, 0x00000000e8000000, 0x00000000e8000000)
  eden space 87424K,   0% used [0x00000000e0000000, 0x00000000e0000000, 0x00000000e5560000)
  from space 21824K,  69% used [0x00000000e5560000, 0x00000000e641b810, 0x00000000e6ab0000)
  to   space 21824K,   0% used [0x00000000e6ab0000, 0x00000000e6ab0000, 0x00000000e8000000)
 concurrent mark-sweep generation total 393216K, used 5101K [0x00000000e8000000, 0x0000000100000000, 0x0000000100000000)
 Metaspace       used 30306K, capacity 30736K, committed 30872K, reserved 1077248K
  class space    used 3562K, capacity 3734K, committed 3736K, reserved 1048576K
}
2017-10-30T11:43:20.495+0530: 894.774: Total time for which application threads were stopped: 0.0206943 seconds, Stopping threads took: 0.0000507 seconds
2017-10-30T11:43:20.495+0530: 894.774: Total time for which application threads were stopped: 0.0001577 seconds, Stopping threads took: 0.0000499 seconds
2017-10-30T11:43:20.495+0530: 894.774: Total time for which application threads were stopped: 0.0000825 seconds, Stopping threads took: 0.0000200 seconds
2017-10-30T11:43:20.674+0530: 894.953: Total time for which application threads were stopped: 0.0002226 seconds, Stopping threads took: 0.0000431 seconds
2017-10-30T11:43:20.683+0530: 894.962: Total time for which application threads were stopped: 0.0001636 seconds, Stopping threads took: 0.0000527 seconds
2017-10-30T11:43:20.698+0530: 894.977: Total time for which application threads were stopped: 0.0001662 seconds, Stopping threads took: 0.0000470 seconds
2017-10-30T11:43:20.702+0530: 894.981: Total time for which application threads were stopped: 0.0002422 seconds, Stopping threads took: 0.0001201 seconds
2017-10-30T11:43:20.702+0530: 894.981: Total time for which application threads were stopped: 0.0000927 seconds, Stopping threads took: 0.0000387 seconds
2017-10-30T11:43:20.702+0530: 894.981: Total time for which application threads were stopped: 0.0000616 seconds, Stopping threads took: 0.0000238 seconds
2017-10-30T11:43:20.703+0530: 894.982: Total time for which application threads were stopped: 0.0000930 seconds, Stopping threads took: 0.0000324 seconds
2017-10-30T11:43:20.703+0530: 894.982: Total time for which application threads were stopped: 0.0000796 seconds, Stopping threads took: 0.0000267 seconds
2017-10-30T11:43:20.703+0530: 894.982: Total time for which application threads were stopped: 0.0000592 seconds, Stopping threads took: 0.0000200 seconds
2017-10-30T11:43:20.703+0530: 894.982: Total time for which application threads were stopped: 0.0000533 seconds, Stopping threads took: 0.0000137 seconds
2017-10-30T11:43:20.703+0530: 894.982: Total time for which application threads were stopped: 0.0001174 seconds, Stopping threads took: 0.0000446 seconds
2017-10-30T11:43:20.704+0530: 894.983: Total time for which application threads were stopped: 0.0000813 seconds, Stopping threads took: 0.0000266 seconds
2017-10-30T11:43:20.704+0530: 894.983: Total time for which application threads were stopped: 0.0000596 seconds, Stopping threads took: 0.0000208 seconds
2017-10-30T11:43:20.704+0530: 894.983: Total time for which application threads were stopped: 0.0001016 seconds, Stopping threads took: 0.0000645 seconds
2017-10-30T11:43:20.704+0530: 894.983: Total time for which application threads were stopped: 0.0000760 seconds, Stopping threads took: 0.0000253 seconds
2017-10-30T11:43:20.720+0530: 894.999: Total time for which application threads were stopped: 0.0061990 seconds, Stopping threads took: 0.0060886 seconds
2017-10-30T11:43:20.721+0530: 895.000: Total time for which application threads were stopped: 0.0001951 seconds, Stopping threads took: 0.0000776 seconds
2017-10-30T11:43:20.722+0530: 895.001: Total time for which application threads were stopped: 0.0001199 seconds, Stopping threads took: 0.0000429 seconds
2017-10-30T11:43:20.724+0530: 895.003: Total time for which application threads were stopped: 0.0002238 seconds, Stopping threads took: 0.0001296 seconds
2017-10-30T11:43:20.724+0530: 895.004: Total time for which application threads were stopped: 0.0001228 seconds, Stopping threads took: 0.0000645 seconds
2017-10-30T11:43:20.725+0530: 895.004: Total time for which application threads were stopped: 0.0000510 seconds, Stopping threads took: 0.0000092 seconds
2017-10-30T11:43:20.747+0530: 895.026: Total time for which application threads were stopped: 0.0001456 seconds, Stopping threads took: 0.0000320 seconds
2017-10-30T11:43:20.747+0530: 895.026: Total time for which application threads were stopped: 0.0000844 seconds, Stopping threads took: 0.0000190 seconds
2017-10-30T11:43:20.770+0530: 895.049: Total time for which application threads were stopped: 0.0001306 seconds, Stopping threads took: 0.0000631 seconds
2017-10-30T11:43:20.778+0530: 895.057: Total time for which application threads were stopped: 0.0001100 seconds, Stopping threads took: 0.0000316 seconds
2017-10-30T11:43:20.785+0530: 895.064: Total time for which application threads were stopped: 0.0001077 seconds, Stopping threads took: 0.0000311 seconds
2017-10-30T11:43:20.793+0530: 895.072: Total time for which application threads were stopped: 0.0001491 seconds, Stopping threads took: 0.0000404 seconds
2017-10-30T11:43:20.794+0530: 895.073: Total time for which application threads were stopped: 0.0001695 seconds, Stopping threads took: 0.0000780 seconds
2017-10-30T11:43:20.803+0530: 895.082: Total time for which application threads were stopped: 0.0000875 seconds, Stopping threads took: 0.0000259 seconds
2017-10-30T11:43:20.804+0530: 895.083: Total time for which application threads were stopped: 0.0000801 seconds, Stopping threads took: 0.0000244 seconds
2017-10-30T11:43:20.811+0530: 895.090: Total time for which application threads were stopped: 0.0001541 seconds, Stopping threads took: 0.0000529 seconds
2017-10-30T11:43:20.817+0530: 895.096: Total time for which application threads were stopped: 0.0001002 seconds, Stopping threads took: 0.0000263 seconds
2017-10-30T11:43:20.818+0530: 895.097: Total time for which application threads were stopped: 0.0001014 seconds, Stopping threads took: 0.0000307 seconds
2017-10-30T11:43:20.825+0530: 895.105: Total time for which application threads were stopped: 0.0000963 seconds, Stopping threads took: 0.0000258 seconds
2017-10-30T11:43:20.842+0530: 895.121: Total time for which application threads were stopped: 0.0000918 seconds, Stopping threads took: 0.0000251 seconds
{Heap before GC invocations=10 (full 1):
 par new generation   total 109248K, used 102510K [0x00000000e0000000, 0x00000000e8000000, 0x00000000e8000000)
  eden space 87424K, 100% used [0x00000000e0000000, 0x00000000e5560000, 0x00000000e5560000)
  from space 21824K,  69% used [0x00000000e5560000, 0x00000000e641b810, 0x00000000e6ab0000)
  to   space 21824K,   0% used [0x00000000e6ab0000, 0x00000000e6ab0000, 0x00000000e8000000)
 concurrent mark-sweep generation total 393216K, used 5101K [0x00000000e8000000, 0x0000000100000000, 0x0000000100000000)
 Metaspace       used 30575K, capacity 31092K, committed 31256K, reserved 1077248K
  class space    used 3586K, capacity 3774K, committed 3864K, reserved 1048576K
2017-10-30T11:43:20.860+0530: 895.139: [GC (Allocation Failure) 2017-10-30T11:43:20.860+0530: 895.139: [ParNew
Desired survivor size 20112992 bytes, new threshold 8 (max 8)
- age   1:    6717656 bytes,    6717656 total
- age   2:     196896 bytes,    6914552 total
- age   3:    4010432 bytes,   10924984 total
- age   4:     918856 bytes,   11843840 total
- age   5:      34832 bytes,   11878672 total
- age   6:    4098040 bytes,   15976712 total
- age   7:    1202816 bytes,   17179528 total
- age   8:      88320 bytes,   17267848 total
: 102510K->21771K(109248K), 0.0267350 secs] 107611K->28700K(502464K), 0.0697429 secs] [Times: user=0.08 sys=0.00, real=0.07 secs] 
Heap after GC invocations=11 (full 1):
 par new generation   total 109248K, used 21771K [0x00000000e0000000, 0x00000000e8000000, 0x00000000e8000000)
  eden space 87424K,   0% used [0x00000000e0000000, 0x00000000e0000000, 0x00000000e5560000)
  from space 21824K,  99% used [0x00000000e6ab0000, 0x00000000e7ff2e90, 0x00000000e8000000)
  to   space 21824K,   0% used [0x00000000e5560000, 0x00000000e5560000, 0x00000000e6ab0000)
 concurrent mark-sweep generation total 393216K, used 6929K [0x00000000e8000000, 0x0000000100000000, 0x0000000100000000)
 Metaspace       used 30575K, capacity 31092K, committed 31256K, reserved 1077248K
  class space    used 3586K, capacity 3774K, committed 3864K, reserved 1048576K
}
2017-10-30T11:43:20.929+0530: 895.209: Total time for which application threads were stopped: 0.0699393 seconds, Stopping threads took: 0.0000307 seconds
2017-10-30T11:43:20.934+0530: 895.213: Total time for which application threads were stopped: 0.0001690 seconds, Stopping threads took: 0.0000700 seconds
2017-10-30T11:43:20.934+0530: 895.213: Total time for which application threads were stopped: 0.0001013 seconds, Stopping threads took: 0.0000444 seconds
2017-10-30T11:43:20.934+0530: 895.213: Total time for which application threads were stopped: 0.0000849 seconds, Stopping threads took: 0.0000481 seconds
2017-10-30T11:43:20.934+0530: 895.213: Total time for which application threads were stopped: 0.0000514 seconds, Stopping threads took: 0.0000169 seconds
2017-10-30T11:43:20.935+0530: 895.214: Total time for which application threads were stopped: 0.0005369 seconds, Stopping threads took: 0.0005026 seconds
2017-10-30T11:43:20.936+0530: 895.215: Total time for which application threads were stopped: 0.0002792 seconds, Stopping threads took: 0.0001204 seconds
2017-10-30T11:43:20.937+0530: 895.216: Total time for which application threads were stopped: 0.0001297 seconds, Stopping threads took: 0.0000260 seconds
{Heap before GC invocations=11 (full 1):
 par new generation   total 109248K, used 109195K [0x00000000e0000000, 0x00000000e8000000, 0x00000000e8000000)
  eden space 87424K, 100% used [0x00000000e0000000, 0x00000000e5560000, 0x00000000e5560000)
  from space 21824K,  99% used [0x00000000e6ab0000, 0x00000000e7ff2e90, 0x00000000e8000000)
  to   space 21824K,   0% used [0x00000000e5560000, 0x00000000e5560000, 0x00000000e6ab0000)
 concurrent mark-sweep generation total 393216K, used 6929K [0x00000000e8000000, 0x0000000100000000, 0x0000000100000000)
 Metaspace       used 30580K, capacity 31098K, committed 31256K, reserved 1077248K
  class space    used 3587K, capacity 3776K, committed 3864K, reserved 1048576K
2017-10-30T11:43:21.003+0530: 895.282: [GC (Allocation Failure) 2017-10-30T11:43:21.003+0530: 895.282: [ParNew
Desired survivor size 20112992 bytes, new threshold 8 (max 8)
- age   1:     760720 bytes,     760720 total
- age   2:    6262448 bytes,    7023168 total
- age   3:     196528 bytes,    7219696 total
- age   4:    4010064 bytes,   11229760 total
- age   5:     918856 bytes,   12148616 total
- age   6:      34832 bytes,   12183448 total
- age   7:    4098040 bytes,   16281488 total
- age   8:    1202816 bytes,   17484304 total
: 109195K->21226K(109248K), 0.0150570 secs] 116124K->28245K(502464K), 0.0151382 secs] [Times: user=0.06 sys=0.00, real=0.02 secs] 
Heap after GC invocations=12 (full 1):
 par new generation   total 109248K, used 21226K [0x00000000e0000000, 0x00000000e8000000, 0x00000000e8000000)
  eden space 87424K,   0% used [0x00000000e0000000, 0x00000000e0000000, 0x00000000e5560000)
  from space 21824K,  97% used [0x00000000e5560000, 0x00000000e6a1a928, 0x00000000e6ab0000)
  to   space 21824K,   0% used [0x00000000e6ab0000, 0x00000000e6ab0000, 0x00000000e8000000)
 concurrent mark-sweep generation total 393216K, used 7019K [0x00000000e8000000, 0x0000000100000000, 0x0000000100000000)
 Metaspace       used 30580K, capacity 31098K, committed 31256K, reserved 1077248K
  class space    used 3587K, capacity 3776K, committed 3864K, reserved 1048576K
}
2017-10-30T11:43:21.018+0530: 895.297: Total time for which application threads were stopped: 0.0153306 seconds, Stopping threads took: 0.0000565 seconds
2017-10-30T11:43:21.022+0530: 895.301: Total time for which application threads were stopped: 0.0001252 seconds, Stopping threads took: 0.0000389 seconds
2017-10-30T11:43:21.043+0530: 895.322: Total time for which application threads were stopped: 0.0001164 seconds, Stopping threads took: 0.0000353 seconds
2017-10-30T11:43:21.051+0530: 895.330: Total time for which application threads were stopped: 0.0001094 seconds, Stopping threads took: 0.0000351 seconds
2017-10-30T11:43:21.067+0530: 895.346: Total time for which application threads were stopped: 0.0001265 seconds, Stopping threads took: 0.0000471 seconds
2017-10-30T11:43:21.070+0530: 895.349: Total time for which application threads were stopped: 0.0028760 seconds, Stopping threads took: 0.0028240 seconds
2017-10-30T11:43:21.071+0530: 895.350: Total time for which application threads were stopped: 0.0001071 seconds, Stopping threads took: 0.0000378 seconds
2017-10-30T11:43:21.073+0530: 895.352: Total time for which application threads were stopped: 0.0001029 seconds, Stopping threads took: 0.0000297 seconds
2017-10-30T11:43:21.073+0530: 895.352: Total time for which application threads were stopped: 0.0000901 seconds, Stopping threads took: 0.0000298 seconds
2017-10-30T11:43:21.076+0530: 895.356: Total time for which application threads were stopped: 0.0000946 seconds, Stopping threads took: 0.0000251 seconds
2017-10-30T11:43:21.077+0530: 895.356: Total time for which application threads were stopped: 0.0000605 seconds, Stopping threads took: 0.0000124 seconds
2017-10-30T11:43:21.081+0530: 895.360: Total time for which application threads were stopped: 0.0001129 seconds, Stopping threads took: 0.0000384 seconds
2017-10-30T11:43:21.082+0530: 895.361: Total time for which application threads were stopped: 0.0001095 seconds, Stopping threads took: 0.0000245 seconds
2017-10-30T11:43:21.090+0530: 895.369: Total time for which application threads were stopped: 0.0001386 seconds, Stopping threads took: 0.0000306 seconds
2017-10-30T11:43:21.091+0530: 895.370: Total time for which application threads were stopped: 0.0001126 seconds, Stopping threads took: 0.0000450 seconds
2017-10-30T11:43:21.099+0530: 895.379: Total time for which application threads were stopped: 0.0001171 seconds, Stopping threads took: 0.0000498 seconds
2017-10-30T11:43:21.105+0530: 895.384: Total time for which application threads were stopped: 0.0006203 seconds, Stopping threads took: 0.0005304 seconds
2017-10-30T11:43:21.147+0530: 895.426: Total time for which application threads were stopped: 0.0001848 seconds, Stopping threads took: 0.0000488 seconds
2017-10-30T11:43:21.156+0530: 895.435: Total time for which application threads were stopped: 0.0001964 seconds, Stopping threads took: 0.0000599 seconds
2017-10-30T11:43:21.183+0530: 895.462: Total time for which application threads were stopped: 0.0003975 seconds, Stopping threads took: 0.0002584 seconds
{Heap before GC invocations=12 (full 1):
 par new generation   total 109248K, used 108650K [0x00000000e0000000, 0x00000000e8000000, 0x00000000e8000000)
  eden space 87424K, 100% used [0x00000000e0000000, 0x00000000e5560000, 0x00000000e5560000)
  from space 21824K,  97% used [0x00000000e5560000, 0x00000000e6a1a928, 0x00000000e6ab0000)
  to   space 21824K,   0% used [0x00000000e6ab0000, 0x00000000e6ab0000, 0x00000000e8000000)
 concurrent mark-sweep generation total 393216K, used 7019K [0x00000000e8000000, 0x0000000100000000, 0x0000000100000000)
 Metaspace       used 30691K, capacity 31216K, committed 31512K, reserved 1077248K
  class space    used 3597K, capacity 3787K, committed 3864K, reserved 1048576K
2017-10-30T11:43:21.307+0530: 895.586: [GC (Allocation Failure) 2017-10-30T11:43:21.307+0530: 895.586: [ParNew
Desired survivor size 20112992 bytes, new threshold 8 (max 8)
- age   1:    2594848 bytes,    2594848 total
- age   2:     166088 bytes,    2760936 total
- age   3:    6168776 bytes,    8929712 total
- age   4:     189576 bytes,    9119288 total
- age   5:    3895664 bytes,   13014952 total
- age   6:     918448 bytes,   13933400 total
- age   7:      34832 bytes,   13968232 total
- age   8:    4095960 bytes,   18064192 total
: 108650K->21824K(109248K), 0.0241830 secs] 115669K->30225K(502464K), 0.0242587 secs] [Times: user=0.09 sys=0.00, real=0.02 secs] 
Heap after GC invocations=13 (full 1):
 par new generation   total 109248K, used 21824K [0x00000000e0000000, 0x00000000e8000000, 0x00000000e8000000)
  eden space 87424K,   0% used [0x00000000e0000000, 0x00000000e0000000, 0x00000000e5560000)
  from space 21824K, 100% used [0x00000000e6ab0000, 0x00000000e8000000, 0x00000000e8000000)
  to   space 21824K,   0% used [0x00000000e5560000, 0x00000000e5560000, 0x00000000e6ab0000)
 concurrent mark-sweep generation total 393216K, used 8401K [0x00000000e8000000, 0x0000000100000000, 0x0000000100000000)
 Metaspace       used 30691K, capacity 31216K, committed 31512K, reserved 1077248K
  class space    used 3597K, capacity 3787K, committed 3864K, reserved 1048576K
}
2017-10-30T11:43:21.332+0530: 895.611: Total time for which application threads were stopped: 0.0245373 seconds, Stopping threads took: 0.0000352 seconds
2017-10-30T11:43:21.332+0530: 895.611: Total time for which application threads were stopped: 0.0001256 seconds, Stopping threads took: 0.0000377 seconds
2017-10-30T11:43:21.372+0530: 895.651: Total time for which application threads were stopped: 0.0001237 seconds, Stopping threads took: 0.0000324 seconds
2017-10-30T11:43:21.382+0530: 895.661: Total time for which application threads were stopped: 0.0021919 seconds, Stopping threads took: 0.0020937 seconds
2017-10-30T11:43:21.388+0530: 895.667: Total time for which application threads were stopped: 0.0001626 seconds, Stopping threads took: 0.0000660 seconds
2017-10-30T11:43:21.388+0530: 895.667: Total time for which application threads were stopped: 0.0000740 seconds, Stopping threads took: 0.0000195 seconds
2017-10-30T11:43:21.388+0530: 895.668: Total time for which application threads were stopped: 0.0000518 seconds, Stopping threads took: 0.0000117 seconds
2017-10-30T11:43:21.389+0530: 895.668: Total time for which application threads were stopped: 0.0000402 seconds, Stopping threads took: 0.0000096 seconds
2017-10-30T11:43:21.389+0530: 895.668: Total time for which application threads were stopped: 0.0000420 seconds, Stopping threads took: 0.0000100 seconds
2017-10-30T11:43:21.389+0530: 895.668: Total time for which application threads were stopped: 0.0000370 seconds, Stopping threads took: 0.0000085 seconds
2017-10-30T11:43:21.389+0530: 895.668: Total time for which application threads were stopped: 0.0000363 seconds, Stopping threads took: 0.0000082 seconds
2017-10-30T11:43:21.403+0530: 895.682: Total time for which application threads were stopped: 0.0001855 seconds, Stopping threads took: 0.0000993 seconds
2017-10-30T11:43:21.403+0530: 895.682: Total time for which application threads were stopped: 0.0000962 seconds, Stopping threads took: 0.0000215 seconds
2017-10-30T11:43:22.403+0530: 896.682: Total time for which application threads were stopped: 0.0002068 seconds, Stopping threads took: 0.0000431 seconds
2017-10-30T11:43:26.404+0530: 900.683: Total time for which application threads were stopped: 0.0001202 seconds, Stopping threads took: 0.0000360 seconds
2017-10-30T11:43:31.051+0530: 905.330: Total time for which application threads were stopped: 0.0001247 seconds, Stopping threads took: 0.0000325 seconds
2017-10-30T11:43:31.052+0530: 905.331: Total time for which application threads were stopped: 0.0001074 seconds, Stopping threads took: 0.0000286 seconds
2017-10-30T11:43:31.070+0530: 905.349: Total time for which application threads were stopped: 0.0001320 seconds, Stopping threads took: 0.0000255 seconds
2017-10-30T11:43:31.071+0530: 905.350: Total time for which application threads were stopped: 0.0000805 seconds, Stopping threads took: 0.0000184 seconds
2017-10-30T11:43:31.098+0530: 905.377: Total time for which application threads were stopped: 0.0007681 seconds, Stopping threads took: 0.0006685 seconds
2017-10-30T11:43:31.116+0530: 905.395: Total time for which application threads were stopped: 0.0001444 seconds, Stopping threads took: 0.0000367 seconds
2017-10-30T11:43:31.139+0530: 905.418: Total time for which application threads were stopped: 0.0001215 seconds, Stopping threads took: 0.0000318 seconds
2017-10-30T11:43:31.185+0530: 905.464: Total time for which application threads were stopped: 0.0001001 seconds, Stopping threads took: 0.0000231 seconds
2017-10-30T11:43:31.185+0530: 905.464: Total time for which application threads were stopped: 0.0001319 seconds, Stopping threads took: 0.0000510 seconds
2017-10-30T11:43:31.205+0530: 905.484: Total time for which application threads were stopped: 0.0002036 seconds, Stopping threads took: 0.0001185 seconds
2017-10-30T11:43:31.218+0530: 905.497: Total time for which application threads were stopped: 0.0010323 seconds, Stopping threads took: 0.0003260 seconds
2017-10-30T11:43:31.221+0530: 905.500: Total time for which application threads were stopped: 0.0006042 seconds, Stopping threads took: 0.0000404 seconds
2017-10-30T11:43:31.225+0530: 905.504: Total time for which application threads were stopped: 0.0005918 seconds, Stopping threads took: 0.0000299 seconds
2017-10-30T11:43:31.225+0530: 905.504: Total time for which application threads were stopped: 0.0002291 seconds, Stopping threads took: 0.0001473 seconds
2017-10-30T11:43:31.608+0530: 905.887: Total time for which application threads were stopped: 0.0002185 seconds, Stopping threads took: 0.0000485 seconds
2017-10-30T11:43:31.661+0530: 905.940: Total time for which application threads were stopped: 0.0036261 seconds, Stopping threads took: 0.0035102 seconds
2017-10-30T11:43:31.664+0530: 905.943: Total time for which application threads were stopped: 0.0005446 seconds, Stopping threads took: 0.0004307 seconds
2017-10-30T11:43:31.665+0530: 905.944: Total time for which application threads were stopped: 0.0000962 seconds, Stopping threads took: 0.0000211 seconds
2017-10-30T11:43:31.693+0530: 905.972: Total time for which application threads were stopped: 0.0098195 seconds, Stopping threads took: 0.0097123 seconds
2017-10-30T11:43:31.696+0530: 905.975: Total time for which application threads were stopped: 0.0012899 seconds, Stopping threads took: 0.0011902 seconds
2017-10-30T11:43:31.697+0530: 905.976: Total time for which application threads were stopped: 0.0006691 seconds, Stopping threads took: 0.0005798 seconds
2017-10-30T11:43:32.712+0530: 906.992: Total time for which application threads were stopped: 0.0001556 seconds, Stopping threads took: 0.0000308 seconds
2017-10-30T11:43:33.713+0530: 907.992: Total time for which application threads were stopped: 0.0001606 seconds, Stopping threads took: 0.0000607 seconds
2017-10-30T11:43:35.651+0530: 909.930: Total time for which application threads were stopped: 0.0001518 seconds, Stopping threads took: 0.0000369 seconds
2017-10-30T11:43:35.663+0530: 909.942: Total time for which application threads were stopped: 0.0001414 seconds, Stopping threads took: 0.0000590 seconds
2017-10-30T11:43:35.665+0530: 909.944: Total time for which application threads were stopped: 0.0001201 seconds, Stopping threads took: 0.0000292 seconds
2017-10-30T11:43:35.667+0530: 909.946: Total time for which application threads were stopped: 0.0001356 seconds, Stopping threads took: 0.0000423 seconds
2017-10-30T11:43:35.667+0530: 909.946: Total time for which application threads were stopped: 0.0000812 seconds, Stopping threads took: 0.0000187 seconds
2017-10-30T11:43:35.667+0530: 909.946: Total time for which application threads were stopped: 0.0000616 seconds, Stopping threads took: 0.0000128 seconds
2017-10-30T11:43:35.667+0530: 909.946: Total time for which application threads were stopped: 0.0000490 seconds, Stopping threads took: 0.0000102 seconds
2017-10-30T11:43:35.667+0530: 909.946: Total time for which application threads were stopped: 0.0000567 seconds, Stopping threads took: 0.0000108 seconds
2017-10-30T11:43:35.668+0530: 909.947: Total time for which application threads were stopped: 0.0000489 seconds, Stopping threads took: 0.0000093 seconds
2017-10-30T11:43:35.668+0530: 909.947: Total time for which application threads were stopped: 0.0000634 seconds, Stopping threads took: 0.0000121 seconds
2017-10-30T11:43:35.670+0530: 909.949: Total time for which application threads were stopped: 0.0001280 seconds, Stopping threads took: 0.0000443 seconds
2017-10-30T11:43:35.670+0530: 909.949: Total time for which application threads were stopped: 0.0000766 seconds, Stopping threads took: 0.0000137 seconds
2017-10-30T11:43:35.673+0530: 909.952: Total time for which application threads were stopped: 0.0001365 seconds, Stopping threads took: 0.0000444 seconds
2017-10-30T11:43:35.702+0530: 909.981: Total time for which application threads were stopped: 0.0024972 seconds, Stopping threads took: 0.0023454 seconds
2017-10-30T11:43:35.702+0530: 909.981: Total time for which application threads were stopped: 0.0001487 seconds, Stopping threads took: 0.0000251 seconds
2017-10-30T11:43:35.702+0530: 909.982: Total time for which application threads were stopped: 0.0001198 seconds, Stopping threads took: 0.0000467 seconds
2017-10-30T11:43:35.703+0530: 909.982: Total time for which application threads were stopped: 0.0000732 seconds, Stopping threads took: 0.0000141 seconds
2017-10-30T11:43:35.703+0530: 909.982: Total time for which application threads were stopped: 0.0000557 seconds, Stopping threads took: 0.0000101 seconds
2017-10-30T11:43:35.703+0530: 909.982: Total time for which application threads were stopped: 0.0002048 seconds, Stopping threads took: 0.0000091 seconds
2017-10-30T11:43:35.704+0530: 909.983: Total time for which application threads were stopped: 0.0000842 seconds, Stopping threads took: 0.0000190 seconds
2017-10-30T11:43:35.704+0530: 909.983: Total time for which application threads were stopped: 0.0000568 seconds, Stopping threads took: 0.0000094 seconds
2017-10-30T11:43:35.706+0530: 909.986: Total time for which application threads were stopped: 0.0001323 seconds, Stopping threads took: 0.0000408 seconds
2017-10-30T11:43:35.777+0530: 910.056: Total time for which application threads were stopped: 0.0001849 seconds, Stopping threads took: 0.0000706 seconds
2017-10-30T11:43:35.781+0530: 910.060: Total time for which application threads were stopped: 0.0018264 seconds, Stopping threads took: 0.0017346 seconds
2017-10-30T11:43:35.794+0530: 910.073: Total time for which application threads were stopped: 0.0006563 seconds, Stopping threads took: 0.0005328 seconds
2017-10-30T11:43:35.801+0530: 910.080: Total time for which application threads were stopped: 0.0001819 seconds, Stopping threads took: 0.0000861 seconds
2017-10-30T11:43:36.334+0530: 910.613: Total time for which application threads were stopped: 0.0001388 seconds, Stopping threads took: 0.0000366 seconds
2017-10-30T11:43:36.335+0530: 910.614: Total time for which application threads were stopped: 0.0000783 seconds, Stopping threads took: 0.0000190 seconds
2017-10-30T11:43:36.336+0530: 910.615: Total time for which application threads were stopped: 0.0001002 seconds, Stopping threads took: 0.0000245 seconds
2017-10-30T11:43:36.336+0530: 910.615: Total time for which application threads were stopped: 0.0000557 seconds, Stopping threads took: 0.0000110 seconds
2017-10-30T11:43:36.363+0530: 910.642: Total time for which application threads were stopped: 0.0007886 seconds, Stopping threads took: 0.0000235 seconds
2017-10-30T11:43:36.368+0530: 910.647: Total time for which application threads were stopped: 0.0000756 seconds, Stopping threads took: 0.0000185 seconds
2017-10-30T11:43:36.371+0530: 910.650: Total time for which application threads were stopped: 0.0014203 seconds, Stopping threads took: 0.0012989 seconds
2017-10-30T11:43:36.372+0530: 910.651: Total time for which application threads were stopped: 0.0001148 seconds, Stopping threads took: 0.0000288 seconds
{Heap before GC invocations=13 (full 1):
 par new generation   total 109248K, used 109248K [0x00000000e0000000, 0x00000000e8000000, 0x00000000e8000000)
  eden space 87424K, 100% used [0x00000000e0000000, 0x00000000e5560000, 0x00000000e5560000)
  from space 21824K, 100% used [0x00000000e6ab0000, 0x00000000e8000000, 0x00000000e8000000)
  to   space 21824K,   0% used [0x00000000e5560000, 0x00000000e5560000, 0x00000000e6ab0000)
 concurrent mark-sweep generation total 393216K, used 8401K [0x00000000e8000000, 0x0000000100000000, 0x0000000100000000)
 Metaspace       used 31953K, capacity 32474K, committed 32536K, reserved 1077248K
  class space    used 3674K, capacity 3859K, committed 3864K, reserved 1048576K
2017-10-30T11:43:36.377+0530: 910.656: [GC (Allocation Failure) 2017-10-30T11:43:36.377+0530: 910.656: [ParNew
Desired survivor size 20112992 bytes, new threshold 7 (max 8)
- age   1:    8207720 bytes,    8207720 total
- age   2:    1426448 bytes,    9634168 total
- age   3:     105816 bytes,    9739984 total
- age   4:    5826272 bytes,   15566256 total
- age   5:     189576 bytes,   15755832 total
- age   6:    3869776 bytes,   19625608 total
- age   7:     916544 bytes,   20542152 total
- age   8:      34832 bytes,   20576984 total
: 109248K->21824K(109248K), 0.0308584 secs] 117649K->36178K(502464K), 0.0309407 secs] [Times: user=0.08 sys=0.00, real=0.04 secs] 
Heap after GC invocations=14 (full 1):
 par new generation   total 109248K, used 21824K [0x00000000e0000000, 0x00000000e8000000, 0x00000000e8000000)
  eden space 87424K,   0% used [0x00000000e0000000, 0x00000000e0000000, 0x00000000e5560000)
  from space 21824K, 100% used [0x00000000e5560000, 0x00000000e6ab0000, 0x00000000e6ab0000)
  to   space 21824K,   0% used [0x00000000e6ab0000, 0x00000000e6ab0000, 0x00000000e8000000)
 concurrent mark-sweep generation total 393216K, used 14354K [0x00000000e8000000, 0x0000000100000000, 0x0000000100000000)
 Metaspace       used 31953K, capacity 32474K, committed 32536K, reserved 1077248K
  class space    used 3674K, capacity 3859K, committed 3864K, reserved 1048576K
}
2017-10-30T11:43:36.408+0530: 910.687: Total time for which application threads were stopped: 0.0312699 seconds, Stopping threads took: 0.0001686 seconds
2017-10-30T11:43:36.412+0530: 910.691: Total time for which application threads were stopped: 0.0001013 seconds, Stopping threads took: 0.0000350 seconds
2017-10-30T11:43:36.572+0530: 910.851: Total time for which application threads were stopped: 0.0002228 seconds, Stopping threads took: 0.0000498 seconds
2017-10-30T11:43:36.575+0530: 910.855: Total time for which application threads were stopped: 0.0007896 seconds, Stopping threads took: 0.0000367 seconds
2017-10-30T11:43:36.586+0530: 910.865: Total time for which application threads were stopped: 0.0024485 seconds, Stopping threads took: 0.0023066 seconds
2017-10-30T11:43:36.654+0530: 910.934: Total time for which application threads were stopped: 0.0001542 seconds, Stopping threads took: 0.0000347 seconds
2017-10-30T11:43:36.718+0530: 910.997: Total time for which application threads were stopped: 0.0008296 seconds, Stopping threads took: 0.0007190 seconds
2017-10-30T11:43:36.718+0530: 910.997: Total time for which application threads were stopped: 0.0000993 seconds, Stopping threads took: 0.0000309 seconds
2017-10-30T11:43:36.718+0530: 910.997: Total time for which application threads were stopped: 0.0000490 seconds, Stopping threads took: 0.0000090 seconds
2017-10-30T11:43:36.718+0530: 910.997: Total time for which application threads were stopped: 0.0000368 seconds, Stopping threads took: 0.0000073 seconds
2017-10-30T11:43:36.719+0530: 910.998: Total time for which application threads were stopped: 0.0000840 seconds, Stopping threads took: 0.0000182 seconds
2017-10-30T11:43:36.719+0530: 910.998: Total time for which application threads were stopped: 0.0000620 seconds, Stopping threads took: 0.0000079 seconds
2017-10-30T11:43:36.719+0530: 910.998: Total time for which application threads were stopped: 0.0000625 seconds, Stopping threads took: 0.0000123 seconds
2017-10-30T11:43:36.719+0530: 910.998: Total time for which application threads were stopped: 0.0001202 seconds, Stopping threads took: 0.0000629 seconds
2017-10-30T11:43:36.720+0530: 910.999: Total time for which application threads were stopped: 0.0001680 seconds, Stopping threads took: 0.0000653 seconds
2017-10-30T11:43:36.721+0530: 911.000: Total time for which application threads were stopped: 0.0001146 seconds, Stopping threads took: 0.0000287 seconds
2017-10-30T11:43:36.724+0530: 911.003: Total time for which application threads were stopped: 0.0001286 seconds, Stopping threads took: 0.0000333 seconds
2017-10-30T11:43:36.725+0530: 911.004: Total time for which application threads were stopped: 0.0000916 seconds, Stopping threads took: 0.0000186 seconds
2017-10-30T11:43:36.725+0530: 911.004: Total time for which application threads were stopped: 0.0000694 seconds, Stopping threads took: 0.0000124 seconds
2017-10-30T11:43:36.758+0530: 911.037: Total time for which application threads were stopped: 0.0001814 seconds, Stopping threads took: 0.0000458 seconds
2017-10-30T11:43:36.774+0530: 911.053: Total time for which application threads were stopped: 0.0021335 seconds, Stopping threads took: 0.0020349 seconds
2017-10-30T11:43:36.776+0530: 911.055: Total time for which application threads were stopped: 0.0001570 seconds, Stopping threads took: 0.0000483 seconds
2017-10-30T11:43:37.624+0530: 911.903: Total time for which application threads were stopped: 0.0001966 seconds, Stopping threads took: 0.0000526 seconds
2017-10-30T11:43:37.626+0530: 911.905: Total time for which application threads were stopped: 0.0001365 seconds, Stopping threads took: 0.0000416 seconds
2017-10-30T11:43:37.628+0530: 911.907: Total time for which application threads were stopped: 0.0001483 seconds, Stopping threads took: 0.0000599 seconds
2017-10-30T11:43:37.670+0530: 911.949: Total time for which application threads were stopped: 0.0001010 seconds, Stopping threads took: 0.0000234 seconds
2017-10-30T11:43:37.670+0530: 911.950: Total time for which application threads were stopped: 0.0000654 seconds, Stopping threads took: 0.0000229 seconds
2017-10-30T11:43:37.704+0530: 911.983: Total time for which application threads were stopped: 0.0001653 seconds, Stopping threads took: 0.0000367 seconds
2017-10-30T11:43:37.705+0530: 911.984: Total time for which application threads were stopped: 0.0001439 seconds, Stopping threads took: 0.0000372 seconds
2017-10-30T11:43:37.707+0530: 911.986: Total time for which application threads were stopped: 0.0001641 seconds, Stopping threads took: 0.0000497 seconds
2017-10-30T11:43:37.781+0530: 912.060: Total time for which application threads were stopped: 0.0001419 seconds, Stopping threads took: 0.0000338 seconds
2017-10-30T11:43:37.781+0530: 912.060: Total time for which application threads were stopped: 0.0000846 seconds, Stopping threads took: 0.0000200 seconds
2017-10-30T11:43:38.781+0530: 913.060: Total time for which application threads were stopped: 0.0001279 seconds, Stopping threads took: 0.0000255 seconds
2017-10-30T11:43:40.148+0530: 914.427: Total time for which application threads were stopped: 0.0001565 seconds, Stopping threads took: 0.0000428 seconds
2017-10-30T11:43:40.152+0530: 914.431: Total time for which application threads were stopped: 0.0001911 seconds, Stopping threads took: 0.0000674 seconds
2017-10-30T11:43:40.162+0530: 914.441: Total time for which application threads were stopped: 0.0037940 seconds, Stopping threads took: 0.0036260 seconds
2017-10-30T11:43:40.163+0530: 914.442: Total time for which application threads were stopped: 0.0001629 seconds, Stopping threads took: 0.0000310 seconds
2017-10-30T11:43:40.163+0530: 914.443: Total time for which application threads were stopped: 0.0001297 seconds, Stopping threads took: 0.0000167 seconds
2017-10-30T11:43:40.164+0530: 914.443: Total time for which application threads were stopped: 0.0001350 seconds, Stopping threads took: 0.0000162 seconds
2017-10-30T11:43:40.164+0530: 914.443: Total time for which application threads were stopped: 0.0001560 seconds, Stopping threads took: 0.0000261 seconds
2017-10-30T11:43:41.165+0530: 915.444: Total time for which application threads were stopped: 0.0001220 seconds, Stopping threads took: 0.0000253 seconds
2017-10-30T11:43:42.254+0530: 916.533: Total time for which application threads were stopped: 0.0000813 seconds, Stopping threads took: 0.0000230 seconds
2017-10-30T11:43:42.429+0530: 916.708: Total time for which application threads were stopped: 0.0001456 seconds, Stopping threads took: 0.0000504 seconds
2017-10-30T11:43:42.442+0530: 916.722: Total time for which application threads were stopped: 0.0001424 seconds, Stopping threads took: 0.0000682 seconds
2017-10-30T11:43:42.445+0530: 916.724: Total time for which application threads were stopped: 0.0001419 seconds, Stopping threads took: 0.0000572 seconds
2017-10-30T11:43:42.450+0530: 916.729: Total time for which application threads were stopped: 0.0001771 seconds, Stopping threads took: 0.0000576 seconds
2017-10-30T11:43:42.450+0530: 916.729: Total time for which application threads were stopped: 0.0001079 seconds, Stopping threads took: 0.0000256 seconds
2017-10-30T11:43:42.451+0530: 916.730: Total time for which application threads were stopped: 0.0001562 seconds, Stopping threads took: 0.0000504 seconds
2017-10-30T11:43:42.451+0530: 916.731: Total time for which application threads were stopped: 0.0000750 seconds, Stopping threads took: 0.0000187 seconds
2017-10-30T11:43:42.452+0530: 916.731: Total time for which application threads were stopped: 0.0000572 seconds, Stopping threads took: 0.0000154 seconds
2017-10-30T11:43:42.452+0530: 916.731: Total time for which application threads were stopped: 0.0000509 seconds, Stopping threads took: 0.0000131 seconds
2017-10-30T11:43:42.468+0530: 916.747: Total time for which application threads were stopped: 0.0002363 seconds, Stopping threads took: 0.0001214 seconds
2017-10-30T11:43:42.639+0530: 916.918: Total time for which application threads were stopped: 0.0001180 seconds, Stopping threads took: 0.0000520 seconds
2017-10-30T11:43:42.646+0530: 916.925: Total time for which application threads were stopped: 0.0001299 seconds, Stopping threads took: 0.0000449 seconds
2017-10-30T11:43:42.647+0530: 916.926: Total time for which application threads were stopped: 0.0006419 seconds, Stopping threads took: 0.0005993 seconds
{Heap before GC invocations=14 (full 1):
 par new generation   total 109248K, used 109228K [0x00000000e0000000, 0x00000000e8000000, 0x00000000e8000000)
  eden space 87424K,  99% used [0x00000000e0000000, 0x00000000e555b148, 0x00000000e5560000)
  from space 21824K, 100% used [0x00000000e5560000, 0x00000000e6ab0000, 0x00000000e6ab0000)
  to   space 21824K,   0% used [0x00000000e6ab0000, 0x00000000e6ab0000, 0x00000000e8000000)
 concurrent mark-sweep generation total 393216K, used 14354K [0x00000000e8000000, 0x0000000100000000, 0x0000000100000000)
 Metaspace       used 32779K, capacity 33374K, committed 33688K, reserved 1079296K
  class space    used 3731K, capacity 3923K, committed 3992K, reserved 1048576K
2017-10-30T11:43:42.667+0530: 916.946: [GC (Allocation Failure) 2017-10-30T11:43:42.667+0530: 916.946: [ParNew
Desired survivor size 20112992 bytes, new threshold 7 (max 8)
- age   1:    6716000 bytes,    6716000 total
- age   2:    5166128 bytes,   11882128 total
- age   3:    1038056 bytes,   12920184 total
- age   4:      83520 bytes,   13003704 total
- age   5:    5416648 bytes,   18420352 total
- age   6:     143576 bytes,   18563928 total
- age   7:    3394400 bytes,   21958328 total
: 109228K->21824K(109248K), 0.0416712 secs] 123582K->39793K(502464K), 0.0417725 secs] [Times: user=0.09 sys=0.00, real=0.04 secs] 
Heap after GC invocations=15 (full 1):
 par new generation   total 109248K, used 21824K [0x00000000e0000000, 0x00000000e8000000, 0x00000000e8000000)
  eden space 87424K,   0% used [0x00000000e0000000, 0x00000000e0000000, 0x00000000e5560000)
  from space 21824K, 100% used [0x00000000e6ab0000, 0x00000000e8000000, 0x00000000e8000000)
  to   space 21824K,   0% used [0x00000000e5560000, 0x00000000e5560000, 0x00000000e6ab0000)
 concurrent mark-sweep generation total 393216K, used 17969K [0x00000000e8000000, 0x0000000100000000, 0x0000000100000000)
 Metaspace       used 32779K, capacity 33374K, committed 33688K, reserved 1079296K
  class space    used 3731K, capacity 3923K, committed 3992K, reserved 1048576K
}
2017-10-30T11:43:42.709+0530: 916.988: Total time for which application threads were stopped: 0.0420873 seconds, Stopping threads took: 0.0000465 seconds
2017-10-30T11:43:42.712+0530: 916.991: Total time for which application threads were stopped: 0.0001639 seconds, Stopping threads took: 0.0000354 seconds
2017-10-30T11:43:42.722+0530: 917.001: Total time for which application threads were stopped: 0.0010106 seconds, Stopping threads took: 0.0009204 seconds
2017-10-30T11:43:42.754+0530: 917.033: Total time for which application threads were stopped: 0.0029482 seconds, Stopping threads took: 0.0021616 seconds
2017-10-30T11:43:42.757+0530: 917.036: Total time for which application threads were stopped: 0.0001796 seconds, Stopping threads took: 0.0000393 seconds
2017-10-30T11:43:42.777+0530: 917.056: Total time for which application threads were stopped: 0.0001204 seconds, Stopping threads took: 0.0000322 seconds
2017-10-30T11:43:43.777+0530: 918.056: Total time for which application threads were stopped: 0.0000890 seconds, Stopping threads took: 0.0000260 seconds
2017-10-30T11:43:44.093+0530: 918.372: Total time for which application threads were stopped: 0.0001732 seconds, Stopping threads took: 0.0000422 seconds
2017-10-30T11:43:44.106+0530: 918.385: Total time for which application threads were stopped: 0.0007369 seconds, Stopping threads took: 0.0006473 seconds
2017-10-30T11:43:44.143+0530: 918.422: Total time for which application threads were stopped: 0.0005140 seconds, Stopping threads took: 0.0000538 seconds
2017-10-30T11:43:45.143+0530: 919.422: Total time for which application threads were stopped: 0.0000968 seconds, Stopping threads took: 0.0000249 seconds
2017-10-30T11:43:45.157+0530: 919.436: Total time for which application threads were stopped: 0.0000954 seconds, Stopping threads took: 0.0000227 seconds
2017-10-30T11:43:45.159+0530: 919.439: Total time for which application threads were stopped: 0.0001340 seconds, Stopping threads took: 0.0000424 seconds
2017-10-30T11:43:45.167+0530: 919.446: Total time for which application threads were stopped: 0.0001470 seconds, Stopping threads took: 0.0000545 seconds
2017-10-30T11:43:45.187+0530: 919.466: Total time for which application threads were stopped: 0.0001818 seconds, Stopping threads took: 0.0000691 seconds
2017-10-30T11:43:45.200+0530: 919.479: Total time for which application threads were stopped: 0.0030607 seconds, Stopping threads took: 0.0029209 seconds
2017-10-30T11:43:46.863+0530: 921.142: Total time for which application threads were stopped: 0.0003850 seconds, Stopping threads took: 0.0000878 seconds
2017-10-30T11:43:46.864+0530: 921.143: Total time for which application threads were stopped: 0.0002928 seconds, Stopping threads took: 0.0000536 seconds
2017-10-30T11:43:46.865+0530: 921.144: Total time for which application threads were stopped: 0.0001814 seconds, Stopping threads took: 0.0000300 seconds
2017-10-30T11:43:46.865+0530: 921.144: Total time for which application threads were stopped: 0.0000742 seconds, Stopping threads took: 0.0000105 seconds
2017-10-30T11:43:46.865+0530: 921.144: Total time for which application threads were stopped: 0.0000506 seconds, Stopping threads took: 0.0000069 seconds
2017-10-30T11:43:46.865+0530: 921.145: Total time for which application threads were stopped: 0.0000495 seconds, Stopping threads took: 0.0000069 seconds
2017-10-30T11:43:46.866+0530: 921.145: Total time for which application threads were stopped: 0.0002252 seconds, Stopping threads took: 0.0000079 seconds
2017-10-30T11:43:47.866+0530: 922.145: Total time for which application threads were stopped: 0.0001768 seconds, Stopping threads took: 0.0000310 seconds
2017-10-30T11:43:50.072+0530: 924.351: Total time for which application threads were stopped: 0.0001004 seconds, Stopping threads took: 0.0000276 seconds
2017-10-30T11:43:50.084+0530: 924.364: Total time for which application threads were stopped: 0.0001462 seconds, Stopping threads took: 0.0000401 seconds
2017-10-30T11:43:50.194+0530: 924.473: Total time for which application threads were stopped: 0.0001386 seconds, Stopping threads took: 0.0000299 seconds
2017-10-30T11:43:50.218+0530: 924.497: Total time for which application threads were stopped: 0.0001686 seconds, Stopping threads took: 0.0000613 seconds
{Heap before GC invocations=15 (full 1):
 par new generation   total 109248K, used 109248K [0x00000000e0000000, 0x00000000e8000000, 0x00000000e8000000)
  eden space 87424K, 100% used [0x00000000e0000000, 0x00000000e5560000, 0x00000000e5560000)
  from space 21824K, 100% used [0x00000000e6ab0000, 0x00000000e8000000, 0x00000000e8000000)
  to   space 21824K,   0% used [0x00000000e5560000, 0x00000000e5560000, 0x00000000e6ab0000)
 concurrent mark-sweep generation total 393216K, used 17969K [0x00000000e8000000, 0x0000000100000000, 0x0000000100000000)
 Metaspace       used 32946K, capacity 33510K, committed 33688K, reserved 1079296K
  class space    used 3743K, capacity 3923K, committed 3992K, reserved 1048576K
2017-10-30T11:43:50.251+0530: 924.530: [GC (Allocation Failure) 2017-10-30T11:43:50.251+0530: 924.530: [ParNew
Desired survivor size 20112992 bytes, new threshold 8 (max 8)
- age   1:    6593272 bytes,    6593272 total
- age   2:    2145016 bytes,    8738288 total
- age   3:    4683232 bytes,   13421520 total
- age   4:     362792 bytes,   13784312 total
- age   5:      43704 bytes,   13828016 total
- age   6:    4156352 bytes,   17984368 total
- age   7:     123312 bytes,   18107680 total
: 109248K->21824K(109248K), 0.0412462 secs] 127217K->46512K(502464K), 0.0413604 secs] [Times: user=0.11 sys=0.00, real=0.04 secs] 
Heap after GC invocations=16 (full 1):
 par new generation   total 109248K, used 21824K [0x00000000e0000000, 0x00000000e8000000, 0x00000000e8000000)
  eden space 87424K,   0% used [0x00000000e0000000, 0x00000000e0000000, 0x00000000e5560000)
  from space 21824K, 100% used [0x00000000e5560000, 0x00000000e6ab0000, 0x00000000e6ab0000)
  to   space 21824K,   0% used [0x00000000e6ab0000, 0x00000000e6ab0000, 0x00000000e8000000)
 concurrent mark-sweep generation total 393216K, used 24688K [0x00000000e8000000, 0x0000000100000000, 0x0000000100000000)
 Metaspace       used 32946K, capacity 33510K, committed 33688K, reserved 1079296K
  class space    used 3743K, capacity 3923K, committed 3992K, reserved 1048576K
}
2017-10-30T11:43:50.293+0530: 924.572: Total time for which application threads were stopped: 0.0415816 seconds, Stopping threads took: 0.0000573 seconds
2017-10-30T11:43:50.851+0530: 925.130: Total time for which application threads were stopped: 0.0001032 seconds, Stopping threads took: 0.0000274 seconds
2017-10-30T11:43:50.864+0530: 925.143: Total time for which application threads were stopped: 0.0001054 seconds, Stopping threads took: 0.0000271 seconds
2017-10-30T11:43:51.864+0530: 926.143: Total time for which application threads were stopped: 0.0000903 seconds, Stopping threads took: 0.0000239 seconds
2017-10-30T11:43:51.868+0530: 926.147: Total time for which application threads were stopped: 0.0001029 seconds, Stopping threads took: 0.0000263 seconds
2017-10-30T11:43:51.869+0530: 926.148: Total time for which application threads were stopped: 0.0001089 seconds, Stopping threads took: 0.0000372 seconds
2017-10-30T11:43:51.879+0530: 926.158: Total time for which application threads were stopped: 0.0002182 seconds, Stopping threads took: 0.0001207 seconds
2017-10-30T11:43:51.880+0530: 926.159: Total time for which application threads were stopped: 0.0001842 seconds, Stopping threads took: 0.0001011 seconds
2017-10-30T11:43:51.880+0530: 926.159: Total time for which application threads were stopped: 0.0001114 seconds, Stopping threads took: 0.0000453 seconds
2017-10-30T11:43:51.906+0530: 926.185: Total time for which application threads were stopped: 0.0004488 seconds, Stopping threads took: 0.0003473 seconds
2017-10-30T11:43:51.922+0530: 926.201: Total time for which application threads were stopped: 0.0036805 seconds, Stopping threads took: 0.0035962 seconds
2017-10-30T11:43:52.627+0530: 926.906: Total time for which application threads were stopped: 0.0001428 seconds, Stopping threads took: 0.0000258 seconds
2017-10-30T11:43:52.628+0530: 926.907: Total time for which application threads were stopped: 0.0000961 seconds, Stopping threads took: 0.0000316 seconds
2017-10-30T11:43:52.658+0530: 926.937: Total time for which application threads were stopped: 0.0008270 seconds, Stopping threads took: 0.0007101 seconds
2017-10-30T11:43:52.686+0530: 926.965: Total time for which application threads were stopped: 0.0001318 seconds, Stopping threads took: 0.0000306 seconds
2017-10-30T11:43:52.687+0530: 926.967: Total time for which application threads were stopped: 0.0001361 seconds, Stopping threads took: 0.0000302 seconds
2017-10-30T11:43:52.710+0530: 926.989: Total time for which application threads were stopped: 0.0001725 seconds, Stopping threads took: 0.0000470 seconds
2017-10-30T11:43:53.711+0530: 927.990: Total time for which application threads were stopped: 0.0002623 seconds, Stopping threads took: 0.0000471 seconds
2017-10-30T11:43:55.711+0530: 929.990: Total time for which application threads were stopped: 0.0001125 seconds, Stopping threads took: 0.0000305 seconds
2017-10-30T11:43:57.522+0530: 931.801: Total time for which application threads were stopped: 0.0002143 seconds, Stopping threads took: 0.0000355 seconds
2017-10-30T11:43:57.524+0530: 931.803: Total time for which application threads were stopped: 0.0001614 seconds, Stopping threads took: 0.0000458 seconds
2017-10-30T11:43:57.526+0530: 931.805: Total time for which application threads were stopped: 0.0002168 seconds, Stopping threads took: 0.0000847 seconds
2017-10-30T11:43:57.581+0530: 931.860: Total time for which application threads were stopped: 0.0002499 seconds, Stopping threads took: 0.0000765 seconds
2017-10-30T11:43:58.582+0530: 932.861: Total time for which application threads were stopped: 0.0001558 seconds, Stopping threads took: 0.0000425 seconds
2017-10-30T11:44:00.302+0530: 934.581: Total time for which application threads were stopped: 0.0001013 seconds, Stopping threads took: 0.0000276 seconds
2017-10-30T11:44:00.304+0530: 934.583: Total time for which application threads were stopped: 0.0002341 seconds, Stopping threads took: 0.0000619 seconds
2017-10-30T11:44:00.304+0530: 934.583: Total time for which application threads were stopped: 0.0001855 seconds, Stopping threads took: 0.0000163 seconds
{Heap before GC invocations=16 (full 1):
 par new generation   total 109248K, used 109248K [0x00000000e0000000, 0x00000000e8000000, 0x00000000e8000000)
  eden space 87424K, 100% used [0x00000000e0000000, 0x00000000e5560000, 0x00000000e5560000)
  from space 21824K, 100% used [0x00000000e5560000, 0x00000000e6ab0000, 0x00000000e6ab0000)
  to   space 21824K,   0% used [0x00000000e6ab0000, 0x00000000e6ab0000, 0x00000000e8000000)
 concurrent mark-sweep generation total 393216K, used 24688K [0x00000000e8000000, 0x0000000100000000, 0x0000000100000000)
 Metaspace       used 33007K, capacity 33574K, committed 33688K, reserved 1079296K
  class space    used 3743K, capacity 3923K, committed 3992K, reserved 1048576K
2017-10-30T11:44:00.310+0530: 934.589: [GC (Allocation Failure) 2017-10-30T11:44:00.310+0530: 934.589: [ParNew
Desired survivor size 20112992 bytes, new threshold 8 (max 8)
- age   1:    6434872 bytes,    6434872 total
- age   2:    1565008 bytes,    7999880 total
- age   3:    2060128 bytes,   10060008 total
- age   4:    4076032 bytes,   14136040 total
- age   5:     357136 bytes,   14493176 total
- age   6:      41536 bytes,   14534712 total
- age   7:    4065104 bytes,   18599816 total
- age   8:     122896 bytes,   18722712 total
: 109248K->21824K(109248K), 0.0391904 secs] 133936K->47512K(502464K), 0.0393030 secs] [Times: user=0.06 sys=0.00, real=0.04 secs] 
Heap after GC invocations=17 (full 1):
 par new generation   total 109248K, used 21824K [0x00000000e0000000, 0x00000000e8000000, 0x00000000e8000000)
  eden space 87424K,   0% used [0x00000000e0000000, 0x00000000e0000000, 0x00000000e5560000)
  from space 21824K, 100% used [0x00000000e6ab0000, 0x00000000e8000000, 0x00000000e8000000)
  to   space 21824K,   0% used [0x00000000e5560000, 0x00000000e5560000, 0x00000000e6ab0000)
 concurrent mark-sweep generation total 393216K, used 25688K [0x00000000e8000000, 0x0000000100000000, 0x0000000100000000)
 Metaspace       used 33007K, capacity 33574K, committed 33688K, reserved 1079296K
  class space    used 3743K, capacity 3923K, committed 3992K, reserved 1048576K
}
2017-10-30T11:44:00.349+0530: 934.628: Total time for which application threads were stopped: 0.0395782 seconds, Stopping threads took: 0.0000700 seconds
2017-10-30T11:44:00.359+0530: 934.638: Total time for which application threads were stopped: 0.0050165 seconds, Stopping threads took: 0.0045451 seconds
2017-10-30T11:44:00.384+0530: 934.663: Total time for which application threads were stopped: 0.0018367 seconds, Stopping threads took: 0.0016595 seconds
2017-10-30T11:44:01.385+0530: 935.664: Total time for which application threads were stopped: 0.0002021 seconds, Stopping threads took: 0.0000330 seconds
2017-10-30T11:44:02.385+0530: 936.664: Total time for which application threads were stopped: 0.0002294 seconds, Stopping threads took: 0.0000696 seconds
2017-10-30T11:44:04.667+0530: 938.946: Total time for which application threads were stopped: 0.0001468 seconds, Stopping threads took: 0.0000513 seconds
2017-10-30T11:44:05.372+0530: 939.651: Total time for which application threads were stopped: 0.0001380 seconds, Stopping threads took: 0.0000307 seconds
2017-10-30T11:44:06.372+0530: 940.651: Total time for which application threads were stopped: 0.0001529 seconds, Stopping threads took: 0.0000343 seconds
2017-10-30T11:44:07.250+0530: 941.529: Total time for which application threads were stopped: 0.0001178 seconds, Stopping threads took: 0.0000284 seconds
2017-10-30T11:44:07.279+0530: 941.558: Total time for which application threads were stopped: 0.0010666 seconds, Stopping threads took: 0.0002845 seconds
{Heap before GC invocations=17 (full 1):
 par new generation   total 109248K, used 109248K [0x00000000e0000000, 0x00000000e8000000, 0x00000000e8000000)
  eden space 87424K, 100% used [0x00000000e0000000, 0x00000000e5560000, 0x00000000e5560000)
  from space 21824K, 100% used [0x00000000e6ab0000, 0x00000000e8000000, 0x00000000e8000000)
  to   space 21824K,   0% used [0x00000000e5560000, 0x00000000e5560000, 0x00000000e6ab0000)
 concurrent mark-sweep generation total 393216K, used 25688K [0x00000000e8000000, 0x0000000100000000, 0x0000000100000000)
 Metaspace       used 33076K, capacity 33638K, committed 33944K, reserved 1079296K
  class space    used 3743K, capacity 3923K, committed 3992K, reserved 1048576K
2017-10-30T11:44:07.322+0530: 941.601: [GC (Allocation Failure) 2017-10-30T11:44:07.322+0530: 941.601: [ParNew
Desired survivor size 20112992 bytes, new threshold 8 (max 8)
- age   1:    5395816 bytes,    5395816 total
- age   2:    1916136 bytes,    7311952 total
- age   3:    1559824 bytes,    8871776 total
- age   4:    2015296 bytes,   10887072 total
- age   5:    4075192 bytes,   14962264 total
- age   6:     357136 bytes,   15319400 total
- age   7:      41536 bytes,   15360936 total
- age   8:    3655496 bytes,   19016432 total
: 109248K->21824K(109248K), 0.0584137 secs] 134936K->49094K(502464K), 0.0585278 secs] [Times: user=0.07 sys=0.01, real=0.06 secs] 
Heap after GC invocations=18 (full 1):
 par new generation   total 109248K, used 21824K [0x00000000e0000000, 0x00000000e8000000, 0x00000000e8000000)
  eden space 87424K,   0% used [0x00000000e0000000, 0x00000000e0000000, 0x00000000e5560000)
  from space 21824K, 100% used [0x00000000e5560000, 0x00000000e6ab0000, 0x00000000e6ab0000)
  to   space 21824K,   0% used [0x00000000e6ab0000, 0x00000000e6ab0000, 0x00000000e8000000)
 concurrent mark-sweep generation total 393216K, used 27270K [0x00000000e8000000, 0x0000000100000000, 0x0000000100000000)
 Metaspace       used 33076K, capacity 33638K, committed 33944K, reserved 1079296K
  class space    used 3743K, capacity 3923K, committed 3992K, reserved 1048576K
}
2017-10-30T11:44:07.380+0530: 941.660: Total time for which application threads were stopped: 0.0587981 seconds, Stopping threads took: 0.0000386 seconds
2017-10-30T11:44:08.381+0530: 942.660: Total time for which application threads were stopped: 0.0000928 seconds, Stopping threads took: 0.0000281 seconds
2017-10-30T11:44:09.381+0530: 943.660: Total time for which application threads were stopped: 0.0003905 seconds, Stopping threads took: 0.0002169 seconds
2017-10-30T11:44:12.382+0530: 946.661: Total time for which application threads were stopped: 0.0001226 seconds, Stopping threads took: 0.0000448 seconds
2017-10-30T11:44:13.382+0530: 947.661: Total time for which application threads were stopped: 0.0000993 seconds, Stopping threads took: 0.0000301 seconds
2017-10-30T11:44:13.759+0530: 948.038: Total time for which application threads were stopped: 0.0002048 seconds, Stopping threads took: 0.0000434 seconds
2017-10-30T11:44:14.759+0530: 949.038: Total time for which application threads were stopped: 0.0002155 seconds, Stopping threads took: 0.0000719 seconds
2017-10-30T11:44:16.653+0530: 950.932: Total time for which application threads were stopped: 0.0000877 seconds, Stopping threads took: 0.0000240 seconds
2017-10-30T11:44:17.653+0530: 951.932: Total time for which application threads were stopped: 0.0001294 seconds, Stopping threads took: 0.0000247 seconds
2017-10-30T11:44:18.002+0530: 952.281: Total time for which application threads were stopped: 0.0000794 seconds, Stopping threads took: 0.0000222 seconds
2017-10-30T11:44:19.002+0530: 953.281: Total time for which application threads were stopped: 0.0001392 seconds, Stopping threads took: 0.0000511 seconds
{Heap before GC invocations=18 (full 1):
 par new generation   total 109248K, used 109248K [0x00000000e0000000, 0x00000000e8000000, 0x00000000e8000000)
  eden space 87424K, 100% used [0x00000000e0000000, 0x00000000e5560000, 0x00000000e5560000)
  from space 21824K, 100% used [0x00000000e5560000, 0x00000000e6ab0000, 0x00000000e6ab0000)
  to   space 21824K,   0% used [0x00000000e6ab0000, 0x00000000e6ab0000, 0x00000000e8000000)
 concurrent mark-sweep generation total 393216K, used 27270K [0x00000000e8000000, 0x0000000100000000, 0x0000000100000000)
 Metaspace       used 33139K, capacity 33638K, committed 33944K, reserved 1079296K
  class space    used 3743K, capacity 3923K, committed 3992K, reserved 1048576K
2017-10-30T11:44:19.015+0530: 953.294: [GC (Allocation Failure) 2017-10-30T11:44:19.015+0530: 953.294: [ParNew
Desired survivor size 20112992 bytes, new threshold 8 (max 8)
- age   1:    6340496 bytes,    6340496 total
- age   2:    1890696 bytes,    8231192 total
- age   3:    1913072 bytes,   10144264 total
- age   4:    1529056 bytes,   11673320 total
- age   5:    2013568 bytes,   13686888 total
- age   6:    4054568 bytes,   17741456 total
- age   7:     357096 bytes,   18098552 total
- age   8:      41536 bytes,   18140088 total
: 109248K->21824K(109248K), 0.0278543 secs] 136518K->53263K(502464K), 0.0279657 secs] [Times: user=0.06 sys=0.00, real=0.03 secs] 
Heap after GC invocations=19 (full 1):
 par new generation   total 109248K, used 21824K [0x00000000e0000000, 0x00000000e8000000, 0x00000000e8000000)
  eden space 87424K,   0% used [0x00000000e0000000, 0x00000000e0000000, 0x00000000e5560000)
  from space 21824K, 100% used [0x00000000e6ab0000, 0x00000000e8000000, 0x00000000e8000000)
  to   space 21824K,   0% used [0x00000000e5560000, 0x00000000e5560000, 0x00000000e6ab0000)
 concurrent mark-sweep generation total 393216K, used 31439K [0x00000000e8000000, 0x0000000100000000, 0x0000000100000000)
 Metaspace       used 33139K, capacity 33638K, committed 33944K, reserved 1079296K
  class space    used 3743K, capacity 3923K, committed 3992K, reserved 1048576K
}
2017-10-30T11:44:19.043+0530: 953.322: Total time for which application threads were stopped: 0.0282035 seconds, Stopping threads took: 0.0000539 seconds
2017-10-30T11:44:20.045+0530: 954.324: Total time for which application threads were stopped: 0.0000900 seconds, Stopping threads took: 0.0000246 seconds
2017-10-30T11:44:22.098+0530: 956.377: Total time for which application threads were stopped: 0.0001140 seconds, Stopping threads took: 0.0000308 seconds
2017-10-30T11:44:22.476+0530: 956.755: Total time for which application threads were stopped: 0.0001065 seconds, Stopping threads took: 0.0000266 seconds
2017-10-30T11:44:23.477+0530: 957.756: Total time for which application threads were stopped: 0.0001387 seconds, Stopping threads took: 0.0000372 seconds
2017-10-30T11:44:23.820+0530: 958.099: Total time for which application threads were stopped: 0.0001068 seconds, Stopping threads took: 0.0000268 seconds
2017-10-30T11:44:23.994+0530: 958.273: Total time for which application threads were stopped: 0.0001429 seconds, Stopping threads took: 0.0000415 seconds
2017-10-30T11:44:24.244+0530: 958.523: Total time for which application threads were stopped: 0.0000923 seconds, Stopping threads took: 0.0000222 seconds
2017-10-30T11:44:24.851+0530: 959.130: Total time for which application threads were stopped: 0.0001364 seconds, Stopping threads took: 0.0000330 seconds
2017-10-30T11:44:25.002+0530: 959.281: Total time for which application threads were stopped: 0.0001679 seconds, Stopping threads took: 0.0000414 seconds
{Heap before GC invocations=19 (full 1):
 par new generation   total 109248K, used 109248K [0x00000000e0000000, 0x00000000e8000000, 0x00000000e8000000)
  eden space 87424K, 100% used [0x00000000e0000000, 0x00000000e5560000, 0x00000000e5560000)
  from space 21824K, 100% used [0x00000000e6ab0000, 0x00000000e8000000, 0x00000000e8000000)
  to   space 21824K,   0% used [0x00000000e5560000, 0x00000000e5560000, 0x00000000e6ab0000)
 concurrent mark-sweep generation total 393216K, used 31439K [0x00000000e8000000, 0x0000000100000000, 0x0000000100000000)
 Metaspace       used 33183K, capacity 33768K, committed 33944K, reserved 1079296K
  class space    used 3744K, capacity 3924K, committed 3992K, reserved 1048576K
2017-10-30T11:44:25.519+0530: 959.798: [GC (Allocation Failure) 2017-10-30T11:44:25.519+0530: 959.798: [ParNew
Desired survivor size 20112992 bytes, new threshold 8 (max 8)
- age   1:    5448688 bytes,    5448688 total
- age   2:    1315144 bytes,    6763832 total
- age   3:    1464248 bytes,    8228080 total
- age   4:    1666080 bytes,    9894160 total
- age   5:    1502472 bytes,   11396632 total
- age   6:    1988000 bytes,   13384632 total
- age   7:    3998800 bytes,   17383432 total
- age   8:     342904 bytes,   17726336 total
: 109248K->21824K(109248K), 0.0190466 secs] 140687K->54627K(502464K), 0.0191785 secs] [Times: user=0.06 sys=0.00, real=0.02 secs] 
Heap after GC invocations=20 (full 1):
 par new generation   total 109248K, used 21824K [0x00000000e0000000, 0x00000000e8000000, 0x00000000e8000000)
  eden space 87424K,   0% used [0x00000000e0000000, 0x00000000e0000000, 0x00000000e5560000)
  from space 21824K, 100% used [0x00000000e5560000, 0x00000000e6ab0000, 0x00000000e6ab0000)
  to   space 21824K,   0% used [0x00000000e6ab0000, 0x00000000e6ab0000, 0x00000000e8000000)
 concurrent mark-sweep generation total 393216K, used 32803K [0x00000000e8000000, 0x0000000100000000, 0x0000000100000000)
 Metaspace       used 33183K, capacity 33768K, committed 33944K, reserved 1079296K
  class space    used 3744K, capacity 3924K, committed 3992K, reserved 1048576K
}
2017-10-30T11:44:25.538+0530: 959.817: Total time for which application threads were stopped: 0.0193956 seconds, Stopping threads took: 0.0000291 seconds
2017-10-30T11:44:26.538+0530: 960.817: Total time for which application threads were stopped: 0.0001155 seconds, Stopping threads took: 0.0000290 seconds
2017-10-30T11:44:29.539+0530: 963.818: Total time for which application threads were stopped: 0.0002020 seconds, Stopping threads took: 0.0000414 seconds
2017-10-30T11:44:30.541+0530: 964.820: Total time for which application threads were stopped: 0.0001427 seconds, Stopping threads took: 0.0000602 seconds
2017-10-30T11:44:30.743+0530: 965.023: Total time for which application threads were stopped: 0.0001406 seconds, Stopping threads took: 0.0000475 seconds
2017-10-30T11:44:31.744+0530: 966.023: Total time for which application threads were stopped: 0.0001481 seconds, Stopping threads took: 0.0000329 seconds
2017-10-30T11:44:33.930+0530: 968.210: Total time for which application threads were stopped: 0.0001542 seconds, Stopping threads took: 0.0000385 seconds
2017-10-30T11:44:34.931+0530: 969.210: Total time for which application threads were stopped: 0.0001178 seconds, Stopping threads took: 0.0000272 seconds
2017-10-30T11:44:35.931+0530: 970.210: Total time for which application threads were stopped: 0.0000926 seconds, Stopping threads took: 0.0000281 seconds
2017-10-30T11:44:36.931+0530: 971.210: Total time for which application threads were stopped: 0.0000825 seconds, Stopping threads took: 0.0000241 seconds
2017-10-30T11:44:38.421+0530: 972.700: Total time for which application threads were stopped: 0.0000952 seconds, Stopping threads took: 0.0000329 seconds
2017-10-30T11:44:39.268+0530: 973.547: Total time for which application threads were stopped: 0.0001278 seconds, Stopping threads took: 0.0000276 seconds
{Heap before GC invocations=20 (full 1):
 par new generation   total 109248K, used 109248K [0x00000000e0000000, 0x00000000e8000000, 0x00000000e8000000)
  eden space 87424K, 100% used [0x00000000e0000000, 0x00000000e5560000, 0x00000000e5560000)
  from space 21824K, 100% used [0x00000000e5560000, 0x00000000e6ab0000, 0x00000000e6ab0000)
  to   space 21824K,   0% used [0x00000000e6ab0000, 0x00000000e6ab0000, 0x00000000e8000000)
 concurrent mark-sweep generation total 393216K, used 32803K [0x00000000e8000000, 0x0000000100000000, 0x0000000100000000)
 Metaspace       used 33218K, capacity 33840K, committed 34200K, reserved 1079296K
  class space    used 3746K, capacity 3928K, committed 3992K, reserved 1048576K
2017-10-30T11:44:39.273+0530: 973.552: [GC (Allocation Failure) 2017-10-30T11:44:39.273+0530: 973.552: [ParNew
Desired survivor size 20112992 bytes, new threshold 8 (max 8)
- age   1:    7139160 bytes,    7139160 total
- age   2:    2331808 bytes,    9470968 total
- age   3:    1204216 bytes,   10675184 total
- age   4:    1181896 bytes,   11857080 total
- age   5:    1476320 bytes,   13333400 total
- age   6:    1446144 bytes,   14779544 total
- age   7:    1949944 bytes,   16729488 total
- age   8:    3789360 bytes,   20518848 total
: 109248K->21824K(109248K), 0.0494497 secs] 142051K->57731K(502464K), 0.0495519 secs] [Times: user=0.08 sys=0.01, real=0.05 secs] 
Heap after GC invocations=21 (full 1):
 par new generation   total 109248K, used 21824K [0x00000000e0000000, 0x00000000e8000000, 0x00000000e8000000)
  eden space 87424K,   0% used [0x00000000e0000000, 0x00000000e0000000, 0x00000000e5560000)
  from space 21824K, 100% used [0x00000000e6ab0000, 0x00000000e8000000, 0x00000000e8000000)
  to   space 21824K,   0% used [0x00000000e5560000, 0x00000000e5560000, 0x00000000e6ab0000)
 concurrent mark-sweep generation total 393216K, used 35907K [0x00000000e8000000, 0x0000000100000000, 0x0000000100000000)
 Metaspace       used 33218K, capacity 33840K, committed 34200K, reserved 1079296K
  class space    used 3746K, capacity 3928K, committed 3992K, reserved 1048576K
}
2017-10-30T11:44:39.322+0530: 973.602: Total time for which application threads were stopped: 0.0497500 seconds, Stopping threads took: 0.0000365 seconds
2017-10-30T11:44:40.077+0530: 974.356: Total time for which application threads were stopped: 0.0001034 seconds, Stopping threads took: 0.0000210 seconds
2017-10-30T11:44:40.310+0530: 974.589: Total time for which application threads were stopped: 0.0000961 seconds, Stopping threads took: 0.0000243 seconds
2017-10-30T11:44:40.593+0530: 974.872: Total time for which application threads were stopped: 0.0001221 seconds, Stopping threads took: 0.0000381 seconds
2017-10-30T11:44:40.619+0530: 974.898: Total time for which application threads were stopped: 0.0001487 seconds, Stopping threads took: 0.0000730 seconds
2017-10-30T11:44:40.628+0530: 974.907: Total time for which application threads were stopped: 0.0023134 seconds, Stopping threads took: 0.0022231 seconds
2017-10-30T11:44:40.628+0530: 974.907: Total time for which application threads were stopped: 0.0001180 seconds, Stopping threads took: 0.0000352 seconds
2017-10-30T11:44:40.630+0530: 974.909: Total time for which application threads were stopped: 0.0001097 seconds, Stopping threads took: 0.0000402 seconds
2017-10-30T11:44:40.630+0530: 974.909: Total time for which application threads were stopped: 0.0000778 seconds, Stopping threads took: 0.0000221 seconds
2017-10-30T11:44:40.634+0530: 974.913: Total time for which application threads were stopped: 0.0001301 seconds, Stopping threads took: 0.0000431 seconds
2017-10-30T11:44:40.634+0530: 974.913: Total time for which application threads were stopped: 0.0000792 seconds, Stopping threads took: 0.0000249 seconds
2017-10-30T11:44:40.634+0530: 974.913: Total time for which application threads were stopped: 0.0000332 seconds, Stopping threads took: 0.0000077 seconds
2017-10-30T11:44:40.638+0530: 974.917: Total time for which application threads were stopped: 0.0013245 seconds, Stopping threads took: 0.0012408 seconds
2017-10-30T11:44:40.638+0530: 974.917: Total time for which application threads were stopped: 0.0000678 seconds, Stopping threads took: 0.0000202 seconds
2017-10-30T11:44:40.638+0530: 974.917: Total time for which application threads were stopped: 0.0000298 seconds, Stopping threads took: 0.0000066 seconds
2017-10-30T11:44:40.638+0530: 974.917: Total time for which application threads were stopped: 0.0000316 seconds, Stopping threads took: 0.0000064 seconds
2017-10-30T11:44:41.037+0530: 975.316: Total time for which application threads were stopped: 0.0002540 seconds, Stopping threads took: 0.0000365 seconds
2017-10-30T11:44:41.538+0530: 975.817: Total time for which application threads were stopped: 0.0001670 seconds, Stopping threads took: 0.0000289 seconds
{Heap before GC invocations=21 (full 1):
 par new generation   total 109248K, used 109248K [0x00000000e0000000, 0x00000000e8000000, 0x00000000e8000000)
  eden space 87424K, 100% used [0x00000000e0000000, 0x00000000e5560000, 0x00000000e5560000)
  from space 21824K, 100% used [0x00000000e6ab0000, 0x00000000e8000000, 0x00000000e8000000)
  to   space 21824K,   0% used [0x00000000e5560000, 0x00000000e5560000, 0x00000000e6ab0000)
 concurrent mark-sweep generation total 393216K, used 35907K [0x00000000e8000000, 0x0000000100000000, 0x0000000100000000)
 Metaspace       used 33432K, capacity 34064K, committed 34200K, reserved 1079296K
  class space    used 3771K, capacity 3960K, committed 3992K, reserved 1048576K
2017-10-30T11:44:41.541+0530: 975.821: [GC (Allocation Failure) 2017-10-30T11:44:41.542+0530: 975.821: [ParNew
Desired survivor size 20112992 bytes, new threshold 8 (max 8)
- age   1:    5394136 bytes,    5394136 total
- age   2:    2921000 bytes,    8315136 total
- age   3:    1177216 bytes,    9492352 total
- age   4:    1178336 bytes,   10670688 total
- age   5:    1149776 bytes,   11820464 total
- age   6:    1401512 bytes,   13221976 total
- age   7:    1431752 bytes,   14653728 total
- age   8:    1936816 bytes,   16590544 total
: 109248K->21824K(109248K), 0.0593061 secs] 145155K->64674K(502464K), 0.0593923 secs] [Times: user=0.10 sys=0.03, real=0.06 secs] 
Heap after GC invocations=22 (full 1):
 par new generation   total 109248K, used 21824K [0x00000000e0000000, 0x00000000e8000000, 0x00000000e8000000)
  eden space 87424K,   0% used [0x00000000e0000000, 0x00000000e0000000, 0x00000000e5560000)
  from space 21824K, 100% used [0x00000000e5560000, 0x00000000e6ab0000, 0x00000000e6ab0000)
  to   space 21824K,   0% used [0x00000000e6ab0000, 0x00000000e6ab0000, 0x00000000e8000000)
 concurrent mark-sweep generation total 393216K, used 42850K [0x00000000e8000000, 0x0000000100000000, 0x0000000100000000)
 Metaspace       used 33432K, capacity 34064K, committed 34200K, reserved 1079296K
  class space    used 3771K, capacity 3960K, committed 3992K, reserved 1048576K
}
2017-10-30T11:44:41.601+0530: 975.880: Total time for which application threads were stopped: 0.0596437 seconds, Stopping threads took: 0.0000518 seconds
2017-10-30T11:44:42.601+0530: 976.880: Total time for which application threads were stopped: 0.0001234 seconds, Stopping threads took: 0.0000425 seconds
2017-10-30T11:44:43.601+0530: 977.880: Total time for which application threads were stopped: 0.0001424 seconds, Stopping threads took: 0.0000419 seconds
2017-10-30T11:44:44.602+0530: 978.881: Total time for which application threads were stopped: 0.0001432 seconds, Stopping threads took: 0.0000287 seconds
2017-10-30T11:44:46.046+0530: 980.325: Total time for which application threads were stopped: 0.0001017 seconds, Stopping threads took: 0.0000248 seconds
2017-10-30T11:44:46.154+0530: 980.433: Total time for which application threads were stopped: 0.0001015 seconds, Stopping threads took: 0.0000334 seconds
2017-10-30T11:44:46.212+0530: 980.491: Total time for which application threads were stopped: 0.0001653 seconds, Stopping threads took: 0.0000700 seconds
2017-10-30T11:44:46.212+0530: 980.491: Total time for which application threads were stopped: 0.0001667 seconds, Stopping threads took: 0.0000474 seconds
2017-10-30T11:44:46.212+0530: 980.491: Total time for which application threads were stopped: 0.0000633 seconds, Stopping threads took: 0.0000171 seconds
2017-10-30T11:44:46.212+0530: 980.491: Total time for which application threads were stopped: 0.0000450 seconds, Stopping threads took: 0.0000130 seconds
2017-10-30T11:44:46.212+0530: 980.491: Total time for which application threads were stopped: 0.0000423 seconds, Stopping threads took: 0.0000118 seconds
2017-10-30T11:44:46.212+0530: 980.492: Total time for which application threads were stopped: 0.0000592 seconds, Stopping threads took: 0.0000191 seconds
2017-10-30T11:44:46.213+0530: 980.492: Total time for which application threads were stopped: 0.0000480 seconds, Stopping threads took: 0.0000131 seconds
2017-10-30T11:44:46.213+0530: 980.492: Total time for which application threads were stopped: 0.0000437 seconds, Stopping threads took: 0.0000121 seconds
2017-10-30T11:44:46.213+0530: 980.492: Total time for which application threads were stopped: 0.0000446 seconds, Stopping threads took: 0.0000131 seconds
2017-10-30T11:44:46.213+0530: 980.492: Total time for which application threads were stopped: 0.0000492 seconds, Stopping threads took: 0.0000146 seconds
2017-10-30T11:44:46.213+0530: 980.492: Total time for which application threads were stopped: 0.0000437 seconds, Stopping threads took: 0.0000133 seconds
2017-10-30T11:44:46.213+0530: 980.492: Total time for which application threads were stopped: 0.0000422 seconds, Stopping threads took: 0.0000120 seconds
2017-10-30T11:44:46.213+0530: 980.492: Total time for which application threads were stopped: 0.0000410 seconds, Stopping threads took: 0.0000121 seconds
2017-10-30T11:44:46.213+0530: 980.492: Total time for which application threads were stopped: 0.0000817 seconds, Stopping threads took: 0.0000398 seconds
2017-10-30T11:44:46.213+0530: 980.492: Total time for which application threads were stopped: 0.0000587 seconds, Stopping threads took: 0.0000149 seconds
2017-10-30T11:44:46.222+0530: 980.501: Total time for which application threads were stopped: 0.0001251 seconds, Stopping threads took: 0.0000335 seconds
2017-10-30T11:44:46.223+0530: 980.502: Total time for which application threads were stopped: 0.0001562 seconds, Stopping threads took: 0.0000369 seconds
2017-10-30T11:44:46.223+0530: 980.502: Total time for which application threads were stopped: 0.0001788 seconds, Stopping threads took: 0.0000174 seconds
2017-10-30T11:44:46.223+0530: 980.502: Total time for which application threads were stopped: 0.0000584 seconds, Stopping threads took: 0.0000160 seconds
2017-10-30T11:44:46.223+0530: 980.502: Total time for which application threads were stopped: 0.0000525 seconds, Stopping threads took: 0.0000146 seconds
2017-10-30T11:44:46.223+0530: 980.502: Total time for which application threads were stopped: 0.0000472 seconds, Stopping threads took: 0.0000141 seconds
2017-10-30T11:44:46.223+0530: 980.502: Total time for which application threads were stopped: 0.0000545 seconds, Stopping threads took: 0.0000146 seconds
2017-10-30T11:44:46.277+0530: 980.556: Total time for which application threads were stopped: 0.0001017 seconds, Stopping threads took: 0.0000264 seconds
2017-10-30T11:44:46.823+0530: 981.102: Total time for which application threads were stopped: 0.0001549 seconds, Stopping threads took: 0.0000537 seconds
2017-10-30T11:44:46.826+0530: 981.105: Total time for which application threads were stopped: 0.0026436 seconds, Stopping threads took: 0.0025844 seconds
2017-10-30T11:44:46.829+0530: 981.108: Total time for which application threads were stopped: 0.0001337 seconds, Stopping threads took: 0.0000459 seconds
2017-10-30T11:44:46.829+0530: 981.108: Total time for which application threads were stopped: 0.0000907 seconds, Stopping threads took: 0.0000254 seconds
2017-10-30T11:44:46.829+0530: 981.108: Total time for which application threads were stopped: 0.0000627 seconds, Stopping threads took: 0.0000191 seconds
2017-10-30T11:44:46.829+0530: 981.108: Total time for which application threads were stopped: 0.0000684 seconds, Stopping threads took: 0.0000262 seconds
2017-10-30T11:44:46.829+0530: 981.109: Total time for which application threads were stopped: 0.0000723 seconds, Stopping threads took: 0.0000185 seconds
2017-10-30T11:44:46.830+0530: 981.109: Total time for which application threads were stopped: 0.0000535 seconds, Stopping threads took: 0.0000150 seconds
2017-10-30T11:44:46.830+0530: 981.109: Total time for which application threads were stopped: 0.0000476 seconds, Stopping threads took: 0.0000132 seconds
2017-10-30T11:44:46.830+0530: 981.109: Total time for which application threads were stopped: 0.0000458 seconds, Stopping threads took: 0.0000130 seconds
2017-10-30T11:44:46.830+0530: 981.109: Total time for which application threads were stopped: 0.0000433 seconds, Stopping threads took: 0.0000129 seconds
2017-10-30T11:44:46.830+0530: 981.109: Total time for which application threads were stopped: 0.0001572 seconds, Stopping threads took: 0.0000126 seconds
{Heap before GC invocations=22 (full 1):
 par new generation   total 109248K, used 109248K [0x00000000e0000000, 0x00000000e8000000, 0x00000000e8000000)
  eden space 87424K, 100% used [0x00000000e0000000, 0x00000000e5560000, 0x00000000e5560000)
  from space 21824K, 100% used [0x00000000e5560000, 0x00000000e6ab0000, 0x00000000e6ab0000)
  to   space 21824K,   0% used [0x00000000e6ab0000, 0x00000000e6ab0000, 0x00000000e8000000)
 concurrent mark-sweep generation total 393216K, used 42850K [0x00000000e8000000, 0x0000000100000000, 0x0000000100000000)
 Metaspace       used 33488K, capacity 34064K, committed 34200K, reserved 1079296K
  class space    used 3772K, capacity 3960K, committed 3992K, reserved 1048576K
2017-10-30T11:44:46.914+0530: 981.193: [GC (Allocation Failure) 2017-10-30T11:44:46.914+0530: 981.193: [ParNew
Desired survivor size 20112992 bytes, new threshold 8 (max 8)
- age   1:    8805760 bytes,    8805760 total
- age   2:    2692232 bytes,   11497992 total
- age   3:    2687336 bytes,   14185328 total
- age   4:    1130208 bytes,   15315536 total
- age   5:    1084616 bytes,   16400152 total
- age   6:    1104168 bytes,   17504320 total
- age   7:    1312080 bytes,   18816400 total
- age   8:    1386856 bytes,   20203256 total
: 109248K->21824K(109248K), 0.0383013 secs] 152098K->67035K(502464K), 0.0384267 secs] [Times: user=0.09 sys=0.01, real=0.04 secs] 
Heap after GC invocations=23 (full 1):
 par new generation   total 109248K, used 21824K [0x00000000e0000000, 0x00000000e8000000, 0x00000000e8000000)
  eden space 87424K,   0% used [0x00000000e0000000, 0x00000000e0000000, 0x00000000e5560000)
  from space 21824K, 100% used [0x00000000e6ab0000, 0x00000000e8000000, 0x00000000e8000000)
  to   space 21824K,   0% used [0x00000000e5560000, 0x00000000e5560000, 0x00000000e6ab0000)
 concurrent mark-sweep generation total 393216K, used 45211K [0x00000000e8000000, 0x0000000100000000, 0x0000000100000000)
 Metaspace       used 33488K, capacity 34064K, committed 34200K, reserved 1079296K
  class space    used 3772K, capacity 3960K, committed 3992K, reserved 1048576K
}
2017-10-30T11:44:46.952+0530: 981.231: Total time for which application threads were stopped: 0.0387156 seconds, Stopping threads took: 0.0000556 seconds
2017-10-30T11:44:46.958+0530: 981.237: Total time for which application threads were stopped: 0.0009053 seconds, Stopping threads took: 0.0005969 seconds
2017-10-30T11:44:47.085+0530: 981.364: Total time for which application threads were stopped: 0.0001440 seconds, Stopping threads took: 0.0000418 seconds
2017-10-30T11:44:48.480+0530: 982.759: Total time for which application threads were stopped: 0.0000912 seconds, Stopping threads took: 0.0000233 seconds
2017-10-30T11:44:49.458+0530: 983.737: Total time for which application threads were stopped: 0.0088795 seconds, Stopping threads took: 0.0085033 seconds
2017-10-30T11:44:49.459+0530: 983.738: Total time for which application threads were stopped: 0.0001341 seconds, Stopping threads took: 0.0000510 seconds
2017-10-30T11:44:49.459+0530: 983.738: Total time for which application threads were stopped: 0.0001006 seconds, Stopping threads took: 0.0000500 seconds
2017-10-30T11:44:49.459+0530: 983.738: Total time for which application threads were stopped: 0.0000828 seconds, Stopping threads took: 0.0000416 seconds
2017-10-30T11:44:49.459+0530: 983.738: Total time for which application threads were stopped: 0.0000613 seconds, Stopping threads took: 0.0000226 seconds
2017-10-30T11:44:49.459+0530: 983.738: Total time for which application threads were stopped: 0.0000547 seconds, Stopping threads took: 0.0000185 seconds
2017-10-30T11:44:49.459+0530: 983.738: Total time for which application threads were stopped: 0.0000555 seconds, Stopping threads took: 0.0000175 seconds
2017-10-30T11:44:49.459+0530: 983.739: Total time for which application threads were stopped: 0.0000467 seconds, Stopping threads took: 0.0000081 seconds
2017-10-30T11:44:49.460+0530: 983.739: Total time for which application threads were stopped: 0.0000616 seconds, Stopping threads took: 0.0000234 seconds
2017-10-30T11:44:49.460+0530: 983.739: Total time for which application threads were stopped: 0.0000507 seconds, Stopping threads took: 0.0000079 seconds
2017-10-30T11:44:49.460+0530: 983.739: Total time for which application threads were stopped: 0.0000659 seconds, Stopping threads took: 0.0000236 seconds
2017-10-30T11:44:49.461+0530: 983.740: Total time for which application threads were stopped: 0.0001342 seconds, Stopping threads took: 0.0000515 seconds
{Heap before GC invocations=23 (full 1):
 par new generation   total 109248K, used 109229K [0x00000000e0000000, 0x00000000e8000000, 0x00000000e8000000)
  eden space 87424K,  99% used [0x00000000e0000000, 0x00000000e555b648, 0x00000000e5560000)
  from space 21824K, 100% used [0x00000000e6ab0000, 0x00000000e8000000, 0x00000000e8000000)
  to   space 21824K,   0% used [0x00000000e5560000, 0x00000000e5560000, 0x00000000e6ab0000)
 concurrent mark-sweep generation total 393216K, used 45211K [0x00000000e8000000, 0x0000000100000000, 0x0000000100000000)
 Metaspace       used 33507K, capacity 34064K, committed 34200K, reserved 1079296K
  class space    used 3772K, capacity 3960K, committed 3992K, reserved 1048576K
2017-10-30T11:44:49.619+0530: 983.898: [GC (Allocation Failure) 2017-10-30T11:44:49.619+0530: 983.898: [ParNew
Desired survivor size 20112992 bytes, new threshold 8 (max 8)
- age   1:    5723112 bytes,    5723112 total
- age   2:    5328904 bytes,   11052016 total
- age   3:    1941376 bytes,   12993392 total
- age   4:    2487928 bytes,   15481320 total
- age   5:    1129568 bytes,   16610888 total
- age   6:    1083784 bytes,   17694672 total
- age   7:    1103744 bytes,   18798416 total
- age   8:    1311704 bytes,   20110120 total
: 109229K->21824K(109248K), 0.0323373 secs] 154440K->69649K(502464K), 0.0324218 secs] [Times: user=0.08 sys=0.00, real=0.03 secs] 
Heap after GC invocations=24 (full 1):
 par new generation   total 109248K, used 21824K [0x00000000e0000000, 0x00000000e8000000, 0x00000000e8000000)
  eden space 87424K,   0% used [0x00000000e0000000, 0x00000000e0000000, 0x00000000e5560000)
  from space 21824K, 100% used [0x00000000e5560000, 0x00000000e6ab0000, 0x00000000e6ab0000)
  to   space 21824K,   0% used [0x00000000e6ab0000, 0x00000000e6ab0000, 0x00000000e8000000)
 concurrent mark-sweep generation total 393216K, used 47825K [0x00000000e8000000, 0x0000000100000000, 0x0000000100000000)
 Metaspace       used 33507K, capacity 34064K, committed 34200K, reserved 1079296K
  class space    used 3772K, capacity 3960K, committed 3992K, reserved 1048576K
}
2017-10-30T11:44:49.651+0530: 983.930: Total time for which application threads were stopped: 0.0326241 seconds, Stopping threads took: 0.0000275 seconds
2017-10-30T11:44:49.672+0530: 983.951: Total time for which application threads were stopped: 0.0001036 seconds, Stopping threads took: 0.0000308 seconds
2017-10-30T11:44:51.673+0530: 985.952: Total time for which application threads were stopped: 0.0000933 seconds, Stopping threads took: 0.0000273 seconds
2017-10-30T11:44:54.348+0530: 988.627: Total time for which application threads were stopped: 0.0001223 seconds, Stopping threads took: 0.0000500 seconds
2017-10-30T11:44:55.164+0530: 989.443: Total time for which application threads were stopped: 0.0001188 seconds, Stopping threads took: 0.0000414 seconds
2017-10-30T11:44:55.230+0530: 989.509: Total time for which application threads were stopped: 0.0001492 seconds, Stopping threads took: 0.0000317 seconds
2017-10-30T11:44:55.812+0530: 990.091: Total time for which application threads were stopped: 0.0001105 seconds, Stopping threads took: 0.0000284 seconds
2017-10-30T11:44:56.024+0530: 990.303: Total time for which application threads were stopped: 0.0001788 seconds, Stopping threads took: 0.0000305 seconds
{Heap before GC invocations=24 (full 1):
 par new generation   total 109248K, used 109248K [0x00000000e0000000, 0x00000000e8000000, 0x00000000e8000000)
  eden space 87424K, 100% used [0x00000000e0000000, 0x00000000e5560000, 0x00000000e5560000)
  from space 21824K, 100% used [0x00000000e5560000, 0x00000000e6ab0000, 0x00000000e6ab0000)
  to   space 21824K,   0% used [0x00000000e6ab0000, 0x00000000e6ab0000, 0x00000000e8000000)
 concurrent mark-sweep generation total 393216K, used 47825K [0x00000000e8000000, 0x0000000100000000, 0x0000000100000000)
 Metaspace       used 33533K, capacity 34128K, committed 34456K, reserved 1079296K
  class space    used 3772K, capacity 3960K, committed 3992K, reserved 1048576K
2017-10-30T11:44:56.035+0530: 990.314: [GC (Allocation Failure) 2017-10-30T11:44:56.035+0530: 990.314: [ParNew
Desired survivor size 20112992 bytes, new threshold 7 (max 8)
- age   1:    4522288 bytes,    4522288 total
- age   2:    5082200 bytes,    9604488 total
- age   3:    3950720 bytes,   13555208 total
- age   4:    1939536 bytes,   15494744 total
- age   5:    2486064 bytes,   17980808 total
- age   6:    1128992 bytes,   19109800 total
- age   7:    1083712 bytes,   20193512 total
- age   8:    1102496 bytes,   21296008 total
: 109248K->21824K(109248K), 0.0408180 secs] 157073K->72130K(502464K), 0.0409507 secs] [Times: user=0.11 sys=0.00, real=0.04 secs] 
Heap after GC invocations=25 (full 1):
 par new generation   total 109248K, used 21824K [0x00000000e0000000, 0x00000000e8000000, 0x00000000e8000000)
  eden space 87424K,   0% used [0x00000000e0000000, 0x00000000e0000000, 0x00000000e5560000)
  from space 21824K, 100% used [0x00000000e6ab0000, 0x00000000e8000000, 0x00000000e8000000)
  to   space 21824K,   0% used [0x00000000e5560000, 0x00000000e5560000, 0x00000000e6ab0000)
 concurrent mark-sweep generation total 393216K, used 50306K [0x00000000e8000000, 0x0000000100000000, 0x0000000100000000)
 Metaspace       used 33533K, capacity 34128K, committed 34456K, reserved 1079296K
  class space    used 3772K, capacity 3960K, committed 3992K, reserved 1048576K
}
2017-10-30T11:44:56.076+0530: 990.355: Total time for which application threads were stopped: 0.0411960 seconds, Stopping threads took: 0.0000493 seconds
2017-10-30T11:44:56.098+0530: 990.377: Total time for which application threads were stopped: 0.0083449 seconds, Stopping threads took: 0.0080400 seconds
2017-10-30T11:44:56.120+0530: 990.399: Total time for which application threads were stopped: 0.0002089 seconds, Stopping threads took: 0.0000904 seconds
2017-10-30T11:44:56.120+0530: 990.400: Total time for which application threads were stopped: 0.0000903 seconds, Stopping threads took: 0.0000187 seconds
2017-10-30T11:44:56.134+0530: 990.413: Total time for which application threads were stopped: 0.0132412 seconds, Stopping threads took: 0.0130722 seconds
2017-10-30T11:44:56.134+0530: 990.413: Total time for which application threads were stopped: 0.0000943 seconds, Stopping threads took: 0.0000251 seconds
2017-10-30T11:44:56.134+0530: 990.413: Total time for which application threads were stopped: 0.0000480 seconds, Stopping threads took: 0.0000099 seconds
2017-10-30T11:44:56.134+0530: 990.413: Total time for which application threads were stopped: 0.0000490 seconds, Stopping threads took: 0.0000086 seconds
2017-10-30T11:44:56.134+0530: 990.413: Total time for which application threads were stopped: 0.0000497 seconds, Stopping threads took: 0.0000098 seconds
2017-10-30T11:44:56.134+0530: 990.413: Total time for which application threads were stopped: 0.0000452 seconds, Stopping threads took: 0.0000080 seconds
2017-10-30T11:44:56.134+0530: 990.413: Total time for which application threads were stopped: 0.0000443 seconds, Stopping threads took: 0.0000080 seconds
2017-10-30T11:44:56.134+0530: 990.413: Total time for which application threads were stopped: 0.0000494 seconds, Stopping threads took: 0.0000095 seconds
2017-10-30T11:44:56.134+0530: 990.414: Total time for which application threads were stopped: 0.0000466 seconds, Stopping threads took: 0.0000082 seconds
2017-10-30T11:44:56.135+0530: 990.414: Total time for which application threads were stopped: 0.0000455 seconds, Stopping threads took: 0.0000087 seconds
2017-10-30T11:44:56.135+0530: 990.414: Total time for which application threads were stopped: 0.0000425 seconds, Stopping threads took: 0.0000079 seconds
2017-10-30T11:44:56.135+0530: 990.414: Total time for which application threads were stopped: 0.0000465 seconds, Stopping threads took: 0.0000099 seconds
2017-10-30T11:44:56.135+0530: 990.414: Total time for which application threads were stopped: 0.0000437 seconds, Stopping threads took: 0.0000079 seconds
2017-10-30T11:44:56.135+0530: 990.414: Total time for which application threads were stopped: 0.0000403 seconds, Stopping threads took: 0.0000074 seconds
2017-10-30T11:44:56.135+0530: 990.414: Total time for which application threads were stopped: 0.0000411 seconds, Stopping threads took: 0.0000073 seconds
2017-10-30T11:44:56.135+0530: 990.414: Total time for which application threads were stopped: 0.0000729 seconds, Stopping threads took: 0.0000117 seconds
2017-10-30T11:44:56.135+0530: 990.414: Total time for which application threads were stopped: 0.0000496 seconds, Stopping threads took: 0.0000089 seconds
2017-10-30T11:44:56.135+0530: 990.414: Total time for which application threads were stopped: 0.0000425 seconds, Stopping threads took: 0.0000079 seconds
2017-10-30T11:44:56.135+0530: 990.414: Total time for which application threads were stopped: 0.0000702 seconds, Stopping threads took: 0.0000188 seconds
2017-10-30T11:44:56.135+0530: 990.414: Total time for which application threads were stopped: 0.0000634 seconds, Stopping threads took: 0.0000200 seconds
2017-10-30T11:44:56.136+0530: 990.415: Total time for which application threads were stopped: 0.0001813 seconds, Stopping threads took: 0.0000195 seconds
2017-10-30T11:44:56.858+0530: 991.137: Total time for which application threads were stopped: 0.0001646 seconds, Stopping threads took: 0.0000367 seconds
2017-10-30T11:44:56.858+0530: 991.138: Total time for which application threads were stopped: 0.0000995 seconds, Stopping threads took: 0.0000243 seconds
2017-10-30T11:44:56.859+0530: 991.138: Total time for which application threads were stopped: 0.0000523 seconds, Stopping threads took: 0.0000120 seconds
2017-10-30T11:44:56.859+0530: 991.138: Total time for which application threads were stopped: 0.0000547 seconds, Stopping threads took: 0.0000126 seconds
2017-10-30T11:44:56.859+0530: 991.138: Total time for which application threads were stopped: 0.0000454 seconds, Stopping threads took: 0.0000095 seconds
2017-10-30T11:44:56.859+0530: 991.138: Total time for which application threads were stopped: 0.0000406 seconds, Stopping threads took: 0.0000079 seconds
2017-10-30T11:44:56.859+0530: 991.138: Total time for which application threads were stopped: 0.0001353 seconds, Stopping threads took: 0.0000082 seconds
2017-10-30T11:44:57.859+0530: 992.138: Total time for which application threads were stopped: 0.0001760 seconds, Stopping threads took: 0.0000357 seconds
2017-10-30T11:44:58.859+0530: 993.138: Total time for which application threads were stopped: 0.0000998 seconds, Stopping threads took: 0.0000245 seconds
2017-10-30T11:45:00.860+0530: 995.139: Total time for which application threads were stopped: 0.0001096 seconds, Stopping threads took: 0.0000299 seconds
2017-10-30T11:45:02.611+0530: 996.890: Total time for which application threads were stopped: 0.0023157 seconds, Stopping threads took: 0.0022320 seconds
{Heap before GC invocations=25 (full 1):
 par new generation   total 109248K, used 109248K [0x00000000e0000000, 0x00000000e8000000, 0x00000000e8000000)
  eden space 87424K, 100% used [0x00000000e0000000, 0x00000000e5560000, 0x00000000e5560000)
  from space 21824K, 100% used [0x00000000e6ab0000, 0x00000000e8000000, 0x00000000e8000000)
  to   space 21824K,   0% used [0x00000000e5560000, 0x00000000e5560000, 0x00000000e6ab0000)
 concurrent mark-sweep generation total 393216K, used 50306K [0x00000000e8000000, 0x0000000100000000, 0x0000000100000000)
 Metaspace       used 33566K, capacity 34128K, committed 34456K, reserved 1079296K
  class space    used 3772K, capacity 3960K, committed 3992K, reserved 1048576K
2017-10-30T11:45:03.486+0530: 997.765: [GC (Allocation Failure) 2017-10-30T11:45:03.486+0530: 997.766: [ParNew
Desired survivor size 20112992 bytes, new threshold 8 (max 8)
- age   1:    7675952 bytes,    7675952 total
- age   2:    1805432 bytes,    9481384 total
- age   3:    2165744 bytes,   11647128 total
- age   4:    2379080 bytes,   14026208 total
- age   5:    1509560 bytes,   15535768 total
- age   6:    1368712 bytes,   16904480 total
- age   7:     740168 bytes,   17644648 total
: 109248K->21824K(109248K), 0.0341299 secs] 159554K->76670K(502464K), 0.0342179 secs] [Times: user=0.08 sys=0.00, real=0.03 secs] 
Heap after GC invocations=26 (full 1):
 par new generation   total 109248K, used 21824K [0x00000000e0000000, 0x00000000e8000000, 0x00000000e8000000)
  eden space 87424K,   0% used [0x00000000e0000000, 0x00000000e0000000, 0x00000000e5560000)
  from space 21824K, 100% used [0x00000000e5560000, 0x00000000e6ab0000, 0x00000000e6ab0000)
  to   space 21824K,   0% used [0x00000000e6ab0000, 0x00000000e6ab0000, 0x00000000e8000000)
 concurrent mark-sweep generation total 393216K, used 54846K [0x00000000e8000000, 0x0000000100000000, 0x0000000100000000)
 Metaspace       used 33566K, capacity 34128K, committed 34456K, reserved 1079296K
  class space    used 3772K, capacity 3960K, committed 3992K, reserved 1048576K
}
2017-10-30T11:45:03.521+0530: 997.800: Total time for which application threads were stopped: 0.0344330 seconds, Stopping threads took: 0.0000478 seconds
2017-10-30T11:45:04.895+0530: 999.174: Total time for which application threads were stopped: 0.0001027 seconds, Stopping threads took: 0.0000311 seconds
2017-10-30T11:45:04.975+0530: 999.254: Total time for which application threads were stopped: 0.0001930 seconds, Stopping threads took: 0.0000702 seconds
2017-10-30T11:45:04.983+0530: 999.262: Total time for which application threads were stopped: 0.0014481 seconds, Stopping threads took: 0.0013153 seconds
2017-10-30T11:45:04.985+0530: 999.264: Total time for which application threads were stopped: 0.0001577 seconds, Stopping threads took: 0.0000646 seconds
2017-10-30T11:45:04.985+0530: 999.264: Total time for which application threads were stopped: 0.0000806 seconds, Stopping threads took: 0.0000275 seconds
2017-10-30T11:45:04.985+0530: 999.264: Total time for which application threads were stopped: 0.0000531 seconds, Stopping threads took: 0.0000218 seconds
2017-10-30T11:45:04.985+0530: 999.264: Total time for which application threads were stopped: 0.0000544 seconds, Stopping threads took: 0.0000238 seconds
2017-10-30T11:45:04.985+0530: 999.265: Total time for which application threads were stopped: 0.0000466 seconds, Stopping threads took: 0.0000184 seconds
2017-10-30T11:45:04.985+0530: 999.265: Total time for which application threads were stopped: 0.0000509 seconds, Stopping threads took: 0.0000223 seconds
2017-10-30T11:45:04.986+0530: 999.265: Total time for which application threads were stopped: 0.0000464 seconds, Stopping threads took: 0.0000159 seconds
2017-10-30T11:45:04.986+0530: 999.265: Total time for which application threads were stopped: 0.0000428 seconds, Stopping threads took: 0.0000150 seconds
2017-10-30T11:45:04.986+0530: 999.265: Total time for which application threads were stopped: 0.0000456 seconds, Stopping threads took: 0.0000147 seconds
2017-10-30T11:45:04.986+0530: 999.265: Total time for which application threads were stopped: 0.0001306 seconds, Stopping threads took: 0.0000145 seconds
2017-10-30T11:45:05.102+0530: 999.381: Total time for which application threads were stopped: 0.0003876 seconds, Stopping threads took: 0.0001482 seconds
{Heap before GC invocations=26 (full 1):
 par new generation   total 109248K, used 109248K [0x00000000e0000000, 0x00000000e8000000, 0x00000000e8000000)
  eden space 87424K, 100% used [0x00000000e0000000, 0x00000000e5560000, 0x00000000e5560000)
  from space 21824K, 100% used [0x00000000e5560000, 0x00000000e6ab0000, 0x00000000e6ab0000)
  to   space 21824K,   0% used [0x00000000e6ab0000, 0x00000000e6ab0000, 0x00000000e8000000)
 concurrent mark-sweep generation total 393216K, used 54846K [0x00000000e8000000, 0x0000000100000000, 0x0000000100000000)
 Metaspace       used 33579K, capacity 34128K, committed 34456K, reserved 1079296K
  class space    used 3772K, capacity 3960K, committed 3992K, reserved 1048576K
2017-10-30T11:45:05.283+0530: 999.562: [GC (Allocation Failure) 2017-10-30T11:45:05.283+0530: 999.562: [ParNew
Desired survivor size 20112992 bytes, new threshold 8 (max 8)
- age   1:    6829864 bytes,    6829864 total
- age   2:    2884208 bytes,    9714072 total
- age   3:    1727688 bytes,   11441760 total
- age   4:    2165096 bytes,   13606856 total
- age   5:    2321064 bytes,   15927920 total
- age   6:    1509496 bytes,   17437416 total
- age   7:    1233456 bytes,   18670872 total
- age   8:     740000 bytes,   19410872 total
: 109248K->21824K(109248K), 0.0809327 secs] 164094K->78216K(502464K), 0.0810743 secs] [Times: user=0.14 sys=0.00, real=0.08 secs] 
Heap after GC invocations=27 (full 1):
 par new generation   total 109248K, used 21824K [0x00000000e0000000, 0x00000000e8000000, 0x00000000e8000000)
  eden space 87424K,   0% used [0x00000000e0000000, 0x00000000e0000000, 0x00000000e5560000)
  from space 21824K, 100% used [0x00000000e6ab0000, 0x00000000e8000000, 0x00000000e8000000)
  to   space 21824K,   0% used [0x00000000e5560000, 0x00000000e5560000, 0x00000000e6ab0000)
 concurrent mark-sweep generation total 393216K, used 56392K [0x00000000e8000000, 0x0000000100000000, 0x0000000100000000)
 Metaspace       used 33579K, capacity 34128K, committed 34456K, reserved 1079296K
  class space    used 3772K, capacity 3960K, committed 3992K, reserved 1048576K
}
2017-10-30T11:45:05.364+0530: 999.643: Total time for which application threads were stopped: 0.0814947 seconds, Stopping threads took: 0.0000781 seconds
2017-10-30T11:45:07.364+0530: 1001.643: Total time for which application threads were stopped: 0.0001066 seconds, Stopping threads took: 0.0000281 seconds
2017-10-30T11:45:08.365+0530: 1002.644: Total time for which application threads were stopped: 0.0001500 seconds, Stopping threads took: 0.0000420 seconds
2017-10-30T11:45:10.365+0530: 1004.644: Total time for which application threads were stopped: 0.0001606 seconds, Stopping threads took: 0.0000723 seconds
2017-10-30T11:45:12.365+0530: 1006.645: Total time for which application threads were stopped: 0.0001402 seconds, Stopping threads took: 0.0000392 seconds
2017-10-30T11:45:13.366+0530: 1007.645: Total time for which application threads were stopped: 0.0001973 seconds, Stopping threads took: 0.0000441 seconds
{Heap before GC invocations=27 (full 1):
 par new generation   total 109248K, used 109248K [0x00000000e0000000, 0x00000000e8000000, 0x00000000e8000000)
  eden space 87424K, 100% used [0x00000000e0000000, 0x00000000e5560000, 0x00000000e5560000)
  from space 21824K, 100% used [0x00000000e6ab0000, 0x00000000e8000000, 0x00000000e8000000)
  to   space 21824K,   0% used [0x00000000e5560000, 0x00000000e5560000, 0x00000000e6ab0000)
 concurrent mark-sweep generation total 393216K, used 56392K [0x00000000e8000000, 0x0000000100000000, 0x0000000100000000)
 Metaspace       used 33606K, capacity 34192K, committed 34456K, reserved 1079296K
  class space    used 3772K, capacity 3960K, committed 3992K, reserved 1048576K
2017-10-30T11:45:13.538+0530: 1007.817: [GC (Allocation Failure) 2017-10-30T11:45:13.538+0530: 1007.817: [ParNew
Desired survivor size 20112992 bytes, new threshold 8 (max 8)
- age   1:    9074136 bytes,    9074136 total
- age   2:    1772680 bytes,   10846816 total
- age   3:    1543984 bytes,   12390800 total
- age   4:    1070520 bytes,   13461320 total
- age   5:    2068936 bytes,   15530256 total
- age   6:    2259088 bytes,   17789344 total
- age   7:    1468192 bytes,   19257536 total
- age   8:    1232248 bytes,   20489784 total
: 109248K->21824K(109248K), 0.0428596 secs] 165640K->81326K(502464K), 0.0429796 secs] [Times: user=0.09 sys=0.00, real=0.04 secs] 
Heap after GC invocations=28 (full 1):
 par new generation   total 109248K, used 21824K [0x00000000e0000000, 0x00000000e8000000, 0x00000000e8000000)
  eden space 87424K,   0% used [0x00000000e0000000, 0x00000000e0000000, 0x00000000e5560000)
  from space 21824K, 100% used [0x00000000e5560000, 0x00000000e6ab0000, 0x00000000e6ab0000)
  to   space 21824K,   0% used [0x00000000e6ab0000, 0x00000000e6ab0000, 0x00000000e8000000)
 concurrent mark-sweep generation total 393216K, used 59502K [0x00000000e8000000, 0x0000000100000000, 0x0000000100000000)
 Metaspace       used 33606K, capacity 34192K, committed 34456K, reserved 1079296K
  class space    used 3772K, capacity 3960K, committed 3992K, reserved 1048576K
}
2017-10-30T11:45:13.581+0530: 1007.860: Total time for which application threads were stopped: 0.0432128 seconds, Stopping threads took: 0.0000408 seconds
2017-10-30T11:45:17.106+0530: 1011.385: Total time for which application threads were stopped: 0.0002106 seconds, Stopping threads took: 0.0000421 seconds
2017-10-30T11:45:18.106+0530: 1012.386: Total time for which application threads were stopped: 0.0000993 seconds, Stopping threads took: 0.0000275 seconds
2017-10-30T11:45:19.107+0530: 1013.386: Total time for which application threads were stopped: 0.0001083 seconds, Stopping threads took: 0.0000272 seconds
2017-10-30T11:45:20.107+0530: 1014.386: Total time for which application threads were stopped: 0.0001739 seconds, Stopping threads took: 0.0000419 seconds
{Heap before GC invocations=28 (full 1):
 par new generation   total 109248K, used 109248K [0x00000000e0000000, 0x00000000e8000000, 0x00000000e8000000)
  eden space 87424K, 100% used [0x00000000e0000000, 0x00000000e5560000, 0x00000000e5560000)
  from space 21824K, 100% used [0x00000000e5560000, 0x00000000e6ab0000, 0x00000000e6ab0000)
  to   space 21824K,   0% used [0x00000000e6ab0000, 0x00000000e6ab0000, 0x00000000e8000000)
 concurrent mark-sweep generation total 393216K, used 59502K [0x00000000e8000000, 0x0000000100000000, 0x0000000100000000)
 Metaspace       used 33635K, capacity 34256K, committed 34456K, reserved 1079296K
  class space    used 3772K, capacity 3960K, committed 3992K, reserved 1048576K
2017-10-30T11:45:21.469+0530: 1015.748: [GC (Allocation Failure) 2017-10-30T11:45:21.469+0530: 1015.748: [ParNew
Desired survivor size 20112992 bytes, new threshold 7 (max 8)
- age   1:   10062128 bytes,   10062128 total
- age   2:    1630280 bytes,   11692408 total
- age   3:    1760080 bytes,   13452488 total
- age   4:    1531712 bytes,   14984200 total
- age   5:    1058576 bytes,   16042776 total
- age   6:    1902968 bytes,   17945744 total
- age   7:    2201656 bytes,   20147400 total
- age   8:    1398768 bytes,   21546168 total
: 109248K->21824K(109248K), 0.0294188 secs] 168750K->84335K(502464K), 0.0295098 secs] [Times: user=0.06 sys=0.01, real=0.03 secs] 
Heap after GC invocations=29 (full 1):
 par new generation   total 109248K, used 21824K [0x00000000e0000000, 0x00000000e8000000, 0x00000000e8000000)
  eden space 87424K,   0% used [0x00000000e0000000, 0x00000000e0000000, 0x00000000e5560000)
  from space 21824K, 100% used [0x00000000e6ab0000, 0x00000000e8000000, 0x00000000e8000000)
  to   space 21824K,   0% used [0x00000000e5560000, 0x00000000e5560000, 0x00000000e6ab0000)
 concurrent mark-sweep generation total 393216K, used 62511K [0x00000000e8000000, 0x0000000100000000, 0x0000000100000000)
 Metaspace       used 33635K, capacity 34256K, committed 34456K, reserved 1079296K
  class space    used 3772K, capacity 3960K, committed 3992K, reserved 1048576K
}
2017-10-30T11:45:21.499+0530: 1015.778: Total time for which application threads were stopped: 0.0297566 seconds, Stopping threads took: 0.0000550 seconds
2017-10-30T11:45:24.499+0530: 1018.778: Total time for which application threads were stopped: 0.0001023 seconds, Stopping threads took: 0.0000278 seconds
2017-10-30T11:45:24.926+0530: 1019.205: Total time for which application threads were stopped: 0.0000977 seconds, Stopping threads took: 0.0000246 seconds
2017-10-30T11:45:25.926+0530: 1020.205: Total time for which application threads were stopped: 0.0001156 seconds, Stopping threads took: 0.0000315 seconds
2017-10-30T11:45:27.379+0530: 1021.658: Total time for which application threads were stopped: 0.0001071 seconds, Stopping threads took: 0.0000239 seconds
{Heap before GC invocations=29 (full 1):
 par new generation   total 109248K, used 109248K [0x00000000e0000000, 0x00000000e8000000, 0x00000000e8000000)
  eden space 87424K, 100% used [0x00000000e0000000, 0x00000000e5560000, 0x00000000e5560000)
  from space 21824K, 100% used [0x00000000e6ab0000, 0x00000000e8000000, 0x00000000e8000000)
  to   space 21824K,   0% used [0x00000000e5560000, 0x00000000e5560000, 0x00000000e6ab0000)
 concurrent mark-sweep generation total 393216K, used 62511K [0x00000000e8000000, 0x0000000100000000, 0x0000000100000000)
 Metaspace       used 33648K, capacity 34256K, committed 34456K, reserved 1079296K
  class space    used 3772K, capacity 3960K, committed 3992K, reserved 1048576K
2017-10-30T11:45:27.923+0530: 1022.202: [GC (Allocation Failure) 2017-10-30T11:45:27.923+0530: 1022.202: [ParNew
Desired survivor size 20112992 bytes, new threshold 7 (max 8)
- age   1:   11425272 bytes,   11425272 total
- age   2:    1971632 bytes,   13396904 total
- age   3:    1614392 bytes,   15011296 total
- age   4:    1760080 bytes,   16771376 total
- age   5:    1531560 bytes,   18302936 total
- age   6:    1058416 bytes,   19361352 total
- age   7:    1902392 bytes,   21263744 total
: 109248K->21824K(109248K), 0.0369563 secs] 171759K->88035K(502464K), 0.0370408 secs] [Times: user=0.07 sys=0.01, real=0.04 secs] 
Heap after GC invocations=30 (full 1):
 par new generation   total 109248K, used 21824K [0x00000000e0000000, 0x00000000e8000000, 0x00000000e8000000)
  eden space 87424K,   0% used [0x00000000e0000000, 0x00000000e0000000, 0x00000000e5560000)
  from space 21824K, 100% used [0x00000000e5560000, 0x00000000e6ab0000, 0x00000000e6ab0000)
  to   space 21824K,   0% used [0x00000000e6ab0000, 0x00000000e6ab0000, 0x00000000e8000000)
 concurrent mark-sweep generation total 393216K, used 66211K [0x00000000e8000000, 0x0000000100000000, 0x0000000100000000)
 Metaspace       used 33648K, capacity 34256K, committed 34456K, reserved 1079296K
  class space    used 3772K, capacity 3960K, committed 3992K, reserved 1048576K
}
2017-10-30T11:45:27.960+0530: 1022.239: Total time for which application threads were stopped: 0.0372416 seconds, Stopping threads took: 0.0000280 seconds
2017-10-30T11:45:28.211+0530: 1022.490: Total time for which application threads were stopped: 0.0001103 seconds, Stopping threads took: 0.0000286 seconds
2017-10-30T11:45:29.136+0530: 1023.415: Total time for which application threads were stopped: 0.0005475 seconds, Stopping threads took: 0.0004484 seconds
2017-10-30T11:45:29.256+0530: 1023.535: Total time for which application threads were stopped: 0.0001409 seconds, Stopping threads took: 0.0000324 seconds
2017-10-30T11:45:29.256+0530: 1023.535: Total time for which application threads were stopped: 0.0001046 seconds, Stopping threads took: 0.0000231 seconds
2017-10-30T11:45:29.903+0530: 1024.182: Total time for which application threads were stopped: 0.0001671 seconds, Stopping threads took: 0.0000281 seconds
2017-10-30T11:45:30.904+0530: 1025.183: Total time for which application threads were stopped: 0.0001515 seconds, Stopping threads took: 0.0000619 seconds
2017-10-30T11:45:31.455+0530: 1025.734: Total time for which application threads were stopped: 0.0001459 seconds, Stopping threads took: 0.0000418 seconds
2017-10-30T11:45:31.831+0530: 1026.110: Total time for which application threads were stopped: 0.0001492 seconds, Stopping threads took: 0.0000342 seconds
2017-10-30T11:45:31.841+0530: 1026.120: Total time for which application threads were stopped: 0.0001152 seconds, Stopping threads took: 0.0000285 seconds
2017-10-30T11:45:31.874+0530: 1026.153: Total time for which application threads were stopped: 0.0018947 seconds, Stopping threads took: 0.0017558 seconds
{Heap before GC invocations=30 (full 1):
 par new generation   total 109248K, used 109248K [0x00000000e0000000, 0x00000000e8000000, 0x00000000e8000000)
  eden space 87424K, 100% used [0x00000000e0000000, 0x00000000e5560000, 0x00000000e5560000)
  from space 21824K, 100% used [0x00000000e5560000, 0x00000000e6ab0000, 0x00000000e6ab0000)
  to   space 21824K,   0% used [0x00000000e6ab0000, 0x00000000e6ab0000, 0x00000000e8000000)
 concurrent mark-sweep generation total 393216K, used 66211K [0x00000000e8000000, 0x0000000100000000, 0x0000000100000000)
 Metaspace       used 33699K, capacity 34320K, committed 34456K, reserved 1079296K
  class space    used 3773K, capacity 3960K, committed 3992K, reserved 1048576K
2017-10-30T11:45:32.313+0530: 1026.592: [GC (Allocation Failure) 2017-10-30T11:45:32.313+0530: 1026.592: [ParNew
Desired survivor size 20112992 bytes, new threshold 8 (max 8)
- age   1:    4961600 bytes,    4961600 total
- age   2:    4469864 bytes,    9431464 total
- age   3:    1924112 bytes,   11355576 total
- age   4:    1550232 bytes,   12905808 total
- age   5:    1588704 bytes,   14494512 total
- age   6:    1496976 bytes,   15991488 total
- age   7:     640672 bytes,   16632160 total
: 109248K->21824K(109248K), 0.0921945 secs] 175459K->91746K(502464K), 0.0923587 secs] [Times: user=0.16 sys=0.01, real=0.09 secs] 
Heap after GC invocations=31 (full 1):
 par new generation   total 109248K, used 21824K [0x00000000e0000000, 0x00000000e8000000, 0x00000000e8000000)
  eden space 87424K,   0% used [0x00000000e0000000, 0x00000000e0000000, 0x00000000e5560000)
  from space 21824K, 100% used [0x00000000e6ab0000, 0x00000000e8000000, 0x00000000e8000000)
  to   space 21824K,   0% used [0x00000000e5560000, 0x00000000e5560000, 0x00000000e6ab0000)
 concurrent mark-sweep generation total 393216K, used 69922K [0x00000000e8000000, 0x0000000100000000, 0x0000000100000000)
 Metaspace       used 33699K, capacity 34320K, committed 34456K, reserved 1079296K
  class space    used 3773K, capacity 3960K, committed 3992K, reserved 1048576K
}
2017-10-30T11:45:32.406+0530: 1026.685: Total time for which application threads were stopped: 0.0929577 seconds, Stopping threads took: 0.0002251 seconds
2017-10-30T11:45:33.406+0530: 1027.685: Total time for which application threads were stopped: 0.0002190 seconds, Stopping threads took: 0.0000454 seconds
2017-10-30T11:45:35.483+0530: 1029.762: Total time for which application threads were stopped: 0.0002456 seconds, Stopping threads took: 0.0000472 seconds
2017-10-30T11:45:35.483+0530: 1029.762: Total time for which application threads were stopped: 0.0001629 seconds, Stopping threads took: 0.0000254 seconds
2017-10-30T11:45:35.483+0530: 1029.762: Total time for which application threads were stopped: 0.0001290 seconds, Stopping threads took: 0.0000187 seconds
2017-10-30T11:45:35.483+0530: 1029.762: Total time for which application threads were stopped: 0.0001150 seconds, Stopping threads took: 0.0000225 seconds
2017-10-30T11:45:35.483+0530: 1029.763: Total time for which application threads were stopped: 0.0001215 seconds, Stopping threads took: 0.0000237 seconds
2017-10-30T11:45:37.484+0530: 1031.763: Total time for which application threads were stopped: 0.0000968 seconds, Stopping threads took: 0.0000254 seconds
2017-10-30T11:45:40.310+0530: 1034.589: Total time for which application threads were stopped: 0.0001502 seconds, Stopping threads took: 0.0000386 seconds
2017-10-30T11:45:40.425+0530: 1034.704: Total time for which application threads were stopped: 0.0001089 seconds, Stopping threads took: 0.0000235 seconds
2017-10-30T11:45:40.447+0530: 1034.727: Total time for which application threads were stopped: 0.0002050 seconds, Stopping threads took: 0.0000364 seconds
2017-10-30T11:45:40.467+0530: 1034.746: Total time for which application threads were stopped: 0.0001643 seconds, Stopping threads took: 0.0000323 seconds
2017-10-30T11:45:40.510+0530: 1034.789: Total time for which application threads were stopped: 0.0001185 seconds, Stopping threads took: 0.0000271 seconds
2017-10-30T11:45:41.510+0530: 1035.789: Total time for which application threads were stopped: 0.0001437 seconds, Stopping threads took: 0.0000360 seconds
{Heap before GC invocations=31 (full 1):
 par new generation   total 109248K, used 109248K [0x00000000e0000000, 0x00000000e8000000, 0x00000000e8000000)
  eden space 87424K, 100% used [0x00000000e0000000, 0x00000000e5560000, 0x00000000e5560000)
  from space 21824K, 100% used [0x00000000e6ab0000, 0x00000000e8000000, 0x00000000e8000000)
  to   space 21824K,   0% used [0x00000000e5560000, 0x00000000e5560000, 0x00000000e6ab0000)
 concurrent mark-sweep generation total 393216K, used 69922K [0x00000000e8000000, 0x0000000100000000, 0x0000000100000000)
 Metaspace       used 33751K, capacity 34320K, committed 34456K, reserved 1079296K
  class space    used 3773K, capacity 3960K, committed 3992K, reserved 1048576K
2017-10-30T11:45:42.228+0530: 1036.507: [GC (Allocation Failure) 2017-10-30T11:45:42.228+0530: 1036.507: [ParNew
Desired survivor size 20112992 bytes, new threshold 8 (max 8)
- age   1:    6422280 bytes,    6422280 total
- age   2:    3628656 bytes,   10050936 total
- age   3:    1761128 bytes,   11812064 total
- age   4:    1923224 bytes,   13735288 total
- age   5:    1549488 bytes,   15284776 total
- age   6:    1588704 bytes,   16873480 total
- age   7:    1496976 bytes,   18370456 total
- age   8:     640672 bytes,   19011128 total
: 109248K->21824K(109248K), 0.0290596 secs] 179170K->92139K(502464K), 0.0291343 secs] [Times: user=0.06 sys=0.00, real=0.02 secs] 
Heap after GC invocations=32 (full 1):
 par new generation   total 109248K, used 21824K [0x00000000e0000000, 0x00000000e8000000, 0x00000000e8000000)
  eden space 87424K,   0% used [0x00000000e0000000, 0x00000000e0000000, 0x00000000e5560000)
  from space 21824K, 100% used [0x00000000e5560000, 0x00000000e6ab0000, 0x00000000e6ab0000)
  to   space 21824K,   0% used [0x00000000e6ab0000, 0x00000000e6ab0000, 0x00000000e8000000)
 concurrent mark-sweep generation total 393216K, used 70315K [0x00000000e8000000, 0x0000000100000000, 0x0000000100000000)
 Metaspace       used 33751K, capacity 34320K, committed 34456K, reserved 1079296K
  class space    used 3773K, capacity 3960K, committed 3992K, reserved 1048576K
}
2017-10-30T11:45:42.257+0530: 1036.536: Total time for which application threads were stopped: 0.0293245 seconds, Stopping threads took: 0.0000235 seconds
2017-10-30T11:45:43.257+0530: 1037.537: Total time for which application threads were stopped: 0.0001255 seconds, Stopping threads took: 0.0000314 seconds
2017-10-30T11:45:47.258+0530: 1041.537: Total time for which application threads were stopped: 0.0002134 seconds, Stopping threads took: 0.0000451 seconds
2017-10-30T11:45:48.875+0530: 1043.154: Total time for which application threads were stopped: 0.0001596 seconds, Stopping threads took: 0.0000365 seconds
2017-10-30T11:45:49.875+0530: 1044.154: Total time for which application threads were stopped: 0.0001708 seconds, Stopping threads took: 0.0000414 seconds
2017-10-30T11:45:55.492+0530: 1049.771: Total time for which application threads were stopped: 0.0001530 seconds, Stopping threads took: 0.0000337 seconds
2017-10-30T11:45:55.499+0530: 1049.778: Total time for which application threads were stopped: 0.0001538 seconds, Stopping threads took: 0.0000436 seconds
2017-10-30T11:45:55.509+0530: 1049.788: Total time for which application threads were stopped: 0.0001442 seconds, Stopping threads took: 0.0000381 seconds
2017-10-30T11:45:55.609+0530: 1049.889: Total time for which application threads were stopped: 0.0008965 seconds, Stopping threads took: 0.0000929 seconds
{Heap before GC invocations=32 (full 1):
 par new generation   total 109248K, used 109246K [0x00000000e0000000, 0x00000000e8000000, 0x00000000e8000000)
  eden space 87424K,  99% used [0x00000000e0000000, 0x00000000e555fb40, 0x00000000e5560000)
  from space 21824K, 100% used [0x00000000e5560000, 0x00000000e6ab0000, 0x00000000e6ab0000)
  to   space 21824K,   0% used [0x00000000e6ab0000, 0x00000000e6ab0000, 0x00000000e8000000)
 concurrent mark-sweep generation total 393216K, used 70315K [0x00000000e8000000, 0x0000000100000000, 0x0000000100000000)
 Metaspace       used 33797K, capacity 34320K, committed 34456K, reserved 1079296K
  class space    used 3775K, capacity 3960K, committed 3992K, reserved 1048576K
2017-10-30T11:45:55.932+0530: 1050.211: [GC (Allocation Failure) 2017-10-30T11:45:55.932+0530: 1050.211: [ParNew
Desired survivor size 20112992 bytes, new threshold 8 (max 8)
- age   1:    4474392 bytes,    4474392 total
- age   2:    2776584 bytes,    7250976 total
- age   3:    3399880 bytes,   10650856 total
- age   4:    1633968 bytes,   12284824 total
- age   5:    1923144 bytes,   14207968 total
- age   6:    1549360 bytes,   15757328 total
- age   7:    1588704 bytes,   17346032 total
- age   8:    1496784 bytes,   18842816 total
: 109246K->21824K(109248K), 0.0523066 secs] 179562K->93127K(502464K), 0.0524176 secs] [Times: user=0.13 sys=0.00, real=0.05 secs] 
Heap after GC invocations=33 (full 1):
 par new generation   total 109248K, used 21824K [0x00000000e0000000, 0x00000000e8000000, 0x00000000e8000000)
  eden space 87424K,   0% used [0x00000000e0000000, 0x00000000e0000000, 0x00000000e5560000)
  from space 21824K, 100% used [0x00000000e6ab0000, 0x00000000e8000000, 0x00000000e8000000)
  to   space 21824K,   0% used [0x00000000e5560000, 0x00000000e5560000, 0x00000000e6ab0000)
 concurrent mark-sweep generation total 393216K, used 71303K [0x00000000e8000000, 0x0000000100000000, 0x0000000100000000)
 Metaspace       used 33797K, capacity 34320K, committed 34456K, reserved 1079296K
  class space    used 3775K, capacity 3960K, committed 3992K, reserved 1048576K
}
2017-10-30T11:45:55.984+0530: 1050.263: Total time for which application threads were stopped: 0.0528431 seconds, Stopping threads took: 0.0000416 seconds
2017-10-30T11:45:56.535+0530: 1050.814: Total time for which application threads were stopped: 0.0002663 seconds, Stopping threads took: 0.0000499 seconds
2017-10-30T11:45:56.542+0530: 1050.821: Total time for which application threads were stopped: 0.0003996 seconds, Stopping threads took: 0.0000950 seconds
2017-10-30T11:45:56.745+0530: 1051.024: Total time for which application threads were stopped: 0.0002454 seconds, Stopping threads took: 0.0000349 seconds
2017-10-30T11:45:56.746+0530: 1051.025: Total time for which application threads were stopped: 0.0001959 seconds, Stopping threads took: 0.0000407 seconds
2017-10-30T11:45:56.746+0530: 1051.025: Total time for which application threads were stopped: 0.0001153 seconds, Stopping threads took: 0.0000156 seconds
2017-10-30T11:45:57.453+0530: 1051.732: Total time for which application threads were stopped: 0.0003494 seconds, Stopping threads took: 0.0000424 seconds
2017-10-30T11:45:57.454+0530: 1051.733: Total time for which application threads were stopped: 0.0002057 seconds, Stopping threads took: 0.0000349 seconds
2017-10-30T11:45:57.463+0530: 1051.742: Total time for which application threads were stopped: 0.0002895 seconds, Stopping threads took: 0.0000830 seconds
2017-10-30T11:45:57.463+0530: 1051.742: Total time for which application threads were stopped: 0.0002523 seconds, Stopping threads took: 0.0000874 seconds
2017-10-30T11:45:57.463+0530: 1051.742: Total time for which application threads were stopped: 0.0002157 seconds, Stopping threads took: 0.0000748 seconds
2017-10-30T11:45:58.464+0530: 1052.743: Total time for which application threads were stopped: 0.0001545 seconds, Stopping threads took: 0.0000575 seconds
2017-10-30T11:46:00.442+0530: 1054.721: Total time for which application threads were stopped: 0.0001033 seconds, Stopping threads took: 0.0000408 seconds
2017-10-30T11:46:00.480+0530: 1054.759: Total time for which application threads were stopped: 0.0001189 seconds, Stopping threads took: 0.0000244 seconds
2017-10-30T11:46:00.492+0530: 1054.772: Total time for which application threads were stopped: 0.0001557 seconds, Stopping threads took: 0.0000300 seconds
2017-10-30T11:46:00.500+0530: 1054.779: Total time for which application threads were stopped: 0.0001205 seconds, Stopping threads took: 0.0000275 seconds
2017-10-30T11:46:01.500+0530: 1055.779: Total time for which application threads were stopped: 0.0002921 seconds, Stopping threads took: 0.0000380 seconds
2017-10-30T11:46:05.860+0530: 1060.139: Total time for which application threads were stopped: 0.0001811 seconds, Stopping threads took: 0.0000362 seconds
2017-10-30T11:46:05.861+0530: 1060.141: Total time for which application threads were stopped: 0.0001826 seconds, Stopping threads took: 0.0000408 seconds
2017-10-30T11:46:05.862+0530: 1060.141: Total time for which application threads were stopped: 0.0001606 seconds, Stopping threads took: 0.0000393 seconds
2017-10-30T11:46:05.862+0530: 1060.141: Total time for which application threads were stopped: 0.0002417 seconds, Stopping threads took: 0.0001437 seconds
2017-10-30T11:46:05.862+0530: 1060.142: Total time for which application threads were stopped: 0.0000915 seconds, Stopping threads took: 0.0000318 seconds
2017-10-30T11:46:06.863+0530: 1061.142: Total time for which application threads were stopped: 0.0001091 seconds, Stopping threads took: 0.0000279 seconds
2017-10-30T11:46:30.372+0530: 1084.652: Total time for which application threads were stopped: 0.0002681 seconds, Stopping threads took: 0.0000502 seconds
2017-10-30T11:46:31.373+0530: 1085.652: Total time for which application threads were stopped: 0.0001871 seconds, Stopping threads took: 0.0000649 seconds
2017-10-30T11:47:27.408+0530: 1141.687: Total time for which application threads were stopped: 0.0249718 seconds, Stopping threads took: 0.0245820 seconds
2017-10-30T11:48:41.801+0530: 1216.080: Total time for which application threads were stopped: 0.0079227 seconds, Stopping threads took: 0.0000380 seconds
2017-10-30T11:48:41.885+0530: 1216.164: Total time for which application threads were stopped: 0.0007895 seconds, Stopping threads took: 0.0000252 seconds
2017-10-30T11:48:41.893+0530: 1216.172: Total time for which application threads were stopped: 0.0006804 seconds, Stopping threads took: 0.0000250 seconds
2017-10-30T11:48:41.914+0530: 1216.193: Total time for which application threads were stopped: 0.0007638 seconds, Stopping threads took: 0.0000262 seconds
2017-10-30T11:48:41.925+0530: 1216.204: Total time for which application threads were stopped: 0.0006235 seconds, Stopping threads took: 0.0000232 seconds
2017-10-30T11:48:41.952+0530: 1216.231: Total time for which application threads were stopped: 0.0006516 seconds, Stopping threads took: 0.0000226 seconds
2017-10-30T11:48:42.952+0530: 1217.231: Total time for which application threads were stopped: 0.0002053 seconds, Stopping threads took: 0.0000420 seconds
2017-10-30T11:48:53.898+0530: 1228.177: Total time for which application threads were stopped: 0.0001245 seconds, Stopping threads took: 0.0000269 seconds
2017-10-30T11:48:53.900+0530: 1228.179: Total time for which application threads were stopped: 0.0001688 seconds, Stopping threads took: 0.0000664 seconds
2017-10-30T11:48:53.933+0530: 1228.212: Total time for which application threads were stopped: 0.0001357 seconds, Stopping threads took: 0.0000548 seconds
2017-10-30T11:48:53.942+0530: 1228.221: Total time for which application threads were stopped: 0.0001673 seconds, Stopping threads took: 0.0000694 seconds
2017-10-30T11:48:54.942+0530: 1229.221: Total time for which application threads were stopped: 0.0002052 seconds, Stopping threads took: 0.0000385 seconds
2017-10-30T11:51:32.968+0530: 1387.247: Total time for which application threads were stopped: 0.0002363 seconds, Stopping threads took: 0.0000799 seconds
2017-10-30T11:55:40.661+0530: 1634.940: Total time for which application threads were stopped: 0.0152922 seconds, Stopping threads took: 0.0151630 seconds
2017-10-30T11:55:40.727+0530: 1635.006: Total time for which application threads were stopped: 0.0003599 seconds, Stopping threads took: 0.0001187 seconds
2017-10-30T11:55:40.737+0530: 1635.016: Total time for which application threads were stopped: 0.0098172 seconds, Stopping threads took: 0.0000888 seconds
2017-10-30T11:55:40.802+0530: 1635.081: Total time for which application threads were stopped: 0.0024615 seconds, Stopping threads took: 0.0022722 seconds
2017-10-30T11:55:40.802+0530: 1635.081: Total time for which application threads were stopped: 0.0004228 seconds, Stopping threads took: 0.0001817 seconds
2017-10-30T11:55:41.577+0530: 1635.856: Total time for which application threads were stopped: 0.0016343 seconds, Stopping threads took: 0.0000336 seconds
2017-10-30T11:55:41.722+0530: 1636.001: Total time for which application threads were stopped: 0.0002719 seconds, Stopping threads took: 0.0000902 seconds
2017-10-30T11:55:41.724+0530: 1636.003: Total time for which application threads were stopped: 0.0001647 seconds, Stopping threads took: 0.0000356 seconds
2017-10-30T11:55:41.724+0530: 1636.004: Total time for which application threads were stopped: 0.0001246 seconds, Stopping threads took: 0.0000274 seconds
2017-10-30T11:55:41.725+0530: 1636.004: Total time for which application threads were stopped: 0.0001214 seconds, Stopping threads took: 0.0000323 seconds
2017-10-30T11:55:41.744+0530: 1636.023: Total time for which application threads were stopped: 0.0001853 seconds, Stopping threads took: 0.0000357 seconds
2017-10-30T11:55:41.744+0530: 1636.024: Total time for which application threads were stopped: 0.0001294 seconds, Stopping threads took: 0.0000241 seconds
2017-10-30T11:55:41.745+0530: 1636.024: Total time for which application threads were stopped: 0.0001264 seconds, Stopping threads took: 0.0000292 seconds
2017-10-30T11:55:41.745+0530: 1636.024: Total time for which application threads were stopped: 0.0001272 seconds, Stopping threads took: 0.0000315 seconds
2017-10-30T11:55:41.745+0530: 1636.024: Total time for which application threads were stopped: 0.0001192 seconds, Stopping threads took: 0.0000245 seconds
2017-10-30T11:55:41.745+0530: 1636.024: Total time for which application threads were stopped: 0.0001203 seconds, Stopping threads took: 0.0000285 seconds
2017-10-30T11:55:41.745+0530: 1636.024: Total time for which application threads were stopped: 0.0001058 seconds, Stopping threads took: 0.0000252 seconds
2017-10-30T11:55:41.745+0530: 1636.025: Total time for which application threads were stopped: 0.0000978 seconds, Stopping threads took: 0.0000184 seconds
2017-10-30T11:55:41.746+0530: 1636.025: Total time for which application threads were stopped: 0.0001021 seconds, Stopping threads took: 0.0000192 seconds
2017-10-30T11:55:41.746+0530: 1636.025: Total time for which application threads were stopped: 0.0000977 seconds, Stopping threads took: 0.0000185 seconds
2017-10-30T11:55:41.746+0530: 1636.025: Total time for which application threads were stopped: 0.0000929 seconds, Stopping threads took: 0.0000139 seconds
2017-10-30T11:55:41.746+0530: 1636.025: Total time for which application threads were stopped: 0.0001054 seconds, Stopping threads took: 0.0000261 seconds
2017-10-30T11:55:41.746+0530: 1636.025: Total time for which application threads were stopped: 0.0001034 seconds, Stopping threads took: 0.0000248 seconds
2017-10-30T11:55:41.746+0530: 1636.026: Total time for which application threads were stopped: 0.0001084 seconds, Stopping threads took: 0.0000287 seconds
2017-10-30T11:55:41.747+0530: 1636.026: Total time for which application threads were stopped: 0.0001091 seconds, Stopping threads took: 0.0000289 seconds
2017-10-30T11:55:41.747+0530: 1636.026: Total time for which application threads were stopped: 0.0001087 seconds, Stopping threads took: 0.0000291 seconds
2017-10-30T11:55:41.747+0530: 1636.026: Total time for which application threads were stopped: 0.0001074 seconds, Stopping threads took: 0.0000284 seconds
2017-10-30T11:55:41.747+0530: 1636.026: Total time for which application threads were stopped: 0.0002854 seconds, Stopping threads took: 0.0000250 seconds
2017-10-30T11:55:41.747+0530: 1636.027: Total time for which application threads were stopped: 0.0000990 seconds, Stopping threads took: 0.0000157 seconds
2017-10-30T11:55:41.748+0530: 1636.027: Total time for which application threads were stopped: 0.0000994 seconds, Stopping threads took: 0.0000156 seconds
2017-10-30T11:55:41.748+0530: 1636.027: Total time for which application threads were stopped: 0.0000922 seconds, Stopping threads took: 0.0000140 seconds
2017-10-30T11:55:41.774+0530: 1636.053: Total time for which application threads were stopped: 0.0001769 seconds, Stopping threads took: 0.0000344 seconds
2017-10-30T11:55:41.784+0530: 1636.064: Total time for which application threads were stopped: 0.0010759 seconds, Stopping threads took: 0.0009273 seconds
2017-10-30T11:55:41.798+0530: 1636.077: Total time for which application threads were stopped: 0.0002384 seconds, Stopping threads took: 0.0000895 seconds
2017-10-30T11:55:41.799+0530: 1636.078: Total time for which application threads were stopped: 0.0001710 seconds, Stopping threads took: 0.0000383 seconds
2017-10-30T11:55:41.810+0530: 1636.089: Total time for which application threads were stopped: 0.0003561 seconds, Stopping threads took: 0.0000423 seconds
2017-10-30T11:55:41.821+0530: 1636.100: Total time for which application threads were stopped: 0.0002817 seconds, Stopping threads took: 0.0001504 seconds
2017-10-30T11:55:41.841+0530: 1636.120: Total time for which application threads were stopped: 0.0001963 seconds, Stopping threads took: 0.0000563 seconds
2017-10-30T11:55:41.866+0530: 1636.145: Total time for which application threads were stopped: 0.0002052 seconds, Stopping threads took: 0.0000784 seconds
2017-10-30T11:55:41.867+0530: 1636.146: Total time for which application threads were stopped: 0.0001501 seconds, Stopping threads took: 0.0000235 seconds
2017-10-30T11:55:41.868+0530: 1636.147: Total time for which application threads were stopped: 0.0002058 seconds, Stopping threads took: 0.0000929 seconds
2017-10-30T11:55:41.879+0530: 1636.158: Total time for which application threads were stopped: 0.0001805 seconds, Stopping threads took: 0.0000462 seconds
{Heap before GC invocations=33 (full 1):
 par new generation   total 109248K, used 109248K [0x00000000e0000000, 0x00000000e8000000, 0x00000000e8000000)
  eden space 87424K, 100% used [0x00000000e0000000, 0x00000000e5560000, 0x00000000e5560000)
  from space 21824K, 100% used [0x00000000e6ab0000, 0x00000000e8000000, 0x00000000e8000000)
  to   space 21824K,   0% used [0x00000000e5560000, 0x00000000e5560000, 0x00000000e6ab0000)
 concurrent mark-sweep generation total 393216K, used 71303K [0x00000000e8000000, 0x0000000100000000, 0x0000000100000000)
 Metaspace       used 34733K, capacity 35312K, committed 35608K, reserved 1081344K
  class space    used 3881K, capacity 4056K, committed 4120K, reserved 1048576K
2017-10-30T11:55:41.917+0530: 1636.197: [GC (Allocation Failure) 2017-10-30T11:55:41.918+0530: 1636.197: [ParNew
Desired survivor size 20112992 bytes, new threshold 8 (max 8)
- age   1:    6167448 bytes,    6167448 total
- age   2:     438040 bytes,    6605488 total
- age   3:    1343376 bytes,    7948864 total
- age   4:    3212616 bytes,   11161480 total
- age   5:    1489072 bytes,   12650552 total
- age   6:    1805504 bytes,   14456056 total
- age   7:    1420152 bytes,   15876208 total
- age   8:    1539432 bytes,   17415640 total
: 109248K->21824K(109248K), 0.2733950 secs] 180551K->95652K(502464K), 0.2736719 secs] [Times: user=0.14 sys=0.02, real=0.28 secs] 
Heap after GC invocations=34 (full 1):
 par new generation   total 109248K, used 21824K [0x00000000e0000000, 0x00000000e8000000, 0x00000000e8000000)
  eden space 87424K,   0% used [0x00000000e0000000, 0x00000000e0000000, 0x00000000e5560000)
  from space 21824K, 100% used [0x00000000e5560000, 0x00000000e6ab0000, 0x00000000e6ab0000)
  to   space 21824K,   0% used [0x00000000e6ab0000, 0x00000000e6ab0000, 0x00000000e8000000)
 concurrent mark-sweep generation total 393216K, used 73828K [0x00000000e8000000, 0x0000000100000000, 0x0000000100000000)
 Metaspace       used 34733K, capacity 35312K, committed 35608K, reserved 1081344K
  class space    used 3881K, capacity 4056K, committed 4120K, reserved 1048576K
}
2017-10-30T11:55:42.191+0530: 1636.470: Total time for which application threads were stopped: 0.3030392 seconds, Stopping threads took: 0.0002318 seconds
2017-10-30T11:55:42.284+0530: 1636.563: Total time for which application threads were stopped: 0.0001649 seconds, Stopping threads took: 0.0000378 seconds
2017-10-30T11:55:42.497+0530: 1636.776: Total time for which application threads were stopped: 0.0001173 seconds, Stopping threads took: 0.0000336 seconds
2017-10-30T11:55:42.497+0530: 1636.776: Total time for which application threads were stopped: 0.0000977 seconds, Stopping threads took: 0.0000281 seconds
2017-10-30T11:55:42.498+0530: 1636.777: Total time for which application threads were stopped: 0.0000661 seconds, Stopping threads took: 0.0000171 seconds
2017-10-30T11:55:42.498+0530: 1636.777: Total time for which application threads were stopped: 0.0000577 seconds, Stopping threads took: 0.0000142 seconds
Heap
 par new generation   total 109248K, used 22586K [0x00000000e0000000, 0x00000000e8000000, 0x00000000e8000000)
  eden space 87424K,   0% used [0x00000000e0000000, 0x00000000e00be9b8, 0x00000000e5560000)
  from space 21824K, 100% used [0x00000000e5560000, 0x00000000e6ab0000, 0x00000000e6ab0000)
  to   space 21824K,   0% used [0x00000000e6ab0000, 0x00000000e6ab0000, 0x00000000e8000000)
 concurrent mark-sweep generation total 393216K, used 73828K [0x00000000e8000000, 0x0000000100000000, 0x0000000100000000)
 Metaspace       used 34751K, capacity 35312K, committed 35608K, reserved 1081344K
  class space    used 3885K, capacity 4056K, committed 4120K, reserved 1048576K
